Archive member included to satisfy reference by file (symbol)

C:/NXP/S32DS.3.5/S32DS/build_tools/gcc_b1620/gcc-6.3-arm32-eabi/arm-none-eabi/newlib/lib/thumb/v7e-m/fpv4-sp/hard\libc_nano.a(lib_a-exit.o)
                              C:/NXP/S32DS.3.5/S32DS/build_tools/gcc_b1620/gcc-6.3-arm32-eabi/arm-none-eabi/newlib/lib/thumb/v7e-m/fpv4-sp/hard/crt0.o (exit)
C:/NXP/S32DS.3.5/S32DS/build_tools/gcc_b1620/gcc-6.3-arm32-eabi/arm-none-eabi/newlib/lib/thumb/v7e-m/fpv4-sp/hard\libc_nano.a(lib_a-impure.o)
                              C:/NXP/S32DS.3.5/S32DS/build_tools/gcc_b1620/gcc-6.3-arm32-eabi/arm-none-eabi/newlib/lib/thumb/v7e-m/fpv4-sp/hard\libc_nano.a(lib_a-exit.o) (_global_impure_ptr)
C:/NXP/S32DS.3.5/S32DS/build_tools/gcc_b1620/gcc-6.3-arm32-eabi/arm-none-eabi/newlib/lib/thumb/v7e-m/fpv4-sp/hard\libc_nano.a(lib_a-init.o)
                              C:/NXP/S32DS.3.5/S32DS/build_tools/gcc_b1620/gcc-6.3-arm32-eabi/arm-none-eabi/newlib/lib/thumb/v7e-m/fpv4-sp/hard/crt0.o (__libc_init_array)
C:/NXP/S32DS.3.5/S32DS/build_tools/gcc_b1620/gcc-6.3-arm32-eabi/arm-none-eabi/newlib/lib/thumb/v7e-m/fpv4-sp/hard\libc_nano.a(lib_a-memset.o)
                              C:/NXP/S32DS.3.5/S32DS/build_tools/gcc_b1620/gcc-6.3-arm32-eabi/arm-none-eabi/newlib/lib/thumb/v7e-m/fpv4-sp/hard/crt0.o (memset)
C:/NXP/S32DS.3.5/S32DS/build_tools/gcc_b1620/gcc-6.3-arm32-eabi/arm-none-eabi/newlib/lib/thumb/v7e-m/fpv4-sp/hard\libnosys.a(_exit.o)
                              C:/NXP/S32DS.3.5/S32DS/build_tools/gcc_b1620/gcc-6.3-arm32-eabi/arm-none-eabi/newlib/lib/thumb/v7e-m/fpv4-sp/hard\libc_nano.a(lib_a-exit.o) (_exit)

Discarded input sections

 .text          0x00000000        0x0 c:/nxp/s32ds.3.5/s32ds/build_tools/gcc_b1620/gcc-6.3-arm32-eabi/bin/../lib/gcc/arm-none-eabi/6.3.1/thumb/v7e-m/fpv4-sp/hard/crti.o
 .data          0x00000000        0x0 c:/nxp/s32ds.3.5/s32ds/build_tools/gcc_b1620/gcc-6.3-arm32-eabi/bin/../lib/gcc/arm-none-eabi/6.3.1/thumb/v7e-m/fpv4-sp/hard/crti.o
 .bss           0x00000000        0x0 c:/nxp/s32ds.3.5/s32ds/build_tools/gcc_b1620/gcc-6.3-arm32-eabi/bin/../lib/gcc/arm-none-eabi/6.3.1/thumb/v7e-m/fpv4-sp/hard/crti.o
 .text          0x00000000       0xa4 c:/nxp/s32ds.3.5/s32ds/build_tools/gcc_b1620/gcc-6.3-arm32-eabi/bin/../lib/gcc/arm-none-eabi/6.3.1/thumb/v7e-m/fpv4-sp/hard/crtbegin.o
 .data          0x00000000        0x4 c:/nxp/s32ds.3.5/s32ds/build_tools/gcc_b1620/gcc-6.3-arm32-eabi/bin/../lib/gcc/arm-none-eabi/6.3.1/thumb/v7e-m/fpv4-sp/hard/crtbegin.o
 .bss           0x00000000       0x1c c:/nxp/s32ds.3.5/s32ds/build_tools/gcc_b1620/gcc-6.3-arm32-eabi/bin/../lib/gcc/arm-none-eabi/6.3.1/thumb/v7e-m/fpv4-sp/hard/crtbegin.o
 .init_array    0x00000000        0x4 c:/nxp/s32ds.3.5/s32ds/build_tools/gcc_b1620/gcc-6.3-arm32-eabi/bin/../lib/gcc/arm-none-eabi/6.3.1/thumb/v7e-m/fpv4-sp/hard/crtbegin.o
 .fini_array    0x00000000        0x4 c:/nxp/s32ds.3.5/s32ds/build_tools/gcc_b1620/gcc-6.3-arm32-eabi/bin/../lib/gcc/arm-none-eabi/6.3.1/thumb/v7e-m/fpv4-sp/hard/crtbegin.o
 .eh_frame      0x00000000        0x0 c:/nxp/s32ds.3.5/s32ds/build_tools/gcc_b1620/gcc-6.3-arm32-eabi/bin/../lib/gcc/arm-none-eabi/6.3.1/thumb/v7e-m/fpv4-sp/hard/crtbegin.o
 .jcr           0x00000000        0x0 c:/nxp/s32ds.3.5/s32ds/build_tools/gcc_b1620/gcc-6.3-arm32-eabi/bin/../lib/gcc/arm-none-eabi/6.3.1/thumb/v7e-m/fpv4-sp/hard/crtbegin.o
 .tm_clone_table
                0x00000000        0x0 c:/nxp/s32ds.3.5/s32ds/build_tools/gcc_b1620/gcc-6.3-arm32-eabi/bin/../lib/gcc/arm-none-eabi/6.3.1/thumb/v7e-m/fpv4-sp/hard/crtbegin.o
 .comment       0x00000000       0x7f c:/nxp/s32ds.3.5/s32ds/build_tools/gcc_b1620/gcc-6.3-arm32-eabi/bin/../lib/gcc/arm-none-eabi/6.3.1/thumb/v7e-m/fpv4-sp/hard/crtbegin.o
 .ARM.attributes
                0x00000000       0x34 c:/nxp/s32ds.3.5/s32ds/build_tools/gcc_b1620/gcc-6.3-arm32-eabi/bin/../lib/gcc/arm-none-eabi/6.3.1/thumb/v7e-m/fpv4-sp/hard/crtbegin.o
 .text          0x00000000       0x7c C:/NXP/S32DS.3.5/S32DS/build_tools/gcc_b1620/gcc-6.3-arm32-eabi/arm-none-eabi/newlib/lib/thumb/v7e-m/fpv4-sp/hard/crt0.o
 .data          0x00000000        0x0 C:/NXP/S32DS.3.5/S32DS/build_tools/gcc_b1620/gcc-6.3-arm32-eabi/arm-none-eabi/newlib/lib/thumb/v7e-m/fpv4-sp/hard/crt0.o
 .bss           0x00000000        0x0 C:/NXP/S32DS.3.5/S32DS/build_tools/gcc_b1620/gcc-6.3-arm32-eabi/arm-none-eabi/newlib/lib/thumb/v7e-m/fpv4-sp/hard/crt0.o
 .ARM.extab     0x00000000        0x0 C:/NXP/S32DS.3.5/S32DS/build_tools/gcc_b1620/gcc-6.3-arm32-eabi/arm-none-eabi/newlib/lib/thumb/v7e-m/fpv4-sp/hard/crt0.o
 .ARM.exidx     0x00000000       0x10 C:/NXP/S32DS.3.5/S32DS/build_tools/gcc_b1620/gcc-6.3-arm32-eabi/arm-none-eabi/newlib/lib/thumb/v7e-m/fpv4-sp/hard/crt0.o
 .ARM.attributes
                0x00000000       0x20 C:/NXP/S32DS.3.5/S32DS/build_tools/gcc_b1620/gcc-6.3-arm32-eabi/arm-none-eabi/newlib/lib/thumb/v7e-m/fpv4-sp/hard/crt0.o
 .data          0x00000000        0x0 ./Project_Settings/Startup_Code/startup_S32K144.o
[...]
Memory Configuration

Name             Origin             Length             Attributes
m_interrupts     0x00000000         0x00000400         xr
m_flash_config   0x00000400         0x00000010         xr
m_text           0x00000410         0x0007fbf0         xr
m_data           0x1fff8000         0x00008000         rw
m_data_2         0x20000000         0x00007000         rw
*default*        0x00000000         0xffffffff

Linker script and memory map

LOAD c:/nxp/s32ds.3.5/s32ds/build_tools/gcc_b1620/gcc-6.3-arm32-eabi/bin/../lib/gcc/arm-none-eabi/6.3.1/thumb/v7e-m/fpv4-sp/hard/crti.o
LOAD c:/nxp/s32ds.3.5/s32ds/build_tools/gcc_b1620/gcc-6.3-arm32-eabi/bin/../lib/gcc/arm-none-eabi/6.3.1/thumb/v7e-m/fpv4-sp/hard/crtbegin.o
LOAD C:/NXP/S32DS.3.5/S32DS/build_tools/gcc_b1620/gcc-6.3-arm32-eabi/arm-none-eabi/newlib/lib/thumb/v7e-m/fpv4-sp/hard/crt0.o
LOAD ./Project_Settings/Startup_Code/startup_S32K144.o
LOAD ./SDK/platform/devices/S32K144/startup/system_S32K144.o
LOAD ./SDK/platform/devices/startup.o
LOAD ./SDK/platform/drivers/src/adc/adc_driver.o
LOAD ./SDK/platform/drivers/src/clock/S32K1xx/clock_S32K1xx.o
LOAD ./SDK/platform/drivers/src/edma/edma_driver.o
LOAD ./SDK/platform/drivers/src/edma/edma_hw_access.o
LOAD ./SDK/platform/drivers/src/edma/edma_irq.o
LOAD ./SDK/platform/drivers/src/flexcan/flexcan_driver.o
LOAD ./SDK/platform/drivers/src/flexcan/flexcan_hw_access.o
LOAD ./SDK/platform/drivers/src/flexcan/flexcan_irq.o
LOAD ./SDK/platform/drivers/src/interrupt/interrupt_manager.o
LOAD ./SDK/platform/drivers/src/pdb/pdb_driver.o
LOAD ./SDK/platform/drivers/src/pdb/pdb_hw_access.o
LOAD ./SDK/platform/drivers/src/pins/pins_driver.o
LOAD ./SDK/platform/drivers/src/pins/pins_port_hw_access.o
LOAD ./SDK/platform/drivers/src/trgmux/trgmux_driver.o
LOAD ./SDK/platform/drivers/src/trgmux/trgmux_hw_access.o
LOAD ./SDK/platform/pal/src/adc/adc_irq.o
LOAD ./SDK/platform/pal/src/adc/adc_pal.o
LOAD ./SDK/platform/pal/src/can/can_pal.o
LOAD ./SDK/rtos/osif/osif_baremetal.o
LOAD ./board/clock_config.o
LOAD ./board/peripherals_adc_config_1.o
LOAD ./board/peripherals_adc_pal_1.o
LOAD ./board/peripherals_can_pal1.o
LOAD ./board/peripherals_osif1.o
LOAD ./board/pin_mux.o
LOAD ./src/main.o
START GROUP
LOAD c:/nxp/s32ds.3.5/s32ds/build_tools/gcc_b1620/gcc-6.3-arm32-eabi/bin/../lib/gcc/arm-none-eabi/6.3.1/thumb/v7e-m/fpv4-sp/hard\libgcc.a
LOAD C:/NXP/S32DS.3.5/S32DS/build_tools/gcc_b1620/gcc-6.3-arm32-eabi/arm-none-eabi/newlib/lib/thumb/v7e-m/fpv4-sp/hard\libc_nano.a
END GROUP
START GROUP
LOAD c:/nxp/s32ds.3.5/s32ds/build_tools/gcc_b1620/gcc-6.3-arm32-eabi/bin/../lib/gcc/arm-none-eabi/6.3.1/thumb/v7e-m/fpv4-sp/hard\libgcc.a
LOAD C:/NXP/S32DS.3.5/S32DS/build_tools/gcc_b1620/gcc-6.3-arm32-eabi/arm-none-eabi/newlib/lib/thumb/v7e-m/fpv4-sp/hard\libc_nano.a
LOAD C:/NXP/S32DS.3.5/S32DS/build_tools/gcc_b1620/gcc-6.3-arm32-eabi/arm-none-eabi/newlib/lib/thumb/v7e-m/fpv4-sp/hard\libnosys.a
END GROUP
START GROUP
LOAD c:/nxp/s32ds.3.5/s32ds/build_tools/gcc_b1620/gcc-6.3-arm32-eabi/bin/../lib/gcc/arm-none-eabi/6.3.1/thumb/v7e-m/fpv4-sp/hard\libgcc.a
LOAD C:/NXP/S32DS.3.5/S32DS/build_tools/gcc_b1620/gcc-6.3-arm32-eabi/arm-none-eabi/newlib/lib/thumb/v7e-m/fpv4-sp/hard\libc_nano.a
LOAD C:/NXP/S32DS.3.5/S32DS/build_tools/gcc_b1620/gcc-6.3-arm32-eabi/arm-none-eabi/newlib/lib/thumb/v7e-m/fpv4-sp/hard\libnosys.a
END GROUP
LOAD c:/nxp/s32ds.3.5/s32ds/build_tools/gcc_b1620/gcc-6.3-arm32-eabi/bin/../lib/gcc/arm-none-eabi/6.3.1/thumb/v7e-m/fpv4-sp/hard/crtend.o
LOAD c:/nxp/s32ds.3.5/s32ds/build_tools/gcc_b1620/gcc-6.3-arm32-eabi/bin/../lib/gcc/arm-none-eabi/6.3.1/thumb/v7e-m/fpv4-sp/hard/crtn.o
                0x00000400                HEAP_SIZE = DEFINED (__heap_size__)?__heap_size__:0x400
                0x00000400                STACK_SIZE = DEFINED (__stack_size__)?__stack_size__:0x400
                0x00000400                M_VECTOR_RAM_SIZE = DEFINED (__flash_vector_table__)?0x0:0x400

.interrupts     0x00000000      0x400
                0x00000000                __VECTOR_TABLE = .
                0x00000000                __interrupts_start__ = .
                0x00000000                . = ALIGN (0x4)
 *(.isr_vector)
 .isr_vector    0x00000000      0x400 ./Project_Settings/Startup_Code/startup_S32K144.o
                0x00000000                __isr_vector
                0x00000400                __interrupts_end__ = .
                0x00000400                . = ALIGN (0x4)

.flash_config   0x00000400       0x10
                0x00000400                . = ALIGN (0x4)
 *(.FlashConfig)
 .FlashConfig   0x00000400       0x10 ./Project_Settings/Startup_Code/startup_S32K144.o
                0x00000410                . = ALIGN (0x4)

.text           0x00000410     0x361c
                0x00000410                . = ALIGN (0x4)
 *(.text)
 .text          0x00000410       0x6c ./Project_Settings/Startup_Code/startup_S32K144.o
                0x00000410                Reset_Handler
                0x00000478                DebugMon_Handler
                0x00000478                Reserved88_IRQHandler
                0x00000478                HardFault_Handler
                0x00000478                Reserved86_IRQHandler
                0x00000478                Reserved103_IRQHandler
                0x00000478                FTM2_Ovf_Reload_IRQHandler
                0x00000478                Reserved50_IRQHandler
                0x00000478                FTFC_Fault_IRQHandler
                0x00000478                FTM0_Ch6_Ch7_IRQHandler
                0x00000478                Reserved114_IRQHandler
                0x00000478                PendSV_Handler
                0x00000478                NMI_Handler
                0x00000478                Reserved89_IRQHandler
                0x00000478                ERM_double_fault_IRQHandler
                0x00000478                Reserved59_IRQHandler
                0x00000478                LPIT0_Ch0_IRQHandler
                0x00000478                Reserved99_IRQHandler
                0x00000478                FTM3_Ch6_Ch7_IRQHandler
                0x00000478                LPIT0_Ch3_IRQHandler
                0x00000478                Reserved92_IRQHandler
                0x00000478                FTM0_Ch4_Ch5_IRQHandler
                0x00000478                FTM3_Ch0_Ch1_IRQHandler
                0x00000478                SWI_IRQHandler
                0x00000478                FTM2_Ch4_Ch5_IRQHandler
                0x00000478                UsageFault_Handler
                0x00000478                FTM0_Ovf_Reload_IRQHandler
                0x00000478                DefaultISR
                0x00000478                Reserved58_IRQHandler
                0x00000478                FTM1_Ch2_Ch3_IRQHandler
                0x00000478                Reserved82_IRQHandler
                0x00000478                LPI2C0_Slave_IRQHandler
                0x00000478                Reserved71_IRQHandler
                0x00000478                PORTD_IRQHandler
                0x00000478                Reserved69_IRQHandler
                0x00000478                PORTB_IRQHandler
                0x00000478                Reserved70_IRQHandler
                0x00000478                FTM2_Ch2_Ch3_IRQHandler
                0x00000478                Reserved53_IRQHandler
                0x00000478                RTC_IRQHandler
                0x00000478                PDB0_IRQHandler
                0x00000478                Reserved54_IRQHandler
                0x00000478                FTM2_Ch6_Ch7_IRQHandler
                0x00000478                FTM3_Ch2_Ch3_IRQHandler
                0x00000478                FTM2_Ch0_Ch1_IRQHandler
                0x00000478                LPSPI1_IRQHandler
                0x00000478                LPUART1_RxTx_IRQHandler
                0x00000478                RTC_Seconds_IRQHandler
                0x00000478                Reserved72_IRQHandler
                0x00000478                Reserved110_IRQHandler
                0x00000478                Reserved107_IRQHandler
                0x00000478                Read_Collision_IRQHandler
                0x00000478                FTFC_IRQHandler
                0x00000478                FTM1_Ch6_Ch7_IRQHandler
                0x00000478                Reserved105_IRQHandler
                0x00000478                LPIT0_Ch1_IRQHandler
                0x00000478                FTM1_Ch4_Ch5_IRQHandler
                0x00000478                FTM3_Ovf_Reload_IRQHandler
                0x00000478                LPUART2_RxTx_IRQHandler
                0x00000478                LPSPI0_IRQHandler
                0x00000478                WDOG_EWM_IRQHandler
                0x00000478                MemManage_Handler
                0x00000478                Reserved90_IRQHandler
                0x00000478                Reserved83_IRQHandler
                0x00000478                FTM0_Fault_IRQHandler
                0x00000478                Reserved48_IRQHandler
                0x00000478                SVC_Handler
                0x00000478                ERM_single_fault_IRQHandler
                0x00000478                FTM2_Fault_IRQHandler
                0x00000478                FTM0_Ch2_Ch3_IRQHandler
                0x00000478                FTM0_Ch0_Ch1_IRQHandler
                0x00000478                FTM3_Fault_IRQHandler
                0x00000478                RCM_IRQHandler
                0x00000478                Reserved100_IRQHandler
                0x00000478                Reserved91_IRQHandler
                0x00000478                SCG_IRQHandler
                0x00000478                PDB1_IRQHandler
                0x00000478                Reserved81_IRQHandler
                0x00000478                Reserved46_IRQHandler
                0x00000478                Reserved45_IRQHandler
                0x00000478                Reserved112_IRQHandler
                0x00000478                LPI2C0_Master_IRQHandler
                0x00000478                FTM1_Fault_IRQHandler
                0x00000478                Reserved106_IRQHandler
                0x00000478                LVD_LVW_IRQHandler
                0x00000478                LPIT0_Ch2_IRQHandler
                0x00000478                PORTA_IRQHandler
                0x00000478                MCM_IRQHandler
                0x00000478                LPSPI2_IRQHandler
                0x00000478                FTM3_Ch4_Ch5_IRQHandler
                0x00000478                PORTE_IRQHandler
                0x00000478                LPUART0_RxTx_IRQHandler
                0x00000478                LPTMR0_IRQHandler
                0x00000478                BusFault_Handler
                0x00000478                Reserved87_IRQHandler
                0x00000478                FTM1_Ovf_Reload_IRQHandler
                0x00000478                Reserved93_IRQHandler
                0x00000478                CMP0_IRQHandler
                0x00000478                Reserved52_IRQHandler
                0x00000478                PORTC_IRQHandler
                0x00000478                FTM1_Ch0_Ch1_IRQHandler
                0x00000478                FLEXIO_IRQHandler
                0x00000478                Reserved113_IRQHandler
 *(.text*)
 .text.SystemInit
                0x0000047c       0x3c ./SDK/platform/devices/S32K144/startup/system_S32K144.o
                0x0000047c                SystemInit
 .text.init_data_bss
                0x000004b8       0xd8 ./SDK/platform/devices/startup.o
                0x000004b8                init_data_bss
 .text.ADC_DRV_GetChanResult
                0x00000590       0x30 ./SDK/platform/drivers/src/adc/adc_driver.o
                0x00000590                ADC_DRV_GetChanResult
 .text.CLOCK_SYS_GetCurrentRunMode
                0x000005c0       0x24 ./SDK/platform/drivers/src/clock/S32K1xx/clock_S32K1xx.o
 .text.CLOCK_SYS_GetSysOscFreq
                0x000005e4       0x1c ./SDK/platform/drivers/src/clock/S32K1xx/clock_S32K1xx.o
 .text.CLOCK_SYS_ConfigureSOSC
                0x00000600      0x12c ./SDK/platform/drivers/src/clock/S32K1xx/clock_S32K1xx.o
 .text.CLOCK_SYS_GetSircFreq
                0x0000072c       0x2c ./SDK/platform/drivers/src/clock/S32K1xx/clock_S32K1xx.o
 .text.CLOCK_SYS_ConfigureSIRC
                0x00000758       0xc4 ./SDK/platform/drivers/src/clock/S32K1xx/clock_S32K1xx.o
 .text.CLOCK_SYS_GetFircFreq
                0x0000081c       0x20 ./SDK/platform/drivers/src/clock/S32K1xx/clock_S32K1xx.o
 .text.CLOCK_SYS_ConfigureFIRC
                0x0000083c       0xb4 ./SDK/platform/drivers/src/clock/S32K1xx/clock_S32K1xx.o
 .text.CLOCK_SYS_GetSysPllFreq
                0x000008f0       0x44 ./SDK/platform/drivers/src/clock/S32K1xx/clock_S32K1xx.o
 .text.CLOCK_SYS_ConfigureSPLL
                0x00000934      0x12c ./SDK/platform/drivers/src/clock/S32K1xx/clock_S32K1xx.o
 .text.CLOCK_SYS_SetSystemClockConfig
                0x00000a60      0x204 ./SDK/platform/drivers/src/clock/S32K1xx/clock_S32K1xx.o
 .text.CLOCK_SYS_TransitionSystemClock
                0x00000c64       0x54 ./SDK/platform/drivers/src/clock/S32K1xx/clock_S32K1xx.o
 .text.CLOCK_DRV_Init
                0x00000cb8      0x610 ./SDK/platform/drivers/src/clock/S32K1xx/clock_S32K1xx.o
                0x00000cb8                CLOCK_DRV_Init
 .text.EDMA_DRV_ClearIntStatus
                0x000012c8       0x20 ./SDK/platform/drivers/src/edma/edma_driver.o
 .text.EDMA_DRV_InstallCallback
                0x000012e8       0x38 ./SDK/platform/drivers/src/edma/edma_driver.o
                0x000012e8                EDMA_DRV_InstallCallback
 .text.EDMA_DRV_IRQHandler
                0x00001320       0x20 ./SDK/platform/drivers/src/edma/edma_driver.o
                0x00001320                EDMA_DRV_IRQHandler
 .text.EDMA_DRV_ErrorIRQHandler
                0x00001340       0x40 ./SDK/platform/drivers/src/edma/edma_driver.o
                0x00001340                EDMA_DRV_ErrorIRQHandler
 .text.EDMA_DRV_ConfigSingleBlockTransfer
                0x00001380      0x1f0 ./SDK/platform/drivers/src/edma/edma_driver.o
                0x00001380                EDMA_DRV_ConfigSingleBlockTransfer
 .text.EDMA_DRV_StartChannel
                0x00001570       0x38 ./SDK/platform/drivers/src/edma/edma_driver.o
                0x00001570                EDMA_DRV_StartChannel
 .text.EDMA_DRV_StopChannel
                0x000015a8       0x38 ./SDK/platform/drivers/src/edma/edma_driver.o
                0x000015a8                EDMA_DRV_StopChannel
 .text.EDMA_DRV_DisableRequestsOnTransferComplete
                0x000015e0       0x58 ./SDK/platform/drivers/src/edma/edma_driver.o
                0x000015e0                EDMA_DRV_DisableRequestsOnTransferComplete
 .text.EDMA_DRV_GetDmaRegBaseAddr
                0x00001638       0x10 ./SDK/platform/drivers/src/edma/edma_driver.o
                0x00001638                EDMA_DRV_GetDmaRegBaseAddr
 .text.EDMA_SetDmaRequestCmd
                0x00001648        0xa ./SDK/platform/drivers/src/edma/edma_hw_access.o
                0x00001648                EDMA_SetDmaRequestCmd
 .text.EDMA_TCDClearReg
                0x00001652       0x4a ./SDK/platform/drivers/src/edma/edma_hw_access.o
                0x00001652                EDMA_TCDClearReg
 .text.EDMA_TCDSetAttribute
                0x0000169c       0x38 ./SDK/platform/drivers/src/edma/edma_hw_access.o
                0x0000169c                EDMA_TCDSetAttribute
 .text.EDMA_TCDSetNbytes
                0x000016d4       0x64 ./SDK/platform/drivers/src/edma/edma_hw_access.o
                0x000016d4                EDMA_TCDSetNbytes
 .text.EDMA_TCDSetMajorCount
                0x00001738       0x68 ./SDK/platform/drivers/src/edma/edma_hw_access.o
                0x00001738                EDMA_TCDSetMajorCount
 .text.DMA0_IRQHandler
                0x000017a0        0xa ./SDK/platform/drivers/src/edma/edma_irq.o
                0x000017a0                DMA0_IRQHandler
 .text.DMA1_IRQHandler
                0x000017aa        0xa ./SDK/platform/drivers/src/edma/edma_irq.o
                0x000017aa                DMA1_IRQHandler
 .text.DMA2_IRQHandler
                0x000017b4        0xa ./SDK/platform/drivers/src/edma/edma_irq.o
                0x000017b4                DMA2_IRQHandler
 .text.DMA3_IRQHandler
                0x000017be        0xa ./SDK/platform/drivers/src/edma/edma_irq.o
                0x000017be                DMA3_IRQHandler
 .text.DMA4_IRQHandler
                0x000017c8        0xa ./SDK/platform/drivers/src/edma/edma_irq.o
                0x000017c8                DMA4_IRQHandler
 .text.DMA5_IRQHandler
                0x000017d2        0xa ./SDK/platform/drivers/src/edma/edma_irq.o
                0x000017d2                DMA5_IRQHandler
 .text.DMA6_IRQHandler
                0x000017dc        0xa ./SDK/platform/drivers/src/edma/edma_irq.o
                0x000017dc                DMA6_IRQHandler
 .text.DMA7_IRQHandler
                0x000017e6        0xa ./SDK/platform/drivers/src/edma/edma_irq.o
                0x000017e6                DMA7_IRQHandler
 .text.DMA8_IRQHandler
                0x000017f0        0xa ./SDK/platform/drivers/src/edma/edma_irq.o
                0x000017f0                DMA8_IRQHandler
 .text.DMA9_IRQHandler
                0x000017fa        0xa ./SDK/platform/drivers/src/edma/edma_irq.o
                0x000017fa                DMA9_IRQHandler
 .text.DMA10_IRQHandler
                0x00001804        0xa ./SDK/platform/drivers/src/edma/edma_irq.o
                0x00001804                DMA10_IRQHandler
 .text.DMA11_IRQHandler
                0x0000180e        0xa ./SDK/platform/drivers/src/edma/edma_irq.o
                0x0000180e                DMA11_IRQHandler
 .text.DMA12_IRQHandler
                0x00001818        0xa ./SDK/platform/drivers/src/edma/edma_irq.o
                0x00001818                DMA12_IRQHandler
 .text.DMA13_IRQHandler
                0x00001822        0xa ./SDK/platform/drivers/src/edma/edma_irq.o
                0x00001822                DMA13_IRQHandler
 .text.DMA14_IRQHandler
                0x0000182c        0xa ./SDK/platform/drivers/src/edma/edma_irq.o
                0x0000182c                DMA14_IRQHandler
 .text.DMA15_IRQHandler
                0x00001836        0xa ./SDK/platform/drivers/src/edma/edma_irq.o
                0x00001836                DMA15_IRQHandler
 .text.DMA_Error_IRQHandler
                0x00001840       0x28 ./SDK/platform/drivers/src/edma/edma_irq.o
                0x00001840                DMA_Error_IRQHandler
 .text.FLEXCAN_SetTimeSegments
                0x00001868       0x4c ./SDK/platform/drivers/src/flexcan/flexcan_driver.o
 .text.FLEXCAN_SetExtendedTimeSegments
                0x000018b4       0x50 ./SDK/platform/drivers/src/flexcan/flexcan_driver.o
 .text.FLEXCAN_SetFDTimeSegments
                0x00001904       0x5c ./SDK/platform/drivers/src/flexcan/flexcan_driver.o
 .text.FLEXCAN_StartSendData
                0x00001960       0xb8 ./SDK/platform/drivers/src/flexcan/flexcan_driver.o
 .text.FLEXCAN_StartRxMessageBufferData
                0x00001a18       0x88 ./SDK/platform/drivers/src/flexcan/flexcan_driver.o
 .text.FLEXCAN_StartRxMessageFifoData
                0x00001aa0      0x110 ./SDK/platform/drivers/src/flexcan/flexcan_driver.o
 .text.FLEXCAN_CompleteRxMessageFifoData
                0x00001bb0       0xbc ./SDK/platform/drivers/src/flexcan/flexcan_driver.o
 .text.FLEXCAN_CompleteRxFifoDataDMA
                0x00001c6c       0x30 ./SDK/platform/drivers/src/flexcan/flexcan_driver.o
 .text.FLEXCAN_CompleteTransfer
                0x00001c9c       0x3c ./SDK/platform/drivers/src/flexcan/flexcan_driver.o
 .text.FLEXCAN_DRV_Init
                0x00001cd8      0x294 ./SDK/platform/drivers/src/flexcan/flexcan_driver.o
                0x00001cd8                FLEXCAN_DRV_Init
 .text.FLEXCAN_DRV_ConfigTxMb
                0x00001f6c       0x68 ./SDK/platform/drivers/src/flexcan/flexcan_driver.o
                0x00001f6c                FLEXCAN_DRV_ConfigTxMb
 .text.FLEXCAN_DRV_Send
                0x00001fd4       0x60 ./SDK/platform/drivers/src/flexcan/flexcan_driver.o
                0x00001fd4                FLEXCAN_DRV_Send
 .text.FLEXCAN_DRV_ConfigRxMb
                0x00002034       0x9c ./SDK/platform/drivers/src/flexcan/flexcan_driver.o
                0x00002034                FLEXCAN_DRV_ConfigRxMb
 .text.FLEXCAN_DRV_ConfigRxFifo
                0x000020d0       0x40 ./SDK/platform/drivers/src/flexcan/flexcan_driver.o
                0x000020d0                FLEXCAN_DRV_ConfigRxFifo
 .text.FLEXCAN_DRV_Receive
                0x00002110       0x34 ./SDK/platform/drivers/src/flexcan/flexcan_driver.o
                0x00002110                FLEXCAN_DRV_Receive
 .text.FLEXCAN_DRV_RxFifo
                0x00002144       0x12 ./SDK/platform/drivers/src/flexcan/flexcan_driver.o
                0x00002144                FLEXCAN_DRV_RxFifo
 *fill*         0x00002156        0x2 
 .text.FLEXCAN_BusOff_IRQHandler
                0x00002158       0x30 ./SDK/platform/drivers/src/flexcan/flexcan_driver.o
                0x00002158                FLEXCAN_BusOff_IRQHandler
 .text.FLEXCAN_IRQHandler
                0x00002188      0x248 ./SDK/platform/drivers/src/flexcan/flexcan_driver.o
                0x00002188                FLEXCAN_IRQHandler
 .text.FLEXCAN_Error_IRQHandler
                0x000023d0       0x30 ./SDK/platform/drivers/src/flexcan/flexcan_driver.o
                0x000023d0                FLEXCAN_Error_IRQHandler
 .text.FLEXCAN_WakeUpHandler
                0x00002400       0x74 ./SDK/platform/drivers/src/flexcan/flexcan_driver.o
                0x00002400                FLEXCAN_WakeUpHandler
 .text.FLEXCAN_DRV_GetTransferStatus
                0x00002474       0x2c ./SDK/platform/drivers/src/flexcan/flexcan_driver.o
                0x00002474                FLEXCAN_DRV_GetTransferStatus
 .text.FLEXCAN_ComputePayloadSize
                0x000024a0       0x36 ./SDK/platform/drivers/src/flexcan/flexcan_hw_access.o
 *fill*         0x000024d6        0x2 
 .text.FLEXCAN_GetMaxMbNum
                0x000024d8       0x2c ./SDK/platform/drivers/src/flexcan/flexcan_hw_access.o
                0x000024d8                FLEXCAN_GetMaxMbNum
 .text.FLEXCAN_Enable
                0x00002504       0x2a ./SDK/platform/drivers/src/flexcan/flexcan_hw_access.o
                0x00002504                FLEXCAN_Enable
 .text.FLEXCAN_Disable
                0x0000252e       0x18 ./SDK/platform/drivers/src/flexcan/flexcan_hw_access.o
                0x0000252e                FLEXCAN_Disable
 *fill*         0x00002546        0x2 
 .text.FLEXCAN_Init
                0x00002548       0x68 ./SDK/platform/drivers/src/flexcan/flexcan_hw_access.o
                0x00002548                FLEXCAN_Init
 .text.FLEXCAN_EnableRxFifo
                0x000025b0       0x54 ./SDK/platform/drivers/src/flexcan/flexcan_hw_access.o
                0x000025b0                FLEXCAN_EnableRxFifo
 .text.FLEXCAN_SetRxFifoFilter
                0x00002604      0x1dc ./SDK/platform/drivers/src/flexcan/flexcan_hw_access.o
                0x00002604                FLEXCAN_SetRxFifoFilter
 .text.FLEXCAN_SetMsgBuffIntCmd
                0x000027e0       0x24 ./SDK/platform/drivers/src/flexcan/flexcan_hw_access.o
                0x000027e0                FLEXCAN_SetMsgBuffIntCmd
 .text.FLEXCAN_ExitFreezeMode
                0x00002804       0x1a ./SDK/platform/drivers/src/flexcan/flexcan_hw_access.o
                0x00002804                FLEXCAN_ExitFreezeMode
 .text.FLEXCAN_EnterFreezeMode
                0x0000281e       0x9e ./SDK/platform/drivers/src/flexcan/flexcan_hw_access.o
                0x0000281e                FLEXCAN_EnterFreezeMode
 .text.FLEXCAN_ClearErrIntStatusFlag
                0x000028bc       0x18 ./SDK/platform/drivers/src/flexcan/flexcan_hw_access.o
                0x000028bc                FLEXCAN_ClearErrIntStatusFlag
 .text.FLEXCAN_ClearBusOffIntStatusFlag
                0x000028d4       0x14 ./SDK/platform/drivers/src/flexcan/flexcan_hw_access.o
                0x000028d4                FLEXCAN_ClearBusOffIntStatusFlag
 .text.FLEXCAN_ReadRxFifo
                0x000028e8       0x58 ./SDK/platform/drivers/src/flexcan/flexcan_hw_access.o
                0x000028e8                FLEXCAN_ReadRxFifo
 .text.FLEXCAN_SetOperationMode
                0x00002940       0x5e ./SDK/platform/drivers/src/flexcan/flexcan_hw_access.o
                0x00002940                FLEXCAN_SetOperationMode
 .text.FLEXCAN_IsOutOfRangeMbIdx
                0x0000299e       0x2e ./SDK/platform/drivers/src/flexcan/flexcan_hw_access.o
                0x0000299e                FLEXCAN_IsOutOfRangeMbIdx
 .text.FLEXCAN_SetPayloadSize
                0x000029cc       0x30 ./SDK/platform/drivers/src/flexcan/flexcan_hw_access.o
                0x000029cc                FLEXCAN_SetPayloadSize
 .text.FLEXCAN_GetPayloadSize
                0x000029fc       0x20 ./SDK/platform/drivers/src/flexcan/flexcan_hw_access.o
                0x000029fc                FLEXCAN_GetPayloadSize
 .text.FLEXCAN_GetMsgBuffRegion
                0x00002a1c       0x30 ./SDK/platform/drivers/src/flexcan/flexcan_hw_access.o
                0x00002a1c                FLEXCAN_GetMsgBuffRegion
 .text.FLEXCAN_SetRxMsgBuff
                0x00002a4c       0xcc ./SDK/platform/drivers/src/flexcan/flexcan_hw_access.o
                0x00002a4c                FLEXCAN_SetRxMsgBuff
 .text.FLEXCAN_LockRxMsgBuff
                0x00002b18        0xa ./SDK/platform/drivers/src/flexcan/flexcan_hw_access.o
                0x00002b18                FLEXCAN_LockRxMsgBuff
 *fill*         0x00002b22        0x2 
 .text.FLEXCAN_SetTxMsgBuff
                0x00002b24      0x1b8 ./SDK/platform/drivers/src/flexcan/flexcan_hw_access.o
                0x00002b24                FLEXCAN_SetTxMsgBuff
 .text.FLEXCAN_GetMsgBuff
                0x00002cdc       0x92 ./SDK/platform/drivers/src/flexcan/flexcan_hw_access.o
                0x00002cdc                FLEXCAN_GetMsgBuff
 .text.FLEXCAN_SetMaxMsgBuffNum
                0x00002d6e       0xaa ./SDK/platform/drivers/src/flexcan/flexcan_hw_access.o
                0x00002d6e                FLEXCAN_SetMaxMsgBuffNum
 .text.CAN0_ORed_IRQHandler
                0x00002e18        0xa ./SDK/platform/drivers/src/flexcan/flexcan_irq.o
                0x00002e18                CAN0_ORed_IRQHandler
 .text.CAN0_Error_IRQHandler
                0x00002e22        0xa ./SDK/platform/drivers/src/flexcan/flexcan_irq.o
                0x00002e22                CAN0_Error_IRQHandler
 .text.CAN0_Wake_Up_IRQHandler
                0x00002e2c        0xa ./SDK/platform/drivers/src/flexcan/flexcan_irq.o
                0x00002e2c                CAN0_Wake_Up_IRQHandler
 .text.CAN0_ORed_0_15_MB_IRQHandler
                0x00002e36        0xa ./SDK/platform/drivers/src/flexcan/flexcan_irq.o
                0x00002e36                CAN0_ORed_0_15_MB_IRQHandler
 .text.CAN0_ORed_16_31_MB_IRQHandler
                0x00002e40        0xa ./SDK/platform/drivers/src/flexcan/flexcan_irq.o
                0x00002e40                CAN0_ORed_16_31_MB_IRQHandler
 .text.CAN1_ORed_IRQHandler
                0x00002e4a        0xa ./SDK/platform/drivers/src/flexcan/flexcan_irq.o
                0x00002e4a                CAN1_ORed_IRQHandler
 .text.CAN1_Error_IRQHandler
                0x00002e54        0xa ./SDK/platform/drivers/src/flexcan/flexcan_irq.o
                0x00002e54                CAN1_Error_IRQHandler
 .text.CAN1_ORed_0_15_MB_IRQHandler
                0x00002e5e        0xa ./SDK/platform/drivers/src/flexcan/flexcan_irq.o
                0x00002e5e                CAN1_ORed_0_15_MB_IRQHandler
 .text.CAN2_ORed_IRQHandler
                0x00002e68        0xa ./SDK/platform/drivers/src/flexcan/flexcan_irq.o
                0x00002e68                CAN2_ORed_IRQHandler
 .text.CAN2_Error_IRQHandler
                0x00002e72        0xa ./SDK/platform/drivers/src/flexcan/flexcan_irq.o
                0x00002e72                CAN2_Error_IRQHandler
 .text.CAN2_ORed_0_15_MB_IRQHandler
                0x00002e7c        0xa ./SDK/platform/drivers/src/flexcan/flexcan_irq.o
                0x00002e7c                CAN2_ORed_0_15_MB_IRQHandler
 *fill*         0x00002e86        0x2 
 .text.INT_SYS_EnableIRQ
                0x00002e88       0x28 ./SDK/platform/drivers/src/interrupt/interrupt_manager.o
                0x00002e88                INT_SYS_EnableIRQ
 .text.INT_SYS_EnableIRQGlobal
                0x00002eb0       0x1c ./SDK/platform/drivers/src/interrupt/interrupt_manager.o
                0x00002eb0                INT_SYS_EnableIRQGlobal
 .text.INT_SYS_DisableIRQGlobal
                0x00002ecc       0x10 ./SDK/platform/drivers/src/interrupt/interrupt_manager.o
                0x00002ecc                INT_SYS_DisableIRQGlobal
 .text.PDB_DRV_SoftTriggerCmd
                0x00002edc       0x24 ./SDK/platform/drivers/src/pdb/pdb_driver.o
                0x00002edc                PDB_DRV_SoftTriggerCmd
 .text.PINS_DRV_Init
                0x00002f00       0x20 ./SDK/platform/drivers/src/pins/pins_driver.o
                0x00002f00                PINS_DRV_Init
 .text.PINS_GetAdcInterleaveVal
                0x00002f20       0x70 ./SDK/platform/drivers/src/pins/pins_port_hw_access.o
 .text.PINS_Init
                0x00002f90      0x138 ./SDK/platform/drivers/src/pins/pins_port_hw_access.o
                0x00002f90                PINS_Init
 .text.ADC0_IRQHandler
                0x000030c8        0xa ./SDK/platform/pal/src/adc/adc_irq.o
                0x000030c8                ADC0_IRQHandler
 .text.ADC1_IRQHandler
                0x000030d2        0xa ./SDK/platform/pal/src/adc/adc_irq.o
                0x000030d2                ADC1_IRQHandler
 .text.ADC_S32K1xx_IrqHandler
                0x000030dc       0xd0 ./SDK/platform/pal/src/adc/adc_pal.o
                0x000030dc                ADC_S32K1xx_IrqHandler
 .text.CAN_FindFlexCANState
                0x000031ac       0x14 ./SDK/platform/pal/src/can/can_pal.o
 .text.CAN_Init
                0x000031c0       0xfc ./SDK/platform/pal/src/can/can_pal.o
                0x000031c0                CAN_Init
 .text.CAN_ConfigTxBuff
                0x000032bc       0xa8 ./SDK/platform/pal/src/can/can_pal.o
                0x000032bc                CAN_ConfigTxBuff
 .text.CAN_ConfigRxBuff
                0x00003364       0xbc ./SDK/platform/pal/src/can/can_pal.o
                0x00003364                CAN_ConfigRxBuff
 .text.CAN_Send
                0x00003420       0xac ./SDK/platform/pal/src/can/can_pal.o
                0x00003420                CAN_Send
 .text.CAN_Receive
                0x000034cc       0x64 ./SDK/platform/pal/src/can/can_pal.o
                0x000034cc                CAN_Receive
 .text.CAN_GetTransferStatus
                0x00003530       0x50 ./SDK/platform/pal/src/can/can_pal.o
                0x00003530                CAN_GetTransferStatus
 .text.SysTick_Handler
                0x00003580       0x10 ./SDK/rtos/osif/osif_baremetal.o
                0x00003580                SysTick_Handler
 .text.OSIF_SemaPost
                0x00003590       0x2c ./SDK/rtos/osif/osif_baremetal.o
                0x00003590                OSIF_SemaPost
 .text.OSIF_SemaCreate
                0x000035bc       0x1a ./SDK/rtos/osif/osif_baremetal.o
                0x000035bc                OSIF_SemaCreate
 .text.OSIF_SemaDestroy
                0x000035d6        0xa ./SDK/rtos/osif/osif_baremetal.o
                0x000035d6                OSIF_SemaDestroy
 .text.ADCInit  0x000035e0       0x54 ./src/main.o
                0x000035e0                ADCInit
 .text.ReadADCValue
                0x00003634       0x1c ./src/main.o
                0x00003634                ReadADCValue
 .text.BoardInit
                0x00003650       0x20 ./src/main.o
                0x00003650                BoardInit
 .text.CheckCANRequest
                0x00003670      0x114 ./src/main.o
                0x00003670                CheckCANRequest
 .text.main     0x00003784       0x48 ./src/main.o
                0x00003784                main
 .text.memset   0x000037cc       0x10 C:/NXP/S32DS.3.5/S32DS/build_tools/gcc_b1620/gcc-6.3-arm32-eabi/arm-none-eabi/newlib/lib/thumb/v7e-m/fpv4-sp/hard\libc_nano.a(lib_a-memset.o)
                0x000037cc                memset
 *(.rodata)
 *(.rodata*)
 .rodata.s_adcBase
                0x000037dc        0x8 ./SDK/platform/drivers/src/adc/adc_driver.o
 .rodata.clockNameMappings
                0x000037e4       0x9e ./SDK/platform/drivers/src/clock/S32K1xx/clock_S32K1xx.o
                0x000037e4                clockNameMappings
 *fill*         0x00003882        0x2 
 .rodata.maxSysClksInHSRUN.7631
                0x00003884       0x54 ./SDK/platform/drivers/src/clock/S32K1xx/clock_S32K1xx.o
 .rodata.maxSysClksInRUN.7630
                0x000038d8       0x54 ./SDK/platform/drivers/src/clock/S32K1xx/clock_S32K1xx.o
 .rodata.maxSysClksInVLPR.7629
                0x0000392c       0x54 ./SDK/platform/drivers/src/clock/S32K1xx/clock_S32K1xx.o
 .rodata.fdInstances.7260
                0x00003980        0x3 ./SDK/platform/drivers/src/flexcan/flexcan_driver.o
 *fill*         0x00003983        0x1 
 .rodata.g_flexcanBase
                0x00003984        0xc ./SDK/platform/drivers/src/flexcan/flexcan_driver.o
 .rodata.g_flexcanBusOffIrqId
                0x00003990        0x3 ./SDK/platform/drivers/src/flexcan/flexcan_driver.o
 *fill*         0x00003993        0x1 
 .rodata.g_flexcanErrorIrqId
                0x00003994        0x3 ./SDK/platform/drivers/src/flexcan/flexcan_driver.o
 *fill*         0x00003997        0x1 
 .rodata.g_flexcanOredMessageBufferIrqId
                0x00003998        0x6 ./SDK/platform/drivers/src/flexcan/flexcan_driver.o
 *fill*         0x0000399e        0x2 
 .rodata.g_flexcanWakeUpIrqId
                0x000039a0        0x3 ./SDK/platform/drivers/src/flexcan/flexcan_driver.o
 *fill*         0x000039a3        0x1 
 .rodata.payload_code.7358
                0x000039a4       0x41 ./SDK/platform/drivers/src/flexcan/flexcan_hw_access.o
 *fill*         0x000039e5        0x3 
 .rodata.s_pdbBase
                0x000039e8        0x8 ./SDK/platform/drivers/src/pdb/pdb_driver.o
 .rodata.can_pal1_Config0
                0x000039f0       0x34 ./board/peripherals_can_pal1.o
                0x000039f0                can_pal1_Config0
 *(.init)
 .init          0x00003a24        0x4 c:/nxp/s32ds.3.5/s32ds/build_tools/gcc_b1620/gcc-6.3-arm32-eabi/bin/../lib/gcc/arm-none-eabi/6.3.1/thumb/v7e-m/fpv4-sp/hard/crti.o
                0x00003a24                _init
 *(.fini)
 .fini          0x00003a28        0x4 c:/nxp/s32ds.3.5/s32ds/build_tools/gcc_b1620/gcc-6.3-arm32-eabi/bin/../lib/gcc/arm-none-eabi/6.3.1/thumb/v7e-m/fpv4-sp/hard/crti.o
                0x00003a28                _fini
 *(.eh_frame)
                0x00003a2c                . = ALIGN (0x4)

.glue_7         0x00003a2c        0x0
 .glue_7        0x00003a2c        0x0 linker stubs

.glue_7t        0x00003a2c        0x0
 .glue_7t       0x00003a2c        0x0 linker stubs

.vfp11_veneer   0x00003a2c        0x0
 .vfp11_veneer  0x00003a2c        0x0 linker stubs

.v4_bx          0x00003a2c        0x0
 .v4_bx         0x00003a2c        0x0 linker stubs

.iplt           0x00003a2c        0x0
 .iplt          0x00003a2c        0x0 ./Project_Settings/Startup_Code/startup_S32K144.o

.rel.dyn        0x00003a2c        0x0
 .rel.iplt      0x00003a2c        0x0 ./Project_Settings/Startup_Code/startup_S32K144.o

.ARM            0x00003a2c        0x0
                0x00003a2c                __exidx_start = .
 *(.ARM.exidx*)
                0x00003a2c                __exidx_end = .
                0x00003a2c                __etext = .
                0x00003a2c                __DATA_ROM = .

.interrupts_ram
                0x1fff8000      0x400
                0x1fff8000                . = ALIGN (0x4)
                0x1fff8000                __VECTOR_RAM__ = .
                0x1fff8000                __RAM_START = .
                0x1fff8000                __interrupts_ram_start__ = .
 *(.m_interrupts_ram)
                0x1fff8400                . = (. + M_VECTOR_RAM_SIZE)
 *fill*         0x1fff8000      0x400 
                0x1fff8400                . = ALIGN (0x4)
                0x1fff8400                __interrupts_ram_end__ = .
                0x1fff8000                __VECTOR_RAM = DEFINED (__flash_vector_table__)?ORIGIN (m_interrupts):__VECTOR_RAM__
                0x00000400                __RAM_VECTOR_TABLE_SIZE = DEFINED (__flash_vector_table__)?0x0:(__interrupts_ram_end__ - __interrupts_ram_start__)

.data           0x1fff8400      0x2a0 load address 0x00003a2c
                0x1fff8400                . = ALIGN (0x4)
                0x1fff8400                __DATA_RAM = .
                0x1fff8400                __data_start__ = .
 *(.data)
 *(.data*)
 .data.peripheralClockConfig.7378
                0x1fff8400       0xa0 ./SDK/platform/drivers/src/clock/S32K1xx/clock_S32K1xx.o
 .data.clockMan1_InitConfig0
                0x1fff84a0       0x88 ./board/clock_config.o
                0x1fff84a0                clockMan1_InitConfig0
 .data.peripheralClockConfig0
                0x1fff8528       0xa0 ./board/clock_config.o
                0x1fff8528                peripheralClockConfig0
 .data.g_pin_mux_InitConfigArr0
                0x1fff85c8       0xd8 ./board/pin_mux.o
                0x1fff85c8                g_pin_mux_InitConfigArr0
                0x1fff86a0                . = ALIGN (0x4)
                0x1fff86a0                __data_end__ = .
                0x00003ccc                __DATA_END = (__DATA_ROM + (__data_end__ - __data_start__))
                0x00003ccc                __CODE_ROM = __DATA_END

.igot.plt       0x1fff86a0        0x0 load address 0x00003ccc
 .igot.plt      0x1fff86a0        0x0 ./Project_Settings/Startup_Code/startup_S32K144.o

.code           0x1fff86a0        0x0 load address 0x00003ccc
                0x1fff86a0                . = ALIGN (0x4)
                0x1fff86a0                __CODE_RAM = .
                0x1fff86a0                __code_start__ = .
                0x1fff86a0                __code_ram_start__ = .
 *(.code_ram)
                0x1fff86a0                . = ALIGN (0x4)
                0x1fff86a0                __code_end__ = .
                0x1fff86a0                __code_ram_end__ = .
                0x00003ccc                __CODE_END = (__CODE_ROM + (__code_end__ - __code_start__))
                0x00003ccc                __CUSTOM_ROM = __CODE_END

.customSectionBlock
                0x20000000        0x0 load address 0x00003ccc
                0x20000000                __customSection_start__ = .
 *(.customSection)
                0x20000000                __customSection_end__ = .
                0x00003ccc                __CUSTOM_END = (__CUSTOM_ROM + (__customSection_end__ - __customSection_start__))
                0x00003ccc                __rom_end = __CUSTOM_END

.bss            0x20000000      0x258
                0x20000000                . = ALIGN (0x4)
                0x20000000                __BSS_START = .
                0x20000000                __bss_start__ = .
 *(.bss)
 *(.bss*)
 .bss.g_RtcClkInFreq
                0x20000000        0x4 ./SDK/platform/drivers/src/clock/S32K1xx/clock_S32K1xx.o
                0x20000000                g_RtcClkInFreq
 .bss.g_TClkFreq
                0x20000004        0xc ./SDK/platform/drivers/src/clock/S32K1xx/clock_S32K1xx.o
                0x20000004                g_TClkFreq
 .bss.g_xtal0ClkFreq
                0x20000010        0x4 ./SDK/platform/drivers/src/clock/S32K1xx/clock_S32K1xx.o
                0x20000010                g_xtal0ClkFreq
 .bss.s_virtEdmaState
                0x20000014        0x4 ./SDK/platform/drivers/src/edma/edma_driver.o
 .bss.g_flexcanStatePtr
                0x20000018        0xc ./SDK/platform/drivers/src/flexcan/flexcan_driver.o
 .bss.g_interruptDisableCount
                0x20000024        0x4 ./SDK/platform/drivers/src/interrupt/interrupt_manager.o
 .bss.adcPalState
                0x20000028       0x38 ./SDK/platform/pal/src/adc/adc_pal.o
 .bss.s_flexcanRxFifoState
                0x20000060        0x2 ./SDK/platform/pal/src/can/can_pal.o
 *fill*         0x20000062        0x2 
 .bss.s_flexcanState
                0x20000064      0x114 ./SDK/platform/pal/src/can/can_pal.o
 .bss.s_flexcanStateInstanceMapping
                0x20000178        0x4 ./SDK/platform/pal/src/can/can_pal.o
 .bss.s_flexcanStateIsAllocated
                0x2000017c        0x1 ./SDK/platform/pal/src/can/can_pal.o
 *fill*         0x2000017d        0x3 
 .bss.s_hwObjConfigs
                0x20000180       0x80 ./SDK/platform/pal/src/can/can_pal.o
 .bss.s_osif_tick_cnt
                0x20000200        0x4 ./SDK/rtos/osif/osif_baremetal.o
 .bss.can_pal1_instance
                0x20000204        0x8 ./board/peripherals_can_pal1.o
                0x20000204                can_pal1_instance
 .bss.rxMsg     0x2000020c       0x4c ./src/main.o
                0x2000020c                rxMsg
 *(COMMON)
                0x20000258                . = ALIGN (0x4)
                0x20000258                __bss_end__ = .
                0x20000258                __BSS_END = .

.heap           0x20000258      0x400
                0x20000258                . = ALIGN (0x8)
                0x20000258                __end__ = .
                0x20000258                __heap_start__ = .
                [!provide]                PROVIDE (end = .)
                [!provide]                PROVIDE (_end = .)
                [!provide]                PROVIDE (__end = .)
                0x20000258                __HeapBase = .
                0x20000658                . = (. + HEAP_SIZE)
 *fill*         0x20000258      0x400 
                0x20000658                __HeapLimit = .
                0x20000658                __heap_limit = .
                0x20000658                __heap_end__ = .
                0x20007000                __StackTop = (ORIGIN (m_data_2) + LENGTH (m_data_2))
                0x20006c00                __StackLimit = (__StackTop - STACK_SIZE)
                0x20007000                PROVIDE (__stack = __StackTop)
                0x20007000                __RAM_END = __StackTop

.stack          0x20006c00      0x400
                0x20006c00                . = ALIGN (0x8)
                0x20006c00                __stack_start__ = .
                0x20007000                . = (. + STACK_SIZE)
 *fill*         0x20006c00      0x400 
                0x20007000                __stack_end__ = .

.ARM.attributes
                0x00000000       0x30
 *(.ARM.attributes)
 .ARM.attributes
                0x00000000       0x22 c:/nxp/s32ds.3.5/s32ds/build_tools/gcc_b1620/gcc-6.3-arm32-eabi/bin/../lib/gcc/arm-none-eabi/6.3.1/thumb/v7e-m/fpv4-sp/hard/crti.o
 .ARM.attributes
                0x00000022       0x1f ./Project_Settings/Startup_Code/startup_S32K144.o
 .ARM.attributes
                0x00000041       0x39 ./SDK/platform/devices/S32K144/startup/system_S32K144.o
 .ARM.attributes
                0x0000007a       0x39 ./SDK/platform/devices/startup.o
 .ARM.attributes
                0x000000b3       0x39 ./SDK/platform/drivers/src/adc/adc_driver.o
 .ARM.attributes
                0x000000ec       0x39 ./SDK/platform/drivers/src/clock/S32K1xx/clock_S32K1xx.o
 .ARM.attributes
                0x00000125       0x39 ./SDK/platform/drivers/src/edma/edma_driver.o
 .ARM.attributes
                0x0000015e       0x39 ./SDK/platform/drivers/src/edma/edma_hw_access.o
 .ARM.attributes
                0x00000197       0x39 ./SDK/platform/drivers/src/edma/edma_irq.o
 .ARM.attributes
                0x000001d0       0x39 ./SDK/platform/drivers/src/flexcan/flexcan_driver.o
 .ARM.attributes
                0x00000209       0x39 ./SDK/platform/drivers/src/flexcan/flexcan_hw_access.o
 .ARM.attributes
                0x00000242       0x39 ./SDK/platform/drivers/src/flexcan/flexcan_irq.o
 .ARM.attributes
                0x0000027b       0x39 ./SDK/platform/drivers/src/interrupt/interrupt_manager.o
 .ARM.attributes
                0x000002b4       0x39 ./SDK/platform/drivers/src/pdb/pdb_driver.o
 .ARM.attributes
                0x000002ed       0x39 ./SDK/platform/drivers/src/pins/pins_driver.o
 .ARM.attributes
                0x00000326       0x39 ./SDK/platform/drivers/src/pins/pins_port_hw_access.o
 .ARM.attributes
                0x0000035f       0x39 ./SDK/platform/pal/src/adc/adc_irq.o
 .ARM.attributes
                0x00000398       0x39 ./SDK/platform/pal/src/adc/adc_pal.o
 .ARM.attributes
                0x000003d1       0x39 ./SDK/platform/pal/src/can/can_pal.o
 .ARM.attributes
                0x0000040a       0x39 ./SDK/rtos/osif/osif_baremetal.o
 .ARM.attributes
                0x00000443       0x39 ./board/clock_config.o
 .ARM.attributes
                0x0000047c       0x39 ./board/peripherals_can_pal1.o
 .ARM.attributes
                0x000004b5       0x39 ./board/pin_mux.o
 .ARM.attributes
                0x000004ee       0x39 ./src/main.o
 .ARM.attributes
                0x00000527       0x34 C:/NXP/S32DS.3.5/S32DS/build_tools/gcc_b1620/gcc-6.3-arm32-eabi/arm-none-eabi/newlib/lib/thumb/v7e-m/fpv4-sp/hard\libc_nano.a(lib_a-memset.o)
                0x00000001                ASSERT ((__rom_end <= (ORIGIN (m_text) + LENGTH (m_text))), Region m_text overflowed!)
                0x00000001                ASSERT ((__StackLimit >= __HeapLimit), region m_data_2 overflowed with stack and heap)
OUTPUT(can_pal_s32k144_adccan.elf elf32-littlearm)

.debug_line     0x00000000     0xba43
 .debug_line    0x00000000       0xcc ./Project_Settings/Startup_Code/startup_S32K144.o
 .debug_line    0x000000cc      0x427 ./SDK/platform/devices/S32K144/startup/system_S32K144.o
 .debug_line    0x000004f3      0x3b5 ./SDK/platform/devices/startup.o
 .debug_line    0x000008a8      0xb7b ./SDK/platform/drivers/src/adc/adc_driver.o
 .debug_line    0x00001423     0x150b ./SDK/platform/drivers/src/clock/S32K1xx/clock_S32K1xx.o
 .debug_line    0x0000292e     0x10e7 ./SDK/platform/drivers/src/edma/edma_driver.o
 .debug_line    0x00003a15      0x61c ./SDK/platform/drivers/src/edma/edma_hw_access.o
 .debug_line    0x00004031      0x583 ./SDK/platform/drivers/src/edma/edma_irq.o
 .debug_line    0x000045b4     0x1358 ./SDK/platform/drivers/src/flexcan/flexcan_driver.o
 .debug_line    0x0000590c      0xb1f ./SDK/platform/drivers/src/flexcan/flexcan_hw_access.o
 .debug_line    0x0000642b      0x4a9 ./SDK/platform/drivers/src/flexcan/flexcan_irq.o
 .debug_line    0x000068d4      0x5ae ./SDK/platform/drivers/src/interrupt/interrupt_manager.o
 .debug_line    0x00006e82      0x882 ./SDK/platform/drivers/src/pdb/pdb_driver.o
 .debug_line    0x00007704      0x6f5 ./SDK/platform/drivers/src/pins/pins_driver.o
 .debug_line    0x00007df9      0x5b4 ./SDK/platform/drivers/src/pins/pins_port_hw_access.o
 .debug_line    0x000083ad      0x576 ./SDK/platform/pal/src/adc/adc_irq.o
 .debug_line    0x00008923      0xa5c ./SDK/platform/pal/src/adc/adc_pal.o
 .debug_line    0x0000937f      0xb4f ./SDK/platform/pal/src/can/can_pal.o
 .debug_line    0x00009ece      0x654 ./SDK/rtos/osif/osif_baremetal.o
 .debug_line    0x0000a522      0x455 ./board/clock_config.o
 .debug_line    0x0000a977      0x51a ./board/peripherals_can_pal1.o
 .debug_line    0x0000ae91      0x3ee ./board/pin_mux.o
 .debug_line    0x0000b27f      0x7c4 ./src/main.o

.debug_info     0x00000000    0x2534a
 .debug_info    0x00000000       0x26 ./Project_Settings/Startup_Code/startup_S32K144.o
 .debug_info    0x00000026      0x521 ./SDK/platform/devices/S32K144/startup/system_S32K144.o
 .debug_info    0x00000547      0x2ad ./SDK/platform/devices/startup.o
 .debug_info    0x000007f4     0x3544 ./SDK/platform/drivers/src/adc/adc_driver.o
 .debug_info    0x00003d38     0x6226 ./SDK/platform/drivers/src/clock/S32K1xx/clock_S32K1xx.o
 .debug_info    0x00009f5e     0x489e ./SDK/platform/drivers/src/edma/edma_driver.o
 .debug_info    0x0000e7fc      0xa52 ./SDK/platform/drivers/src/edma/edma_hw_access.o
 .debug_info    0x0000f24e      0x6da ./SDK/platform/drivers/src/edma/edma_irq.o
 .debug_info    0x0000f928     0x5b81 ./SDK/platform/drivers/src/flexcan/flexcan_driver.o
 .debug_info    0x000154a9     0x2028 ./SDK/platform/drivers/src/flexcan/flexcan_hw_access.o
 .debug_info    0x000174d1      0x280 ./SDK/platform/drivers/src/flexcan/flexcan_irq.o
 .debug_info    0x00017751      0xc99 ./SDK/platform/drivers/src/interrupt/interrupt_manager.o
 .debug_info    0x000183ea     0x1ec5 ./SDK/platform/drivers/src/pdb/pdb_driver.o
 .debug_info    0x0001a2af     0x14b7 ./SDK/platform/drivers/src/pins/pins_driver.o
 .debug_info    0x0001b766      0x9a5 ./SDK/platform/drivers/src/pins/pins_port_hw_access.o
 .debug_info    0x0001c10b      0x155 ./SDK/platform/pal/src/adc/adc_irq.o
 .debug_info    0x0001c260     0x28b6 ./SDK/platform/pal/src/adc/adc_pal.o
 .debug_info    0x0001eb16     0x2092 ./SDK/platform/pal/src/can/can_pal.o
 .debug_info    0x00020ba8      0xbce ./SDK/rtos/osif/osif_baremetal.o
 .debug_info    0x00021776     0x12b9 ./board/clock_config.o
 .debug_info    0x00022a2f      0x24f ./board/peripherals_can_pal1.o
 .debug_info    0x00022c7e      0x409 ./board/pin_mux.o
 .debug_info    0x00023087     0x22c3 ./src/main.o

.debug_abbrev   0x00000000     0x34be
 .debug_abbrev  0x00000000       0x14 ./Project_Settings/Startup_Code/startup_S32K144.o
 .debug_abbrev  0x00000014      0x141 ./SDK/platform/devices/S32K144/startup/system_S32K144.o
 .debug_abbrev  0x00000155       0xe1 ./SDK/platform/devices/startup.o
 .debug_abbrev  0x00000236      0x3a1 ./SDK/platform/drivers/src/adc/adc_driver.o
 .debug_abbrev  0x000005d7      0x409 ./SDK/platform/drivers/src/clock/S32K1xx/clock_S32K1xx.o
 .debug_abbrev  0x000009e0      0x412 ./SDK/platform/drivers/src/edma/edma_driver.o
 .debug_abbrev  0x00000df2      0x240 ./SDK/platform/drivers/src/edma/edma_hw_access.o
 .debug_abbrev  0x00001032      0x1b9 ./SDK/platform/drivers/src/edma/edma_irq.o
 .debug_abbrev  0x000011eb      0x45b ./SDK/platform/drivers/src/flexcan/flexcan_driver.o
 .debug_abbrev  0x00001646      0x3a5 ./SDK/platform/drivers/src/flexcan/flexcan_hw_access.o
 .debug_abbrev  0x000019eb       0x6d ./SDK/platform/drivers/src/flexcan/flexcan_irq.o
 .debug_abbrev  0x00001a58      0x278 ./SDK/platform/drivers/src/interrupt/interrupt_manager.o
 .debug_abbrev  0x00001cd0      0x397 ./SDK/platform/drivers/src/pdb/pdb_driver.o
 .debug_abbrev  0x00002067      0x2f6 ./SDK/platform/drivers/src/pins/pins_driver.o
 .debug_abbrev  0x0000235d      0x232 ./SDK/platform/drivers/src/pins/pins_port_hw_access.o
 .debug_abbrev  0x0000258f       0xa6 ./SDK/platform/pal/src/adc/adc_irq.o
 .debug_abbrev  0x00002635      0x398 ./SDK/platform/pal/src/adc/adc_pal.o
 .debug_abbrev  0x000029cd      0x317 ./SDK/platform/pal/src/can/can_pal.o
 .debug_abbrev  0x00002ce4      0x2df ./SDK/rtos/osif/osif_baremetal.o
 .debug_abbrev  0x00002fc3      0x125 ./board/clock_config.o
 .debug_abbrev  0x000030e8       0x96 ./board/peripherals_can_pal1.o
 .debug_abbrev  0x0000317e       0xcd ./board/pin_mux.o
 .debug_abbrev  0x0000324b      0x273 ./src/main.o

.debug_aranges  0x00000000      0xc88
 .debug_aranges
                0x00000000       0x20 ./Project_Settings/Startup_Code/startup_S32K144.o
 .debug_aranges
                0x00000020       0x30 ./SDK/platform/devices/S32K144/startup/system_S32K144.o
 .debug_aranges
                0x00000050       0x20 ./SDK/platform/devices/startup.o
 .debug_aranges
                0x00000070       0xe8 ./SDK/platform/drivers/src/adc/adc_driver.o
 .debug_aranges
                0x00000158      0x128 ./SDK/platform/drivers/src/clock/S32K1xx/clock_S32K1xx.o
 .debug_aranges
                0x00000280      0x140 ./SDK/platform/drivers/src/edma/edma_driver.o
 .debug_aranges
                0x000003c0       0x88 ./SDK/platform/drivers/src/edma/edma_hw_access.o
 .debug_aranges
                0x00000448       0xa0 ./SDK/platform/drivers/src/edma/edma_irq.o
 .debug_aranges
                0x000004e8      0x198 ./SDK/platform/drivers/src/flexcan/flexcan_driver.o
 .debug_aranges
                0x00000680       0xf8 ./SDK/platform/drivers/src/flexcan/flexcan_hw_access.o
 .debug_aranges
                0x00000778       0x80 ./SDK/platform/drivers/src/flexcan/flexcan_irq.o
 .debug_aranges
                0x000007f8       0x70 ./SDK/platform/drivers/src/interrupt/interrupt_manager.o
 .debug_aranges
                0x00000868       0xc0 ./SDK/platform/drivers/src/pdb/pdb_driver.o
 .debug_aranges
                0x00000928       0xe0 ./SDK/platform/drivers/src/pins/pins_driver.o
 .debug_aranges
                0x00000a08       0x40 ./SDK/platform/drivers/src/pins/pins_port_hw_access.o
 .debug_aranges
                0x00000a48       0x28 ./SDK/platform/pal/src/adc/adc_irq.o
 .debug_aranges
                0x00000a70       0x78 ./SDK/platform/pal/src/adc/adc_pal.o
 .debug_aranges
                0x00000ae8       0xa8 ./SDK/platform/pal/src/can/can_pal.o
 .debug_aranges
                0x00000b90       0x70 ./SDK/rtos/osif/osif_baremetal.o
 .debug_aranges
                0x00000c00       0x18 ./board/clock_config.o
 .debug_aranges
                0x00000c18       0x18 ./board/peripherals_can_pal1.o
 .debug_aranges
                0x00000c30       0x18 ./board/pin_mux.o
 .debug_aranges
                0x00000c48       0x40 ./src/main.o

.debug_str      0x00000000    0x76395
 .debug_str     0x00000000       0xa7 ./Project_Settings/Startup_Code/startup_S32K144.o
 .debug_str     0x000000a7    0x6881b ./SDK/platform/devices/S32K144/startup/system_S32K144.o
                              0x689a6 (size before relaxing)
 .debug_str     0x000688c2      0x399 ./SDK/platform/devices/startup.o
                              0x68b18 (size before relaxing)
 .debug_str     0x00068c5b     0x252f ./SDK/platform/drivers/src/adc/adc_driver.o
                              0x6af90 (size before relaxing)
 .debug_str     0x0006b18a     0x31cb ./SDK/platform/drivers/src/clock/S32K1xx/clock_S32K1xx.o
                              0x6cc2c (size before relaxing)
 .debug_str     0x0006e355     0x1972 ./SDK/platform/drivers/src/edma/edma_driver.o
                              0x6b8e6 (size before relaxing)
 .debug_str     0x0006fcc7       0x78 ./SDK/platform/drivers/src/edma/edma_hw_access.o
                              0x69077 (size before relaxing)
 .debug_str     0x0006fd3f      0x194 ./SDK/platform/drivers/src/edma/edma_irq.o
                              0x68d82 (size before relaxing)
 .debug_str     0x0006fed3     0x286b ./SDK/platform/drivers/src/flexcan/flexcan_driver.o
                              0x6c9d1 (size before relaxing)
 .debug_str     0x0007273e      0x53d ./SDK/platform/drivers/src/flexcan/flexcan_hw_access.o
                              0x6ae5e (size before relaxing)
 .debug_str     0x00072c7b      0x1ae ./SDK/platform/drivers/src/flexcan/flexcan_irq.o
                              0x688c2 (size before relaxing)
 .debug_str     0x00072e29      0x1ba ./SDK/platform/drivers/src/interrupt/interrupt_manager.o
                              0x692a1 (size before relaxing)
 .debug_str     0x00072fe3      0x8b4 ./SDK/platform/drivers/src/pdb/pdb_driver.o
                              0x6a810 (size before relaxing)
 .debug_str     0x00073897      0x9d0 ./SDK/platform/drivers/src/pins/pins_driver.o
                              0x69c74 (size before relaxing)
 .debug_str     0x00074267      0x1c4 ./SDK/platform/drivers/src/pins/pins_port_hw_access.o
                              0x6915c (size before relaxing)
 .debug_str     0x0007442b       0xcc ./SDK/platform/pal/src/adc/adc_irq.o
                              0x689fe (size before relaxing)
 .debug_str     0x000744f7     0x146d ./SDK/platform/pal/src/adc/adc_pal.o
                              0x6be5a (size before relaxing)
 .debug_str     0x00075964      0x45c ./SDK/platform/pal/src/can/can_pal.o
                              0x6a3fb (size before relaxing)
 .debug_str     0x00075dc0      0x1ba ./SDK/rtos/osif/osif_baremetal.o
                              0x69ae3 (size before relaxing)
 .debug_str     0x00075f7a       0xda ./board/clock_config.o
                              0x6aa3b (size before relaxing)
 .debug_str     0x00076054       0x4f ./board/peripherals_can_pal1.o
                              0x68d44 (size before relaxing)
 .debug_str     0x000760a3      0x14b ./board/pin_mux.o
                              0x68f00 (size before relaxing)
 .debug_str     0x000761ee      0x1a7 ./src/main.o
                              0x6c2e7 (size before relaxing)

.debug_loc      0x00000000    0x14f6c
 .debug_loc     0x00000000       0xeb ./SDK/platform/devices/S32K144/startup/system_S32K144.o
 .debug_loc     0x000000eb       0xec ./SDK/platform/devices/startup.o
 .debug_loc     0x000001d7     0x1a7f ./SDK/platform/drivers/src/adc/adc_driver.o
 .debug_loc     0x00001c56     0x4dac ./SDK/platform/drivers/src/clock/S32K1xx/clock_S32K1xx.o
 .debug_loc     0x00006a02     0x336f ./SDK/platform/drivers/src/edma/edma_driver.o
 .debug_loc     0x00009d71      0x7b9 ./SDK/platform/drivers/src/edma/edma_hw_access.o
 .debug_loc     0x0000a52a       0x50 ./SDK/platform/drivers/src/edma/edma_irq.o
 .debug_loc     0x0000a57a     0x3aac ./SDK/platform/drivers/src/flexcan/flexcan_driver.o
 .debug_loc     0x0000e026     0x1d02 ./SDK/platform/drivers/src/flexcan/flexcan_hw_access.o
 .debug_loc     0x0000fd28      0x678 ./SDK/platform/drivers/src/interrupt/interrupt_manager.o
 .debug_loc     0x000103a0      0xe14 ./SDK/platform/drivers/src/pdb/pdb_driver.o
 .debug_loc     0x000111b4      0x7c7 ./SDK/platform/drivers/src/pins/pins_driver.o
 .debug_loc     0x0001197b      0x639 ./SDK/platform/drivers/src/pins/pins_port_hw_access.o
 .debug_loc     0x00011fb4     0x1654 ./SDK/platform/pal/src/adc/adc_pal.o
 .debug_loc     0x00013608     0x15d8 ./SDK/platform/pal/src/can/can_pal.o
 .debug_loc     0x00014be0      0x353 ./SDK/rtos/osif/osif_baremetal.o
 .debug_loc     0x00014f33       0x39 ./src/main.o

.debug_ranges   0x00000000     0x1288
 .debug_ranges  0x00000000       0x20 ./SDK/platform/devices/S32K144/startup/system_S32K144.o
 .debug_ranges  0x00000020       0x10 ./SDK/platform/devices/startup.o
 .debug_ranges  0x00000030      0x180 ./SDK/platform/drivers/src/adc/adc_driver.o
 .debug_ranges  0x000001b0      0x3c8 ./SDK/platform/drivers/src/clock/S32K1xx/clock_S32K1xx.o
 .debug_ranges  0x00000578      0x190 ./SDK/platform/drivers/src/edma/edma_driver.o
 .debug_ranges  0x00000708       0x90 ./SDK/platform/drivers/src/edma/edma_hw_access.o
 .debug_ranges  0x00000798       0x90 ./SDK/platform/drivers/src/edma/edma_irq.o
 .debug_ranges  0x00000828      0x300 ./SDK/platform/drivers/src/flexcan/flexcan_driver.o
 .debug_ranges  0x00000b28      0x148 ./SDK/platform/drivers/src/flexcan/flexcan_hw_access.o
 .debug_ranges  0x00000c70       0x70 ./SDK/platform/drivers/src/flexcan/flexcan_irq.o
 .debug_ranges  0x00000ce0       0x98 ./SDK/platform/drivers/src/interrupt/interrupt_manager.o
 .debug_ranges  0x00000d78       0xc8 ./SDK/platform/drivers/src/pdb/pdb_driver.o
 .debug_ranges  0x00000e40       0xd0 ./SDK/platform/drivers/src/pins/pins_driver.o
 .debug_ranges  0x00000f10       0x48 ./SDK/platform/drivers/src/pins/pins_port_hw_access.o
 .debug_ranges  0x00000f58       0x18 ./SDK/platform/pal/src/adc/adc_irq.o
 .debug_ranges  0x00000f70      0x158 ./SDK/platform/pal/src/adc/adc_pal.o
 .debug_ranges  0x000010c8       0xe0 ./SDK/platform/pal/src/can/can_pal.o
 .debug_ranges  0x000011a8       0x98 ./SDK/rtos/osif/osif_baremetal.o
 .debug_ranges  0x00001240       0x48 ./src/main.o

.debug_macro    0x00000000    0x21216
 .debug_macro   0x00000000       0xb6 ./SDK/platform/devices/S32K144/startup/system_S32K144.o
 .debug_macro   0x000000b6      0x8d4 ./SDK/platform/devices/S32K144/startup/system_S32K144.o
 .debug_macro   0x0000098a       0x10 ./SDK/platform/devices/S32K144/startup/system_S32K144.o
 .debug_macro   0x0000099a       0x79 ./SDK/platform/devices/S32K144/startup/system_S32K144.o
 .debug_macro   0x00000a13       0x19 ./SDK/platform/devices/S32K144/startup/system_S32K144.o
 .debug_macro   0x00000a2c       0x22 ./SDK/platform/devices/S32K144/startup/system_S32K144.o
 .debug_macro   0x00000a4e       0x56 ./SDK/platform/devices/S32K144/startup/system_S32K144.o
 .debug_macro   0x00000aa4       0x51 ./SDK/platform/devices/S32K144/startup/system_S32K144.o
 .debug_macro   0x00000af5       0xef ./SDK/platform/devices/S32K144/startup/system_S32K144.o
 .debug_macro   0x00000be4       0x6a ./SDK/platform/devices/S32K144/startup/system_S32K144.o
 .debug_macro   0x00000c4e      0x1df ./SDK/platform/devices/S32K144/startup/system_S32K144.o
 .debug_macro   0x00000e2d     0xed1d ./SDK/platform/devices/S32K144/startup/system_S32K144.o
 .debug_macro   0x0000fb4a      0xbbd ./SDK/platform/devices/S32K144/startup/system_S32K144.o
 .debug_macro   0x00010707       0x22 ./SDK/platform/devices/S32K144/startup/system_S32K144.o
 .debug_macro   0x00010729       0x28 ./SDK/platform/devices/S32K144/startup/system_S32K144.o
 .debug_macro   0x00010751       0xb6 ./SDK/platform/devices/startup.o
 .debug_macro   0x00010807     0xed32 ./SDK/platform/devices/startup.o
 .debug_macro   0x0001f539       0x40 ./SDK/platform/devices/startup.o
 .debug_macro   0x0001f579       0xea ./SDK/platform/drivers/src/adc/adc_driver.o
 .debug_macro   0x0001f663      0x16d ./SDK/platform/drivers/src/adc/adc_driver.o
 .debug_macro   0x0001f7d0       0x10 ./SDK/platform/drivers/src/adc/adc_driver.o
 .debug_macro   0x0001f7e0       0x8a ./SDK/platform/drivers/src/adc/adc_driver.o
 .debug_macro   0x0001f86a      0x2b0 ./SDK/platform/drivers/src/clock/S32K1xx/clock_S32K1xx.o
 .debug_macro   0x0001fb1a       0x16 ./SDK/platform/drivers/src/clock/S32K1xx/clock_S32K1xx.o
 .debug_macro   0x0001fb30       0xf7 ./SDK/platform/drivers/src/edma/edma_driver.o
 .debug_macro   0x0001fc27       0x16 ./SDK/platform/drivers/src/edma/edma_driver.o
 .debug_macro   0x0001fc3d       0xcc ./SDK/platform/drivers/src/edma/edma_hw_access.o
 .debug_macro   0x0001fd09       0xd0 ./SDK/platform/drivers/src/edma/edma_irq.o
 .debug_macro   0x0001fdd9      0x19a ./SDK/platform/drivers/src/flexcan/flexcan_driver.o
 .debug_macro   0x0001ff73       0x4c ./SDK/platform/drivers/src/flexcan/flexcan_driver.o
 .debug_macro   0x0001ffbf       0x18 ./SDK/platform/drivers/src/flexcan/flexcan_driver.o
 .debug_macro   0x0001ffd7       0x5c ./SDK/platform/drivers/src/flexcan/flexcan_driver.o
 .debug_macro   0x00020033       0x35 ./SDK/platform/drivers/src/flexcan/flexcan_driver.o
 .debug_macro   0x00020068       0x34 ./SDK/platform/drivers/src/flexcan/flexcan_driver.o
 .debug_macro   0x0002009c       0x16 ./SDK/platform/drivers/src/flexcan/flexcan_driver.o
 .debug_macro   0x000200b2       0x57 ./SDK/platform/drivers/src/flexcan/flexcan_driver.o
 .debug_macro   0x00020109       0x10 ./SDK/platform/drivers/src/flexcan/flexcan_driver.o
 .debug_macro   0x00020119      0x184 ./SDK/platform/drivers/src/flexcan/flexcan_driver.o
 .debug_macro   0x0002029d      0x170 ./SDK/platform/drivers/src/flexcan/flexcan_hw_access.o
 .debug_macro   0x0002040d       0xb7 ./SDK/platform/drivers/src/flexcan/flexcan_irq.o
 .debug_macro   0x000204c4       0xca ./SDK/platform/drivers/src/interrupt/interrupt_manager.o
 .debug_macro   0x0002058e       0xee ./SDK/platform/drivers/src/pdb/pdb_driver.o
 .debug_macro   0x0002067c       0xde ./SDK/platform/drivers/src/pins/pins_driver.o
 .debug_macro   0x0002075a       0xde ./SDK/platform/drivers/src/pins/pins_port_hw_access.o
 .debug_macro   0x00020838      0x119 ./SDK/platform/pal/src/adc/adc_irq.o
 .debug_macro   0x00020951       0x16 ./SDK/platform/pal/src/adc/adc_irq.o
 .debug_macro   0x00020967      0x165 ./SDK/platform/pal/src/adc/adc_pal.o
 .debug_macro   0x00020acc      0x100 ./SDK/platform/pal/src/can/can_pal.o
 .debug_macro   0x00020bcc       0x16 ./SDK/platform/pal/src/can/can_pal.o
 .debug_macro   0x00020be2       0xfb ./SDK/rtos/osif/osif_baremetal.o
 .debug_macro   0x00020cdd       0xd9 ./board/clock_config.o
 .debug_macro   0x00020db6       0x16 ./board/clock_config.o
 .debug_macro   0x00020dcc      0x10a ./board/peripherals_can_pal1.o
 .debug_macro   0x00020ed6       0xd9 ./board/pin_mux.o
 .debug_macro   0x00020faf       0x6a ./board/pin_mux.o
 .debug_macro   0x00021019      0x1fd ./src/main.o

.comment        0x00000000       0x7e
 .comment       0x00000000       0x7e ./SDK/platform/devices/S32K144/startup/system_S32K144.o
                                 0x7f (size before relaxing)
 .comment       0x0000007e       0x7f ./SDK/platform/devices/startup.o
 .comment       0x0000007e       0x7f ./SDK/platform/drivers/src/adc/adc_driver.o
 .comment       0x0000007e       0x7f ./SDK/platform/drivers/src/clock/S32K1xx/clock_S32K1xx.o
 .comment       0x0000007e       0x7f ./SDK/platform/drivers/src/edma/edma_driver.o
 .comment       0x0000007e       0x7f ./SDK/platform/drivers/src/edma/edma_hw_access.o
 .comment       0x0000007e       0x7f ./SDK/platform/drivers/src/edma/edma_irq.o
 .comment       0x0000007e       0x7f ./SDK/platform/drivers/src/flexcan/flexcan_driver.o
 .comment       0x0000007e       0x7f ./SDK/platform/drivers/src/flexcan/flexcan_hw_access.o
 .comment       0x0000007e       0x7f ./SDK/platform/drivers/src/flexcan/flexcan_irq.o
 .comment       0x0000007e       0x7f ./SDK/platform/drivers/src/interrupt/interrupt_manager.o
 .comment       0x0000007e       0x7f ./SDK/platform/drivers/src/pdb/pdb_driver.o
 .comment       0x0000007e       0x7f ./SDK/platform/drivers/src/pins/pins_driver.o
 .comment       0x0000007e       0x7f ./SDK/platform/drivers/src/pins/pins_port_hw_access.o
 .comment       0x0000007e       0x7f ./SDK/platform/pal/src/adc/adc_irq.o
 .comment       0x0000007e       0x7f ./SDK/platform/pal/src/adc/adc_pal.o
 .comment       0x0000007e       0x7f ./SDK/platform/pal/src/can/can_pal.o
 .comment       0x0000007e       0x7f ./SDK/rtos/osif/osif_baremetal.o
 .comment       0x0000007e       0x7f ./board/clock_config.o
 .comment       0x0000007e       0x7f ./board/peripherals_can_pal1.o
 .comment       0x0000007e       0x7f ./board/pin_mux.o
 .comment       0x0000007e       0x7f ./src/main.o

.debug_frame    0x00000000     0x21a0
 .debug_frame   0x00000000       0x40 ./SDK/platform/devices/S32K144/startup/system_S32K144.o
 .debug_frame   0x00000040       0x2c ./SDK/platform/devices/startup.o
 .debug_frame   0x0000006c      0x258 ./SDK/platform/drivers/src/adc/adc_driver.o
 .debug_frame   0x000002c4      0x3a4 ./SDK/platform/drivers/src/clock/S32K1xx/clock_S32K1xx.o
 .debug_frame   0x00000668      0x3a0 ./SDK/platform/drivers/src/edma/edma_driver.o
 .debug_frame   0x00000a08      0x140 ./SDK/platform/drivers/src/edma/edma_hw_access.o
 .debug_frame   0x00000b48      0x1ac ./SDK/platform/drivers/src/edma/edma_irq.o
 .debug_frame   0x00000cf4      0x5a8 ./SDK/platform/drivers/src/flexcan/flexcan_driver.o
 .debug_frame   0x0000129c      0x29c ./SDK/platform/drivers/src/flexcan/flexcan_hw_access.o
 .debug_frame   0x00001538      0x148 ./SDK/platform/drivers/src/flexcan/flexcan_irq.o
 .debug_frame   0x00001680       0xd8 ./SDK/platform/drivers/src/interrupt/interrupt_manager.o
 .debug_frame   0x00001758      0x1e0 ./SDK/platform/drivers/src/pdb/pdb_driver.o
 .debug_frame   0x00001938      0x1e4 ./SDK/platform/drivers/src/pins/pins_driver.o
 .debug_frame   0x00001b1c       0xa0 ./SDK/platform/drivers/src/pins/pins_port_hw_access.o
 .debug_frame   0x00001bbc       0x40 ./SDK/platform/pal/src/adc/adc_irq.o
 .debug_frame   0x00001bfc      0x1a8 ./SDK/platform/pal/src/adc/adc_pal.o
 .debug_frame   0x00001da4      0x260 ./SDK/platform/pal/src/can/can_pal.o
 .debug_frame   0x00002004       0xf4 ./SDK/rtos/osif/osif_baremetal.o
 .debug_frame   0x000020f8       0x88 ./src/main.o
 .debug_frame   0x00002180       0x20 C:/NXP/S32DS.3.5/S32DS/build_tools/gcc_b1620/gcc-6.3-arm32-eabi/arm-none-eabi/newlib/lib/thumb/v7e-m/fpv4-sp/hard\libc_nano.a(lib_a-memset.o)
