Archive member included to satisfy reference by file (symbol)

E:/S32/S32DS/build_tools/gcc_b1620/gcc-6.3-arm32-eabi/arm-none-eabi/newlib/lib/thumb/v7e-m/fpv4-sp/hard\libc_nano.a(lib_a-exit.o)
                              E:/S32/S32DS/build_tools/gcc_b1620/gcc-6.3-arm32-eabi/arm-none-eabi/newlib/lib/thumb/v7e-m/fpv4-sp/hard/crt0.o (exit)
E:/S32/S32DS/build_tools/gcc_b1620/gcc-6.3-arm32-eabi/arm-none-eabi/newlib/lib/thumb/v7e-m/fpv4-sp/hard\libc_nano.a(lib_a-impure.o)
                              E:/S32/S32DS/build_tools/gcc_b1620/gcc-6.3-arm32-eabi/arm-none-eabi/newlib/lib/thumb/v7e-m/fpv4-sp/hard\libc_nano.a(lib_a-exit.o) (_global_impure_ptr)
E:/S32/S32DS/build_tools/gcc_b1620/gcc-6.3-arm32-eabi/arm-none-eabi/newlib/lib/thumb/v7e-m/fpv4-sp/hard\libc_nano.a(lib_a-init.o)
                              E:/S32/S32DS/build_tools/gcc_b1620/gcc-6.3-arm32-eabi/arm-none-eabi/newlib/lib/thumb/v7e-m/fpv4-sp/hard/crt0.o (__libc_init_array)
E:/S32/S32DS/build_tools/gcc_b1620/gcc-6.3-arm32-eabi/arm-none-eabi/newlib/lib/thumb/v7e-m/fpv4-sp/hard\libc_nano.a(lib_a-memset.o)
                              E:/S32/S32DS/build_tools/gcc_b1620/gcc-6.3-arm32-eabi/arm-none-eabi/newlib/lib/thumb/v7e-m/fpv4-sp/hard/crt0.o (memset)
E:/S32/S32DS/build_tools/gcc_b1620/gcc-6.3-arm32-eabi/arm-none-eabi/newlib/lib/thumb/v7e-m/fpv4-sp/hard\libnosys.a(_exit.o)
                              E:/S32/S32DS/build_tools/gcc_b1620/gcc-6.3-arm32-eabi/arm-none-eabi/newlib/lib/thumb/v7e-m/fpv4-sp/hard\libc_nano.a(lib_a-exit.o) (_exit)

Discarded input sections

 .text          0x00000000        0x0 e:/s32/s32ds/build_tools/gcc_b1620/gcc-6.3-arm32-eabi/bin/../lib/gcc/arm-none-eabi/6.3.1/thumb/v7e-m/fpv4-sp/hard/crti.o
 .data          0x00000000        0x0 e:/s32/s32ds/build_tools/gcc_b1620/gcc-6.3-arm32-eabi/bin/../lib/gcc/arm-none-eabi/6.3.1/thumb/v7e-m/fpv4-sp/hard/crti.o
 .bss           0x00000000        0x0 e:/s32/s32ds/build_tools/gcc_b1620/gcc-6.3-arm32-eabi/bin/../lib/gcc/arm-none-eabi/6.3.1/thumb/v7e-m/fpv4-sp/hard/crti.o
 .text          0x00000000       0xa4 e:/s32/s32ds/build_tools/gcc_b1620/gcc-6.3-arm32-eabi/bin/../lib/gcc/arm-none-eabi/6.3.1/thumb/v7e-m/fpv4-sp/hard/crtbegin.o
 .data          0x00000000        0x4 e:/s32/s32ds/build_tools/gcc_b1620/gcc-6.3-arm32-eabi/bin/../lib/gcc/arm-none-eabi/6.3.1/thumb/v7e-m/fpv4-sp/hard/crtbegin.o
 .bss           0x00000000       0x1c e:/s32/s32ds/build_tools/gcc_b1620/gcc-6.3-arm32-eabi/bin/../lib/gcc/arm-none-eabi/6.3.1/thumb/v7e-m/fpv4-sp/hard/crtbegin.o
 .init_array    0x00000000        0x4 e:/s32/s32ds/build_tools/gcc_b1620/gcc-6.3-arm32-eabi/bin/../lib/gcc/arm-none-eabi/6.3.1/thumb/v7e-m/fpv4-sp/hard/crtbegin.o
 .fini_array    0x00000000        0x4 e:/s32/s32ds/build_tools/gcc_b1620/gcc-6.3-arm32-eabi/bin/../lib/gcc/arm-none-eabi/6.3.1/thumb/v7e-m/fpv4-sp/hard/crtbegin.o
 .eh_frame      0x00000000        0x0 e:/s32/s32ds/build_tools/gcc_b1620/gcc-6.3-arm32-eabi/bin/../lib/gcc/arm-none-eabi/6.3.1/thumb/v7e-m/fpv4-sp/hard/crtbegin.o
 .jcr           0x00000000        0x0 e:/s32/s32ds/build_tools/gcc_b1620/gcc-6.3-arm32-eabi/bin/../lib/gcc/arm-none-eabi/6.3.1/thumb/v7e-m/fpv4-sp/hard/crtbegin.o
 .tm_clone_table
                0x00000000        0x0 e:/s32/s32ds/build_tools/gcc_b1620/gcc-6.3-arm32-eabi/bin/../lib/gcc/arm-none-eabi/6.3.1/thumb/v7e-m/fpv4-sp/hard/crtbegin.o
 .comment       0x00000000       0x7f e:/s32/s32ds/build_tools/gcc_b1620/gcc-6.3-arm32-eabi/bin/../lib/gcc/arm-none-eabi/6.3.1/thumb/v7e-m/fpv4-sp/hard/crtbegin.o
 .ARM.attributes
                0x00000000       0x34 e:/s32/s32ds/build_tools/gcc_b1620/gcc-6.3-arm32-eabi/bin/../lib/gcc/arm-none-eabi/6.3.1/thumb/v7e-m/fpv4-sp/hard/crtbegin.o
 .text          0x00000000       0x7c E:/S32/S32DS/build_tools/gcc_b1620/gcc-6.3-arm32-eabi/arm-none-eabi/newlib/lib/thumb/v7e-m/fpv4-sp/hard/crt0.o
 .data          0x00000000        0x0 E:/S32/S32DS/build_tools/gcc_b1620/gcc-6.3-arm32-eabi/arm-none-eabi/newlib/lib/thumb/v7e-m/fpv4-sp/hard/crt0.o
 .bss           0x00000000        0x0 E:/S32/S32DS/build_tools/gcc_b1620/gcc-6.3-arm32-eabi/arm-none-eabi/newlib/lib/thumb/v7e-m/fpv4-sp/hard/crt0.o
 .ARM.extab     0x00000000        0x0 E:/S32/S32DS/build_tools/gcc_b1620/gcc-6.3-arm32-eabi/arm-none-eabi/newlib/lib/thumb/v7e-m/fpv4-sp/hard/crt0.o
 .ARM.exidx     0x00000000       0x10 E:/S32/S32DS/build_tools/gcc_b1620/gcc-6.3-arm32-eabi/arm-none-eabi/newlib/lib/thumb/v7e-m/fpv4-sp/hard/crt0.o
 .ARM.attributes
                0x00000000       0x20 E:/S32/S32DS/build_tools/gcc_b1620/gcc-6.3-arm32-eabi/arm-none-eabi/newlib/lib/thumb/v7e-m/fpv4-sp/hard/crt0.o
 .data          0x00000000        0x0 ./Project_Settings/Startup_Code/startup_S32K144.o
 .bss           0x00000000        0x0 ./Project_Settings/Startup_Code/startup_S32K144.o
 .group         0x00000000        0xc ./SDK/platform/devices/S32K144/startup/system_S32K144.o
 .group         0x00000000        0xc ./SDK/platform/devices/S32K144/startup/system_S32K144.o
[...]
Memory Configuration

Name             Origin             Length             Attributes
m_interrupts     0x00000000         0x00000400         xr
m_flash_config   0x00000400         0x00000010         xr
m_text           0x00000410         0x0007fbf0         xr
m_data           0x1fff8000         0x00008000         rw
m_data_2         0x20000000         0x00007000         rw
*default*        0x00000000         0xffffffff

Linker script and memory map

LOAD e:/s32/s32ds/build_tools/gcc_b1620/gcc-6.3-arm32-eabi/bin/../lib/gcc/arm-none-eabi/6.3.1/thumb/v7e-m/fpv4-sp/hard/crti.o
LOAD e:/s32/s32ds/build_tools/gcc_b1620/gcc-6.3-arm32-eabi/bin/../lib/gcc/arm-none-eabi/6.3.1/thumb/v7e-m/fpv4-sp/hard/crtbegin.o
LOAD E:/S32/S32DS/build_tools/gcc_b1620/gcc-6.3-arm32-eabi/arm-none-eabi/newlib/lib/thumb/v7e-m/fpv4-sp/hard/crt0.o
LOAD ./Project_Settings/Startup_Code/startup_S32K144.o
LOAD ./SDK/platform/devices/S32K144/startup/system_S32K144.o
LOAD ./SDK/platform/devices/startup.o
LOAD ./SDK/platform/drivers/src/adc/adc_driver.o
LOAD ./SDK/platform/drivers/src/clock/S32K1xx/clock_S32K1xx.o
LOAD ./SDK/platform/drivers/src/edma/edma_driver.o
LOAD ./SDK/platform/drivers/src/edma/edma_hw_access.o
LOAD ./SDK/platform/drivers/src/edma/edma_irq.o
LOAD ./SDK/platform/drivers/src/flexcan/flexcan_driver.o
LOAD ./SDK/platform/drivers/src/flexcan/flexcan_hw_access.o
LOAD ./SDK/platform/drivers/src/flexcan/flexcan_irq.o
LOAD ./SDK/platform/drivers/src/interrupt/interrupt_manager.o
LOAD ./SDK/platform/drivers/src/pdb/pdb_driver.o
LOAD ./SDK/platform/drivers/src/pdb/pdb_hw_access.o
LOAD ./SDK/platform/drivers/src/pins/pins_driver.o
LOAD ./SDK/platform/drivers/src/pins/pins_port_hw_access.o
LOAD ./SDK/platform/drivers/src/trgmux/trgmux_driver.o
LOAD ./SDK/platform/drivers/src/trgmux/trgmux_hw_access.o
LOAD ./SDK/platform/pal/src/adc/adc_irq.o
LOAD ./SDK/platform/pal/src/adc/adc_pal.o
LOAD ./SDK/platform/pal/src/can/can_pal.o
LOAD ./SDK/rtos/osif/osif_baremetal.o
LOAD ./board/clock_config.o
LOAD ./board/peripherals_adc_config_1.o
LOAD ./board/peripherals_adc_pal_1.o
LOAD ./board/peripherals_can_pal1.o
LOAD ./board/peripherals_osif1.o
LOAD ./board/pin_mux.o
LOAD ./src/FlexCan.o
LOAD ./src/main.o
LOAD ./src/uds.o
START GROUP
LOAD e:/s32/s32ds/build_tools/gcc_b1620/gcc-6.3-arm32-eabi/bin/../lib/gcc/arm-none-eabi/6.3.1/thumb/v7e-m/fpv4-sp/hard\libgcc.a
LOAD E:/S32/S32DS/build_tools/gcc_b1620/gcc-6.3-arm32-eabi/arm-none-eabi/newlib/lib/thumb/v7e-m/fpv4-sp/hard\libc_nano.a
END GROUP
START GROUP
LOAD e:/s32/s32ds/build_tools/gcc_b1620/gcc-6.3-arm32-eabi/bin/../lib/gcc/arm-none-eabi/6.3.1/thumb/v7e-m/fpv4-sp/hard\libgcc.a
LOAD E:/S32/S32DS/build_tools/gcc_b1620/gcc-6.3-arm32-eabi/arm-none-eabi/newlib/lib/thumb/v7e-m/fpv4-sp/hard\libc_nano.a
LOAD E:/S32/S32DS/build_tools/gcc_b1620/gcc-6.3-arm32-eabi/arm-none-eabi/newlib/lib/thumb/v7e-m/fpv4-sp/hard\libnosys.a
END GROUP
START GROUP
LOAD e:/s32/s32ds/build_tools/gcc_b1620/gcc-6.3-arm32-eabi/bin/../lib/gcc/arm-none-eabi/6.3.1/thumb/v7e-m/fpv4-sp/hard\libgcc.a
LOAD E:/S32/S32DS/build_tools/gcc_b1620/gcc-6.3-arm32-eabi/arm-none-eabi/newlib/lib/thumb/v7e-m/fpv4-sp/hard\libc_nano.a
LOAD E:/S32/S32DS/build_tools/gcc_b1620/gcc-6.3-arm32-eabi/arm-none-eabi/newlib/lib/thumb/v7e-m/fpv4-sp/hard\libnosys.a
END GROUP
LOAD e:/s32/s32ds/build_tools/gcc_b1620/gcc-6.3-arm32-eabi/bin/../lib/gcc/arm-none-eabi/6.3.1/thumb/v7e-m/fpv4-sp/hard/crtend.o
LOAD e:/s32/s32ds/build_tools/gcc_b1620/gcc-6.3-arm32-eabi/bin/../lib/gcc/arm-none-eabi/6.3.1/thumb/v7e-m/fpv4-sp/hard/crtn.o
                0x00000400                HEAP_SIZE = DEFINED (__heap_size__)?__heap_size__:0x400
                0x00000400                STACK_SIZE = DEFINED (__stack_size__)?__stack_size__:0x400
                0x00000400                M_VECTOR_RAM_SIZE = DEFINED (__flash_vector_table__)?0x0:0x400

.interrupts     0x00000000      0x400
                0x00000000                __VECTOR_TABLE = .
                0x00000000                __interrupts_start__ = .
                0x00000000                . = ALIGN (0x4)
 *(.isr_vector)
 .isr_vector    0x00000000      0x400 ./Project_Settings/Startup_Code/startup_S32K144.o
                0x00000000                __isr_vector
                0x00000400                __interrupts_end__ = .
                0x00000400                . = ALIGN (0x4)

.flash_config   0x00000400       0x10
                0x00000400                . = ALIGN (0x4)
 *(.FlashConfig)
 .FlashConfig   0x00000400       0x10 ./Project_Settings/Startup_Code/startup_S32K144.o
                0x00000410                . = ALIGN (0x4)

.text           0x00000410     0x2058
                0x00000410                . = ALIGN (0x4)
 *(.text)
 .text          0x00000410       0x6c ./Project_Settings/Startup_Code/startup_S32K144.o
                0x00000410                Reset_Handler
                0x00000478                DebugMon_Handler
                0x00000478                Reserved88_IRQHandler
                0x00000478                HardFault_Handler
                0x00000478                Reserved86_IRQHandler
                0x00000478                Reserved103_IRQHandler
                0x00000478                FTM2_Ovf_Reload_IRQHandler
                0x00000478                Reserved50_IRQHandler
                0x00000478                FTFC_Fault_IRQHandler
                0x00000478                FTM0_Ch6_Ch7_IRQHandler
                0x00000478                Reserved114_IRQHandler
                0x00000478                PendSV_Handler
                0x00000478                NMI_Handler
                0x00000478                Reserved89_IRQHandler
                0x00000478                ERM_double_fault_IRQHandler
                0x00000478                Reserved59_IRQHandler
                0x00000478                LPIT0_Ch0_IRQHandler
                0x00000478                Reserved99_IRQHandler
                0x00000478                FTM3_Ch6_Ch7_IRQHandler
                0x00000478                LPIT0_Ch3_IRQHandler
                0x00000478                Reserved92_IRQHandler
                0x00000478                FTM0_Ch4_Ch5_IRQHandler
                0x00000478                FTM3_Ch0_Ch1_IRQHandler
                0x00000478                SWI_IRQHandler
                0x00000478                FTM2_Ch4_Ch5_IRQHandler
                0x00000478                UsageFault_Handler
                0x00000478                FTM0_Ovf_Reload_IRQHandler
                0x00000478                DefaultISR
                0x00000478                Reserved58_IRQHandler
                0x00000478                FTM1_Ch2_Ch3_IRQHandler
                0x00000478                Reserved82_IRQHandler
                0x00000478                LPI2C0_Slave_IRQHandler
                0x00000478                Reserved71_IRQHandler
                0x00000478                PORTD_IRQHandler
                0x00000478                Reserved69_IRQHandler
                0x00000478                PORTB_IRQHandler
                0x00000478                Reserved70_IRQHandler
                0x00000478                FTM2_Ch2_Ch3_IRQHandler
                0x00000478                Reserved53_IRQHandler
                0x00000478                RTC_IRQHandler
                0x00000478                PDB0_IRQHandler
                0x00000478                Reserved54_IRQHandler
                0x00000478                FTM2_Ch6_Ch7_IRQHandler
                0x00000478                FTM3_Ch2_Ch3_IRQHandler
                0x00000478                FTM2_Ch0_Ch1_IRQHandler
                0x00000478                LPSPI1_IRQHandler
                0x00000478                LPUART1_RxTx_IRQHandler
                0x00000478                RTC_Seconds_IRQHandler
                0x00000478                Reserved72_IRQHandler
                0x00000478                Reserved110_IRQHandler
                0x00000478                Reserved107_IRQHandler
                0x00000478                Read_Collision_IRQHandler
                0x00000478                FTFC_IRQHandler
                0x00000478                FTM1_Ch6_Ch7_IRQHandler
                0x00000478                Reserved105_IRQHandler
                0x00000478                LPIT0_Ch1_IRQHandler
                0x00000478                FTM1_Ch4_Ch5_IRQHandler
                0x00000478                FTM3_Ovf_Reload_IRQHandler
                0x00000478                LPUART2_RxTx_IRQHandler
                0x00000478                LPSPI0_IRQHandler
                0x00000478                WDOG_EWM_IRQHandler
                0x00000478                MemManage_Handler
                0x00000478                Reserved90_IRQHandler
                0x00000478                Reserved83_IRQHandler
                0x00000478                FTM0_Fault_IRQHandler
                0x00000478                Reserved48_IRQHandler
                0x00000478                SVC_Handler
                0x00000478                ERM_single_fault_IRQHandler
                0x00000478                FTM2_Fault_IRQHandler
                0x00000478                FTM0_Ch2_Ch3_IRQHandler
                0x00000478                FTM0_Ch0_Ch1_IRQHandler
                0x00000478                FTM3_Fault_IRQHandler
                0x00000478                RCM_IRQHandler
                0x00000478                Reserved100_IRQHandler
                0x00000478                Reserved91_IRQHandler
                0x00000478                SCG_IRQHandler
                0x00000478                PDB1_IRQHandler
                0x00000478                Reserved81_IRQHandler
                0x00000478                Reserved46_IRQHandler
                0x00000478                Reserved45_IRQHandler
                0x00000478                Reserved112_IRQHandler
                0x00000478                LPI2C0_Master_IRQHandler
                0x00000478                FTM1_Fault_IRQHandler
                0x00000478                Reserved106_IRQHandler
                0x00000478                LVD_LVW_IRQHandler
                0x00000478                LPIT0_Ch2_IRQHandler
                0x00000478                PORTA_IRQHandler
                0x00000478                MCM_IRQHandler
                0x00000478                LPSPI2_IRQHandler
                0x00000478                FTM3_Ch4_Ch5_IRQHandler
                0x00000478                PORTE_IRQHandler
                0x00000478                LPUART0_RxTx_IRQHandler
                0x00000478                LPTMR0_IRQHandler
                0x00000478                BusFault_Handler
                0x00000478                Reserved87_IRQHandler
                0x00000478                FTM1_Ovf_Reload_IRQHandler
                0x00000478                Reserved93_IRQHandler
                0x00000478                CMP0_IRQHandler
                0x00000478                Reserved52_IRQHandler
                0x00000478                PORTC_IRQHandler
                0x00000478                FTM1_Ch0_Ch1_IRQHandler
                0x00000478                FLEXIO_IRQHandler
                0x00000478                Reserved113_IRQHandler
 *(.text*)
 .text.SystemInit
                0x0000047c       0x3c ./SDK/platform/devices/S32K144/startup/system_S32K144.o
                0x0000047c                SystemInit
 .text.init_data_bss
                0x000004b8       0xd8 ./SDK/platform/devices/startup.o
                0x000004b8                init_data_bss
 .text.ADC_DRV_GetChanResult
                0x00000590       0x30 ./SDK/platform/drivers/src/adc/adc_driver.o
                0x00000590                ADC_DRV_GetChanResult
 .text.CLOCK_SYS_GetCurrentRunMode
                0x000005c0       0x24 ./SDK/platform/drivers/src/clock/S32K1xx/clock_S32K1xx.o
 .text.CLOCK_SYS_GetSysOscFreq
                0x000005e4       0x1c ./SDK/platform/drivers/src/clock/S32K1xx/clock_S32K1xx.o
 .text.CLOCK_SYS_ConfigureSOSC
                0x00000600      0x12c ./SDK/platform/drivers/src/clock/S32K1xx/clock_S32K1xx.o
 .text.CLOCK_SYS_GetSircFreq
                0x0000072c       0x2c ./SDK/platform/drivers/src/clock/S32K1xx/clock_S32K1xx.o
 .text.CLOCK_SYS_ConfigureSIRC
                0x00000758       0xc4 ./SDK/platform/drivers/src/clock/S32K1xx/clock_S32K1xx.o
 .text.CLOCK_SYS_GetFircFreq
                0x0000081c       0x20 ./SDK/platform/drivers/src/clock/S32K1xx/clock_S32K1xx.o
 .text.CLOCK_SYS_ConfigureFIRC
                0x0000083c       0xb4 ./SDK/platform/drivers/src/clock/S32K1xx/clock_S32K1xx.o
 .text.CLOCK_SYS_GetSysPllFreq
                0x000008f0       0x44 ./SDK/platform/drivers/src/clock/S32K1xx/clock_S32K1xx.o
 .text.CLOCK_SYS_ConfigureSPLL
                0x00000934      0x12c ./SDK/platform/drivers/src/clock/S32K1xx/clock_S32K1xx.o
 .text.CLOCK_SYS_SetSystemClockConfig
                0x00000a60      0x204 ./SDK/platform/drivers/src/clock/S32K1xx/clock_S32K1xx.o
 .text.CLOCK_SYS_TransitionSystemClock
                0x00000c64       0x54 ./SDK/platform/drivers/src/clock/S32K1xx/clock_S32K1xx.o
 .text.CLOCK_DRV_Init
                0x00000cb8      0x610 ./SDK/platform/drivers/src/clock/S32K1xx/clock_S32K1xx.o
                0x00000cb8                CLOCK_DRV_Init
 .text.EDMA_DRV_ClearIntStatus
                0x000012c8       0x20 ./SDK/platform/drivers/src/edma/edma_driver.o
 .text.EDMA_DRV_IRQHandler
                0x000012e8       0x20 ./SDK/platform/drivers/src/edma/edma_driver.o
                0x000012e8                EDMA_DRV_IRQHandler
 .text.EDMA_DRV_ErrorIRQHandler
                0x00001308       0x40 ./SDK/platform/drivers/src/edma/edma_driver.o
                0x00001308                EDMA_DRV_ErrorIRQHandler
 .text.EDMA_DRV_StopChannel
                0x00001348       0x38 ./SDK/platform/drivers/src/edma/edma_driver.o
                0x00001348                EDMA_DRV_StopChannel
 .text.EDMA_DRV_GetDmaRegBaseAddr
                0x00001380       0x10 ./SDK/platform/drivers/src/edma/edma_driver.o
                0x00001380                EDMA_DRV_GetDmaRegBaseAddr
 .text.EDMA_SetDmaRequestCmd
                0x00001390        0xa ./SDK/platform/drivers/src/edma/edma_hw_access.o
                0x00001390                EDMA_SetDmaRequestCmd
 .text.DMA0_IRQHandler
                0x0000139a        0xa ./SDK/platform/drivers/src/edma/edma_irq.o
                0x0000139a                DMA0_IRQHandler
 .text.DMA1_IRQHandler
                0x000013a4        0xa ./SDK/platform/drivers/src/edma/edma_irq.o
                0x000013a4                DMA1_IRQHandler
 .text.DMA2_IRQHandler
                0x000013ae        0xa ./SDK/platform/drivers/src/edma/edma_irq.o
                0x000013ae                DMA2_IRQHandler
 .text.DMA3_IRQHandler
                0x000013b8        0xa ./SDK/platform/drivers/src/edma/edma_irq.o
                0x000013b8                DMA3_IRQHandler
 .text.DMA4_IRQHandler
                0x000013c2        0xa ./SDK/platform/drivers/src/edma/edma_irq.o
                0x000013c2                DMA4_IRQHandler
 .text.DMA5_IRQHandler
                0x000013cc        0xa ./SDK/platform/drivers/src/edma/edma_irq.o
                0x000013cc                DMA5_IRQHandler
 .text.DMA6_IRQHandler
                0x000013d6        0xa ./SDK/platform/drivers/src/edma/edma_irq.o
                0x000013d6                DMA6_IRQHandler
 .text.DMA7_IRQHandler
                0x000013e0        0xa ./SDK/platform/drivers/src/edma/edma_irq.o
                0x000013e0                DMA7_IRQHandler
 .text.DMA8_IRQHandler
                0x000013ea        0xa ./SDK/platform/drivers/src/edma/edma_irq.o
                0x000013ea                DMA8_IRQHandler
 .text.DMA9_IRQHandler
                0x000013f4        0xa ./SDK/platform/drivers/src/edma/edma_irq.o
                0x000013f4                DMA9_IRQHandler
 .text.DMA10_IRQHandler
                0x000013fe        0xa ./SDK/platform/drivers/src/edma/edma_irq.o
                0x000013fe                DMA10_IRQHandler
 .text.DMA11_IRQHandler
                0x00001408        0xa ./SDK/platform/drivers/src/edma/edma_irq.o
                0x00001408                DMA11_IRQHandler
 .text.DMA12_IRQHandler
                0x00001412        0xa ./SDK/platform/drivers/src/edma/edma_irq.o
                0x00001412                DMA12_IRQHandler
 .text.DMA13_IRQHandler
                0x0000141c        0xa ./SDK/platform/drivers/src/edma/edma_irq.o
                0x0000141c                DMA13_IRQHandler
 .text.DMA14_IRQHandler
                0x00001426        0xa ./SDK/platform/drivers/src/edma/edma_irq.o
                0x00001426                DMA14_IRQHandler
 .text.DMA15_IRQHandler
                0x00001430        0xa ./SDK/platform/drivers/src/edma/edma_irq.o
                0x00001430                DMA15_IRQHandler
 .text.DMA_Error_IRQHandler
                0x0000143a       0x28 ./SDK/platform/drivers/src/edma/edma_irq.o
                0x0000143a                DMA_Error_IRQHandler
 *fill*         0x00001462        0x2 
 .text.FLEXCAN_CompleteRxMessageFifoData
                0x00001464       0xbc ./SDK/platform/drivers/src/flexcan/flexcan_driver.o
 .text.FLEXCAN_CompleteTransfer
                0x00001520       0x3c ./SDK/platform/drivers/src/flexcan/flexcan_driver.o
 .text.FLEXCAN_BusOff_IRQHandler
                0x0000155c       0x30 ./SDK/platform/drivers/src/flexcan/flexcan_driver.o
                0x0000155c                FLEXCAN_BusOff_IRQHandler
 .text.FLEXCAN_IRQHandler
                0x0000158c      0x248 ./SDK/platform/drivers/src/flexcan/flexcan_driver.o
                0x0000158c                FLEXCAN_IRQHandler
 .text.FLEXCAN_Error_IRQHandler
                0x000017d4       0x30 ./SDK/platform/drivers/src/flexcan/flexcan_driver.o
                0x000017d4                FLEXCAN_Error_IRQHandler
 .text.FLEXCAN_WakeUpHandler
                0x00001804       0x74 ./SDK/platform/drivers/src/flexcan/flexcan_driver.o
                0x00001804                FLEXCAN_WakeUpHandler
 .text.FLEXCAN_ComputePayloadSize
                0x00001878       0x36 ./SDK/platform/drivers/src/flexcan/flexcan_hw_access.o
 .text.FLEXCAN_SetMsgBuffIntCmd
                0x000018ae       0x24 ./SDK/platform/drivers/src/flexcan/flexcan_hw_access.o
                0x000018ae                FLEXCAN_SetMsgBuffIntCmd
 *fill*         0x000018d2        0x2 
 .text.FLEXCAN_ClearErrIntStatusFlag
                0x000018d4       0x18 ./SDK/platform/drivers/src/flexcan/flexcan_hw_access.o
                0x000018d4                FLEXCAN_ClearErrIntStatusFlag
 .text.FLEXCAN_ClearBusOffIntStatusFlag
                0x000018ec       0x14 ./SDK/platform/drivers/src/flexcan/flexcan_hw_access.o
                0x000018ec                FLEXCAN_ClearBusOffIntStatusFlag
 .text.FLEXCAN_ReadRxFifo
                0x00001900       0x58 ./SDK/platform/drivers/src/flexcan/flexcan_hw_access.o
                0x00001900                FLEXCAN_ReadRxFifo
 .text.FLEXCAN_GetPayloadSize
                0x00001958       0x20 ./SDK/platform/drivers/src/flexcan/flexcan_hw_access.o
                0x00001958                FLEXCAN_GetPayloadSize
 .text.FLEXCAN_GetMsgBuffRegion
                0x00001978       0x30 ./SDK/platform/drivers/src/flexcan/flexcan_hw_access.o
                0x00001978                FLEXCAN_GetMsgBuffRegion
 .text.FLEXCAN_LockRxMsgBuff
                0x000019a8        0xa ./SDK/platform/drivers/src/flexcan/flexcan_hw_access.o
                0x000019a8                FLEXCAN_LockRxMsgBuff
 .text.FLEXCAN_GetMsgBuff
                0x000019b2       0x92 ./SDK/platform/drivers/src/flexcan/flexcan_hw_access.o
                0x000019b2                FLEXCAN_GetMsgBuff
 .text.CAN0_ORed_IRQHandler
                0x00001a44        0xa ./SDK/platform/drivers/src/flexcan/flexcan_irq.o
                0x00001a44                CAN0_ORed_IRQHandler
 .text.CAN0_Error_IRQHandler
                0x00001a4e        0xa ./SDK/platform/drivers/src/flexcan/flexcan_irq.o
                0x00001a4e                CAN0_Error_IRQHandler
 .text.CAN0_Wake_Up_IRQHandler
                0x00001a58        0xa ./SDK/platform/drivers/src/flexcan/flexcan_irq.o
                0x00001a58                CAN0_Wake_Up_IRQHandler
 .text.CAN0_ORed_0_15_MB_IRQHandler
                0x00001a62        0xa ./SDK/platform/drivers/src/flexcan/flexcan_irq.o
                0x00001a62                CAN0_ORed_0_15_MB_IRQHandler
 .text.CAN0_ORed_16_31_MB_IRQHandler
                0x00001a6c        0xa ./SDK/platform/drivers/src/flexcan/flexcan_irq.o
                0x00001a6c                CAN0_ORed_16_31_MB_IRQHandler
 .text.CAN1_ORed_IRQHandler
                0x00001a76        0xa ./SDK/platform/drivers/src/flexcan/flexcan_irq.o
                0x00001a76                CAN1_ORed_IRQHandler
 .text.CAN1_Error_IRQHandler
                0x00001a80        0xa ./SDK/platform/drivers/src/flexcan/flexcan_irq.o
                0x00001a80                CAN1_Error_IRQHandler
 .text.CAN1_ORed_0_15_MB_IRQHandler
                0x00001a8a        0xa ./SDK/platform/drivers/src/flexcan/flexcan_irq.o
                0x00001a8a                CAN1_ORed_0_15_MB_IRQHandler
 .text.CAN2_ORed_IRQHandler
                0x00001a94        0xa ./SDK/platform/drivers/src/flexcan/flexcan_irq.o
                0x00001a94                CAN2_ORed_IRQHandler
 .text.CAN2_Error_IRQHandler
                0x00001a9e        0xa ./SDK/platform/drivers/src/flexcan/flexcan_irq.o
                0x00001a9e                CAN2_Error_IRQHandler
 .text.CAN2_ORed_0_15_MB_IRQHandler
                0x00001aa8        0xa ./SDK/platform/drivers/src/flexcan/flexcan_irq.o
                0x00001aa8                CAN2_ORed_0_15_MB_IRQHandler
 *fill*         0x00001ab2        0x2 
 .text.INT_SYS_EnableIRQGlobal
                0x00001ab4       0x1c ./SDK/platform/drivers/src/interrupt/interrupt_manager.o
                0x00001ab4                INT_SYS_EnableIRQGlobal
 .text.INT_SYS_DisableIRQGlobal
                0x00001ad0       0x10 ./SDK/platform/drivers/src/interrupt/interrupt_manager.o
                0x00001ad0                INT_SYS_DisableIRQGlobal
 .text.PDB_DRV_SoftTriggerCmd
                0x00001ae0       0x24 ./SDK/platform/drivers/src/pdb/pdb_driver.o
                0x00001ae0                PDB_DRV_SoftTriggerCmd
 .text.PINS_DRV_Init
                0x00001b04       0x20 ./SDK/platform/drivers/src/pins/pins_driver.o
                0x00001b04                PINS_DRV_Init
 .text.PINS_GetAdcInterleaveVal
                0x00001b24       0x70 ./SDK/platform/drivers/src/pins/pins_port_hw_access.o
 .text.PINS_Init
                0x00001b94      0x138 ./SDK/platform/drivers/src/pins/pins_port_hw_access.o
                0x00001b94                PINS_Init
 .text.ADC0_IRQHandler
                0x00001ccc        0xa ./SDK/platform/pal/src/adc/adc_irq.o
                0x00001ccc                ADC0_IRQHandler
 .text.ADC1_IRQHandler
                0x00001cd6        0xa ./SDK/platform/pal/src/adc/adc_irq.o
                0x00001cd6                ADC1_IRQHandler
 .text.ADC_S32K1xx_IrqHandler
                0x00001ce0       0xd0 ./SDK/platform/pal/src/adc/adc_pal.o
                0x00001ce0                ADC_S32K1xx_IrqHandler
 .text.SysTick_Handler
                0x00001db0       0x10 ./SDK/rtos/osif/osif_baremetal.o
                0x00001db0                SysTick_Handler
 .text.OSIF_SemaPost
                0x00001dc0       0x2c ./SDK/rtos/osif/osif_baremetal.o
                0x00001dc0                OSIF_SemaPost
 .text.FLEXCAN0_init
                0x00001dec       0xa4 ./src/FlexCan.o
                0x00001dec                FLEXCAN0_init
 .text.FLEXCAN0_transmit_msg
                0x00001e90       0x5c ./src/FlexCan.o
                0x00001e90                FLEXCAN0_transmit_msg
 .text.FLEXCAN0_receive_msg
                0x00001eec       0x64 ./src/FlexCan.o
                0x00001eec                FLEXCAN0_receive_msg
 .text.ADCInit  0x00001f50       0x54 ./src/main.o
                0x00001f50                ADCInit
 .text.ReadADCValue
                0x00001fa4       0x1c ./src/main.o
                0x00001fa4                ReadADCValue
 .text.BoardInit
                0x00001fc0       0x20 ./src/main.o
                0x00001fc0                BoardInit
 .text.main     0x00001fe0       0x22 ./src/main.o
                0x00001fe0                main
 *fill*         0x00002002        0x2 
 .text.handleECUReset
                0x00002004       0xac ./src/uds.o
                0x00002004                handleECUReset
 .text.handleWriteDataByIdentifier
                0x000020b0       0xac ./src/uds.o
                0x000020b0                handleWriteDataByIdentifier
 .text.handleReadDataByIdentifier
                0x0000215c       0xe0 ./src/uds.o
                0x0000215c                handleReadDataByIdentifier
 .text.UDS_DispatchService
                0x0000223c       0x6c ./src/uds.o
                0x0000223c                UDS_DispatchService
 *(.rodata)
 *(.rodata*)
 .rodata.s_adcBase
                0x000022a8        0x8 ./SDK/platform/drivers/src/adc/adc_driver.o
 .rodata.clockNameMappings
                0x000022b0       0x9e ./SDK/platform/drivers/src/clock/S32K1xx/clock_S32K1xx.o
                0x000022b0                clockNameMappings
 *fill*         0x0000234e        0x2 
 .rodata.maxSysClksInHSRUN.7631
                0x00002350       0x54 ./SDK/platform/drivers/src/clock/S32K1xx/clock_S32K1xx.o
 .rodata.maxSysClksInRUN.7630
                0x000023a4       0x54 ./SDK/platform/drivers/src/clock/S32K1xx/clock_S32K1xx.o
 .rodata.maxSysClksInVLPR.7629
                0x000023f8       0x54 ./SDK/platform/drivers/src/clock/S32K1xx/clock_S32K1xx.o
 .rodata.g_flexcanBase
                0x0000244c        0xc ./SDK/platform/drivers/src/flexcan/flexcan_driver.o
 .rodata.s_pdbBase
                0x00002458        0x8 ./SDK/platform/drivers/src/pdb/pdb_driver.o
 *(.init)
 .init          0x00002460        0x4 e:/s32/s32ds/build_tools/gcc_b1620/gcc-6.3-arm32-eabi/bin/../lib/gcc/arm-none-eabi/6.3.1/thumb/v7e-m/fpv4-sp/hard/crti.o
                0x00002460                _init
 *(.fini)
 .fini          0x00002464        0x4 e:/s32/s32ds/build_tools/gcc_b1620/gcc-6.3-arm32-eabi/bin/../lib/gcc/arm-none-eabi/6.3.1/thumb/v7e-m/fpv4-sp/hard/crti.o
                0x00002464                _fini
 *(.eh_frame)
                0x00002468                . = ALIGN (0x4)

.glue_7         0x00002468        0x0
 .glue_7        0x00002468        0x0 linker stubs

.glue_7t        0x00002468        0x0
 .glue_7t       0x00002468        0x0 linker stubs

.vfp11_veneer   0x00002468        0x0
 .vfp11_veneer  0x00002468        0x0 linker stubs

.v4_bx          0x00002468        0x0
 .v4_bx         0x00002468        0x0 linker stubs

.iplt           0x00002468        0x0
 .iplt          0x00002468        0x0 ./Project_Settings/Startup_Code/startup_S32K144.o

.rel.dyn        0x00002468        0x0
 .rel.iplt      0x00002468        0x0 ./Project_Settings/Startup_Code/startup_S32K144.o

.ARM            0x00002468        0x0
                0x00002468                __exidx_start = .
 *(.ARM.exidx*)
                0x00002468                __exidx_end = .
                0x00002468                __etext = .
                0x00002468                __DATA_ROM = .

.interrupts_ram
                0x1fff8000      0x400
                0x1fff8000                . = ALIGN (0x4)
                0x1fff8000                __VECTOR_RAM__ = .
                0x1fff8000                __RAM_START = .
                0x1fff8000                __interrupts_ram_start__ = .
 *(.m_interrupts_ram)
                0x1fff8400                . = (. + M_VECTOR_RAM_SIZE)
 *fill*         0x1fff8000      0x400 
                0x1fff8400                . = ALIGN (0x4)
                0x1fff8400                __interrupts_ram_end__ = .
                0x1fff8000                __VECTOR_RAM = DEFINED (__flash_vector_table__)?ORIGIN (m_interrupts):__VECTOR_RAM__
                0x00000400                __RAM_VECTOR_TABLE_SIZE = DEFINED (__flash_vector_table__)?0x0:(__interrupts_ram_end__ - __interrupts_ram_start__)

.data           0x1fff8400      0x2a4 load address 0x00002468
                0x1fff8400                . = ALIGN (0x4)
                0x1fff8400                __DATA_RAM = .
                0x1fff8400                __data_start__ = .
 *(.data)
 *(.data*)
 .data.peripheralClockConfig.7378
                0x1fff8400       0xa0 ./SDK/platform/drivers/src/clock/S32K1xx/clock_S32K1xx.o
 .data.clockMan1_InitConfig0
                0x1fff84a0       0x88 ./board/clock_config.o
                0x1fff84a0                clockMan1_InitConfig0
 .data.peripheralClockConfig0
                0x1fff8528       0xa0 ./board/clock_config.o
                0x1fff8528                peripheralClockConfig0
 .data.g_pin_mux_InitConfigArr0
                0x1fff85c8       0xd8 ./board/pin_mux.o
                0x1fff85c8                g_pin_mux_InitConfigArr0
 .data.currentSecurityLevel
                0x1fff86a0        0x1 ./src/uds.o
                0x1fff86a0                currentSecurityLevel
 *fill*         0x1fff86a1        0x1 
 .data.engineTemp
                0x1fff86a2        0x2 ./src/uds.o
                0x1fff86a2                engineTemp
                0x1fff86a4                . = ALIGN (0x4)
                0x1fff86a4                __data_end__ = .
                0x0000270c                __DATA_END = (__DATA_ROM + (__data_end__ - __data_start__))
                0x0000270c                __CODE_ROM = __DATA_END

.igot.plt       0x1fff86a4        0x0 load address 0x0000270c
 .igot.plt      0x1fff86a4        0x0 ./Project_Settings/Startup_Code/startup_S32K144.o

.code           0x1fff86a4        0x0 load address 0x0000270c
                0x1fff86a4                . = ALIGN (0x4)
                0x1fff86a4                __CODE_RAM = .
                0x1fff86a4                __code_start__ = .
                0x1fff86a4                __code_ram_start__ = .
 *(.code_ram)
                0x1fff86a4                . = ALIGN (0x4)
                0x1fff86a4                __code_end__ = .
                0x1fff86a4                __code_ram_end__ = .
                0x0000270c                __CODE_END = (__CODE_ROM + (__code_end__ - __code_start__))
                0x0000270c                __CUSTOM_ROM = __CODE_END

.customSectionBlock
                0x20000000        0x0 load address 0x0000270c
                0x20000000                __customSection_start__ = .
 *(.customSection)
                0x20000000                __customSection_end__ = .
                0x0000270c                __CUSTOM_END = (__CUSTOM_ROM + (__customSection_end__ - __customSection_start__))
                0x0000270c                __rom_end = __CUSTOM_END

.bss            0x20000000       0x74
                0x20000000                . = ALIGN (0x4)
                0x20000000                __BSS_START = .
                0x20000000                __bss_start__ = .
 *(.bss)
 *(.bss*)
 .bss.g_RtcClkInFreq
                0x20000000        0x4 ./SDK/platform/drivers/src/clock/S32K1xx/clock_S32K1xx.o
                0x20000000                g_RtcClkInFreq
 .bss.g_TClkFreq
                0x20000004        0xc ./SDK/platform/drivers/src/clock/S32K1xx/clock_S32K1xx.o
                0x20000004                g_TClkFreq
 .bss.g_xtal0ClkFreq
                0x20000010        0x4 ./SDK/platform/drivers/src/clock/S32K1xx/clock_S32K1xx.o
                0x20000010                g_xtal0ClkFreq
 .bss.s_virtEdmaState
                0x20000014        0x4 ./SDK/platform/drivers/src/edma/edma_driver.o
 .bss.g_flexcanStatePtr
                0x20000018        0xc ./SDK/platform/drivers/src/flexcan/flexcan_driver.o
 .bss.g_interruptDisableCount
                0x20000024        0x4 ./SDK/platform/drivers/src/interrupt/interrupt_manager.o
 .bss.adcPalState
                0x20000028       0x38 ./SDK/platform/pal/src/adc/adc_pal.o
 .bss.s_osif_tick_cnt
                0x20000060        0x4 ./SDK/rtos/osif/osif_baremetal.o
 .bss.msg_tx    0x20000064       0x10 ./src/uds.o
                0x20000064                msg_tx
 *(COMMON)
                0x20000074                . = ALIGN (0x4)
                0x20000074                __bss_end__ = .
                0x20000074                __BSS_END = .

.heap           0x20000074      0x404
                0x20000078                . = ALIGN (0x8)
 *fill*         0x20000074        0x4 
                0x20000078                __end__ = .
                0x20000078                __heap_start__ = .
                [!provide]                PROVIDE (end = .)
                [!provide]                PROVIDE (_end = .)
                [!provide]                PROVIDE (__end = .)
                0x20000078                __HeapBase = .
                0x20000478                . = (. + HEAP_SIZE)
 *fill*         0x20000078      0x400 
                0x20000478                __HeapLimit = .
                0x20000478                __heap_limit = .
                0x20000478                __heap_end__ = .
                0x20007000                __StackTop = (ORIGIN (m_data_2) + LENGTH (m_data_2))
                0x20006c00                __StackLimit = (__StackTop - STACK_SIZE)
                0x20007000                PROVIDE (__stack = __StackTop)
                0x20007000                __RAM_END = __StackTop

.stack          0x20006c00      0x400
                0x20006c00                . = ALIGN (0x8)
                0x20006c00                __stack_start__ = .
                0x20007000                . = (. + STACK_SIZE)
 *fill*         0x20006c00      0x400 
                0x20007000                __stack_end__ = .

.ARM.attributes
                0x00000000       0x30
 *(.ARM.attributes)
 .ARM.attributes
                0x00000000       0x22 e:/s32/s32ds/build_tools/gcc_b1620/gcc-6.3-arm32-eabi/bin/../lib/gcc/arm-none-eabi/6.3.1/thumb/v7e-m/fpv4-sp/hard/crti.o
 .ARM.attributes
                0x00000022       0x1f ./Project_Settings/Startup_Code/startup_S32K144.o
 .ARM.attributes
                0x00000041       0x39 ./SDK/platform/devices/S32K144/startup/system_S32K144.o
 .ARM.attributes
                0x0000007a       0x39 ./SDK/platform/devices/startup.o
 .ARM.attributes
                0x000000b3       0x39 ./SDK/platform/drivers/src/adc/adc_driver.o
 .ARM.attributes
                0x000000ec       0x39 ./SDK/platform/drivers/src/clock/S32K1xx/clock_S32K1xx.o
 .ARM.attributes
                0x00000125       0x39 ./SDK/platform/drivers/src/edma/edma_driver.o
 .ARM.attributes
                0x0000015e       0x39 ./SDK/platform/drivers/src/edma/edma_hw_access.o
 .ARM.attributes
                0x00000197       0x39 ./SDK/platform/drivers/src/edma/edma_irq.o
 .ARM.attributes
                0x000001d0       0x39 ./SDK/platform/drivers/src/flexcan/flexcan_driver.o
 .ARM.attributes
                0x00000209       0x39 ./SDK/platform/drivers/src/flexcan/flexcan_hw_access.o
 .ARM.attributes
                0x00000242       0x39 ./SDK/platform/drivers/src/flexcan/flexcan_irq.o
 .ARM.attributes
                0x0000027b       0x39 ./SDK/platform/drivers/src/interrupt/interrupt_manager.o
 .ARM.attributes
                0x000002b4       0x39 ./SDK/platform/drivers/src/pdb/pdb_driver.o
 .ARM.attributes
                0x000002ed       0x39 ./SDK/platform/drivers/src/pins/pins_driver.o
 .ARM.attributes
                0x00000326       0x39 ./SDK/platform/drivers/src/pins/pins_port_hw_access.o
 .ARM.attributes
                0x0000035f       0x39 ./SDK/platform/pal/src/adc/adc_irq.o
 .ARM.attributes
                0x00000398       0x39 ./SDK/platform/pal/src/adc/adc_pal.o
 .ARM.attributes
                0x000003d1       0x39 ./SDK/rtos/osif/osif_baremetal.o
 .ARM.attributes
                0x0000040a       0x39 ./board/clock_config.o
 .ARM.attributes
                0x00000443       0x39 ./board/pin_mux.o
 .ARM.attributes
                0x0000047c       0x39 ./src/FlexCan.o
 .ARM.attributes
                0x000004b5       0x39 ./src/main.o
 .ARM.attributes
                0x000004ee       0x39 ./src/uds.o
                0x00000001                ASSERT ((__rom_end <= (ORIGIN (m_text) + LENGTH (m_text))), Region m_text overflowed!)
                0x00000001                ASSERT ((__StackLimit >= __HeapLimit), region m_data_2 overflowed with stack and heap)
OUTPUT(can_pal_s32k144_adccan.elf elf32-littlearm)

.debug_line     0x00000000     0xae68
 .debug_line    0x00000000       0xc2 ./Project_Settings/Startup_Code/startup_S32K144.o
 .debug_line    0x000000c2      0x3d7 ./SDK/platform/devices/S32K144/startup/system_S32K144.o
 .debug_line    0x00000499      0x36f ./SDK/platform/devices/startup.o
 .debug_line    0x00000808      0xb21 ./SDK/platform/drivers/src/adc/adc_driver.o
 .debug_line    0x00001329     0x14b1 ./SDK/platform/drivers/src/clock/S32K1xx/clock_S32K1xx.o
 .debug_line    0x000027da     0x1083 ./SDK/platform/drivers/src/edma/edma_driver.o
 .debug_line    0x0000385d      0x5c2 ./SDK/platform/drivers/src/edma/edma_hw_access.o
 .debug_line    0x00003e1f      0x529 ./SDK/platform/drivers/src/edma/edma_irq.o
 .debug_line    0x00004348     0x12ea ./SDK/platform/drivers/src/flexcan/flexcan_driver.o
 .debug_line    0x00005632      0xabb ./SDK/platform/drivers/src/flexcan/flexcan_hw_access.o
 .debug_line    0x000060ed      0x459 ./SDK/platform/drivers/src/flexcan/flexcan_irq.o
 .debug_line    0x00006546      0x554 ./SDK/platform/drivers/src/interrupt/interrupt_manager.o
 .debug_line    0x00006a9a      0x828 ./SDK/platform/drivers/src/pdb/pdb_driver.o
 .debug_line    0x000072c2      0x69b ./SDK/platform/drivers/src/pins/pins_driver.o
 .debug_line    0x0000795d      0x55a ./SDK/platform/drivers/src/pins/pins_port_hw_access.o
 .debug_line    0x00007eb7      0x551 ./SDK/platform/pal/src/adc/adc_irq.o
 .debug_line    0x00008408      0xa2d ./SDK/platform/pal/src/adc/adc_pal.o
 .debug_line    0x00008e35      0x5f0 ./SDK/rtos/osif/osif_baremetal.o
 .debug_line    0x00009425      0x3fb ./board/clock_config.o
 .debug_line    0x00009820      0x39e ./board/pin_mux.o
 .debug_line    0x00009bbe      0x7ac ./src/FlexCan.o
 .debug_line    0x0000a36a      0x7a3 ./src/main.o
 .debug_line    0x0000ab0d      0x35b ./src/uds.o

.debug_info     0x00000000    0x2548d
 .debug_info    0x00000000       0x26 ./Project_Settings/Startup_Code/startup_S32K144.o
 .debug_info    0x00000026      0x521 ./SDK/platform/devices/S32K144/startup/system_S32K144.o
 .debug_info    0x00000547      0x2ad ./SDK/platform/devices/startup.o
 .debug_info    0x000007f4     0x3544 ./SDK/platform/drivers/src/adc/adc_driver.o
 .debug_info    0x00003d38     0x6226 ./SDK/platform/drivers/src/clock/S32K1xx/clock_S32K1xx.o
 .debug_info    0x00009f5e     0x489e ./SDK/platform/drivers/src/edma/edma_driver.o
 .debug_info    0x0000e7fc      0xa52 ./SDK/platform/drivers/src/edma/edma_hw_access.o
 .debug_info    0x0000f24e      0x6da ./SDK/platform/drivers/src/edma/edma_irq.o
 .debug_info    0x0000f928     0x5b81 ./SDK/platform/drivers/src/flexcan/flexcan_driver.o
 .debug_info    0x000154a9     0x2028 ./SDK/platform/drivers/src/flexcan/flexcan_hw_access.o
 .debug_info    0x000174d1      0x280 ./SDK/platform/drivers/src/flexcan/flexcan_irq.o
 .debug_info    0x00017751      0xc99 ./SDK/platform/drivers/src/interrupt/interrupt_manager.o
 .debug_info    0x000183ea     0x1ec5 ./SDK/platform/drivers/src/pdb/pdb_driver.o
 .debug_info    0x0001a2af     0x14b7 ./SDK/platform/drivers/src/pins/pins_driver.o
 .debug_info    0x0001b766      0x9a5 ./SDK/platform/drivers/src/pins/pins_port_hw_access.o
 .debug_info    0x0001c10b      0x155 ./SDK/platform/pal/src/adc/adc_irq.o
 .debug_info    0x0001c260     0x28b6 ./SDK/platform/pal/src/adc/adc_pal.o
 .debug_info    0x0001eb16      0xbce ./SDK/rtos/osif/osif_baremetal.o
 .debug_info    0x0001f6e4     0x12b9 ./board/clock_config.o
 .debug_info    0x0002099d      0x409 ./board/pin_mux.o
 .debug_info    0x00020da6     0x2160 ./src/FlexCan.o
 .debug_info    0x00022f06     0x205a ./src/main.o
 .debug_info    0x00024f60      0x52d ./src/uds.o

.debug_abbrev   0x00000000     0x34d5
 .debug_abbrev  0x00000000       0x14 ./Project_Settings/Startup_Code/startup_S32K144.o
 .debug_abbrev  0x00000014      0x141 ./SDK/platform/devices/S32K144/startup/system_S32K144.o
 .debug_abbrev  0x00000155       0xe1 ./SDK/platform/devices/startup.o
 .debug_abbrev  0x00000236      0x3a1 ./SDK/platform/drivers/src/adc/adc_driver.o
 .debug_abbrev  0x000005d7      0x409 ./SDK/platform/drivers/src/clock/S32K1xx/clock_S32K1xx.o
 .debug_abbrev  0x000009e0      0x412 ./SDK/platform/drivers/src/edma/edma_driver.o
 .debug_abbrev  0x00000df2      0x240 ./SDK/platform/drivers/src/edma/edma_hw_access.o
 .debug_abbrev  0x00001032      0x1b9 ./SDK/platform/drivers/src/edma/edma_irq.o
 .debug_abbrev  0x000011eb      0x45b ./SDK/platform/drivers/src/flexcan/flexcan_driver.o
 .debug_abbrev  0x00001646      0x3a5 ./SDK/platform/drivers/src/flexcan/flexcan_hw_access.o
 .debug_abbrev  0x000019eb       0x6d ./SDK/platform/drivers/src/flexcan/flexcan_irq.o
 .debug_abbrev  0x00001a58      0x278 ./SDK/platform/drivers/src/interrupt/interrupt_manager.o
 .debug_abbrev  0x00001cd0      0x397 ./SDK/platform/drivers/src/pdb/pdb_driver.o
 .debug_abbrev  0x00002067      0x2f6 ./SDK/platform/drivers/src/pins/pins_driver.o
 .debug_abbrev  0x0000235d      0x232 ./SDK/platform/drivers/src/pins/pins_port_hw_access.o
 .debug_abbrev  0x0000258f       0xa6 ./SDK/platform/pal/src/adc/adc_irq.o
 .debug_abbrev  0x00002635      0x398 ./SDK/platform/pal/src/adc/adc_pal.o
 .debug_abbrev  0x000029cd      0x2df ./SDK/rtos/osif/osif_baremetal.o
 .debug_abbrev  0x00002cac      0x125 ./board/clock_config.o
 .debug_abbrev  0x00002dd1       0xcd ./board/pin_mux.o
 .debug_abbrev  0x00002e9e      0x206 ./src/FlexCan.o
 .debug_abbrev  0x000030a4      0x21a ./src/main.o
 .debug_abbrev  0x000032be      0x217 ./src/uds.o

.debug_aranges  0x00000000      0xc50
 .debug_aranges
                0x00000000       0x20 ./Project_Settings/Startup_Code/startup_S32K144.o
 .debug_aranges
                0x00000020       0x30 ./SDK/platform/devices/S32K144/startup/system_S32K144.o
 .debug_aranges
                0x00000050       0x20 ./SDK/platform/devices/startup.o
 .debug_aranges
                0x00000070       0xe8 ./SDK/platform/drivers/src/adc/adc_driver.o
 .debug_aranges
                0x00000158      0x128 ./SDK/platform/drivers/src/clock/S32K1xx/clock_S32K1xx.o
 .debug_aranges
                0x00000280      0x140 ./SDK/platform/drivers/src/edma/edma_driver.o
 .debug_aranges
                0x000003c0       0x88 ./SDK/platform/drivers/src/edma/edma_hw_access.o
 .debug_aranges
                0x00000448       0xa0 ./SDK/platform/drivers/src/edma/edma_irq.o
 .debug_aranges
                0x000004e8      0x198 ./SDK/platform/drivers/src/flexcan/flexcan_driver.o
 .debug_aranges
                0x00000680       0xf8 ./SDK/platform/drivers/src/flexcan/flexcan_hw_access.o
 .debug_aranges
                0x00000778       0x80 ./SDK/platform/drivers/src/flexcan/flexcan_irq.o
 .debug_aranges
                0x000007f8       0x70 ./SDK/platform/drivers/src/interrupt/interrupt_manager.o
 .debug_aranges
                0x00000868       0xc0 ./SDK/platform/drivers/src/pdb/pdb_driver.o
 .debug_aranges
                0x00000928       0xe0 ./SDK/platform/drivers/src/pins/pins_driver.o
 .debug_aranges
                0x00000a08       0x40 ./SDK/platform/drivers/src/pins/pins_port_hw_access.o
 .debug_aranges
                0x00000a48       0x28 ./SDK/platform/pal/src/adc/adc_irq.o
 .debug_aranges
                0x00000a70       0x78 ./SDK/platform/pal/src/adc/adc_pal.o
 .debug_aranges
                0x00000ae8       0x70 ./SDK/rtos/osif/osif_baremetal.o
 .debug_aranges
                0x00000b58       0x18 ./board/clock_config.o
 .debug_aranges
                0x00000b70       0x18 ./board/pin_mux.o
 .debug_aranges
                0x00000b88       0x30 ./src/FlexCan.o
 .debug_aranges
                0x00000bb8       0x38 ./src/main.o
 .debug_aranges
                0x00000bf0       0x60 ./src/uds.o

.debug_str      0x00000000    0x76307
 .debug_str     0x00000000       0xd2 ./Project_Settings/Startup_Code/startup_S32K144.o
 .debug_str     0x000000d2    0x68811 ./SDK/platform/devices/S32K144/startup/system_S32K144.o
                              0x6899c (size before relaxing)
 .debug_str     0x000688e3      0x38f ./SDK/platform/devices/startup.o
                              0x68b0e (size before relaxing)
 .debug_str     0x00068c72     0x252f ./SDK/platform/drivers/src/adc/adc_driver.o
                              0x6afc5 (size before relaxing)
 .debug_str     0x0006b1a1     0x31c1 ./SDK/platform/drivers/src/clock/S32K1xx/clock_S32K1xx.o
                              0x6cc22 (size before relaxing)
 .debug_str     0x0006e362     0x1968 ./SDK/platform/drivers/src/edma/edma_driver.o
                              0x6b8dc (size before relaxing)
 .debug_str     0x0006fcca       0x6e ./SDK/platform/drivers/src/edma/edma_hw_access.o
                              0x6906d (size before relaxing)
 .debug_str     0x0006fd38      0x18a ./SDK/platform/drivers/src/edma/edma_irq.o
                              0x68d78 (size before relaxing)
 .debug_str     0x0006fec2     0x286e ./SDK/platform/drivers/src/flexcan/flexcan_driver.o
                              0x6c9c7 (size before relaxing)
 .debug_str     0x00072730      0x533 ./SDK/platform/drivers/src/flexcan/flexcan_hw_access.o
                              0x6ae54 (size before relaxing)
 .debug_str     0x00072c63      0x1a4 ./SDK/platform/drivers/src/flexcan/flexcan_irq.o
                              0x688b8 (size before relaxing)
 .debug_str     0x00072e07      0x1b0 ./SDK/platform/drivers/src/interrupt/interrupt_manager.o
                              0x69297 (size before relaxing)
 .debug_str     0x00072fb7      0x8b4 ./SDK/platform/drivers/src/pdb/pdb_driver.o
                              0x6a845 (size before relaxing)
 .debug_str     0x0007386b      0x9c6 ./SDK/platform/drivers/src/pins/pins_driver.o
                              0x69c6a (size before relaxing)
 .debug_str     0x00074231      0x1ba ./SDK/platform/drivers/src/pins/pins_port_hw_access.o
                              0x69152 (size before relaxing)
 .debug_str     0x000743eb       0xcc ./SDK/platform/pal/src/adc/adc_irq.o
                              0x68a33 (size before relaxing)
 .debug_str     0x000744b7     0x146d ./SDK/platform/pal/src/adc/adc_pal.o
                              0x6be8f (size before relaxing)
 .debug_str     0x00075924      0x1b0 ./SDK/rtos/osif/osif_baremetal.o
                              0x69ad9 (size before relaxing)
 .debug_str     0x00075ad4       0xda ./board/clock_config.o
                              0x6aa70 (size before relaxing)
 .debug_str     0x00075bae      0x14b ./board/pin_mux.o
                              0x68f35 (size before relaxing)
 .debug_str     0x00075cf9      0x2a4 ./src/FlexCan.o
                              0x6c2d6 (size before relaxing)
 .debug_str     0x00075f9d      0x21f ./src/main.o
                              0x6c41f (size before relaxing)
 .debug_str     0x000761bc      0x14b ./src/uds.o
                               0x3964 (size before relaxing)

.debug_loc      0x00000000    0x13f76
 .debug_loc     0x00000000       0xeb ./SDK/platform/devices/S32K144/startup/system_S32K144.o
 .debug_loc     0x000000eb       0xec ./SDK/platform/devices/startup.o
 .debug_loc     0x000001d7     0x1a7f ./SDK/platform/drivers/src/adc/adc_driver.o
 .debug_loc     0x00001c56     0x4dac ./SDK/platform/drivers/src/clock/S32K1xx/clock_S32K1xx.o
 .debug_loc     0x00006a02     0x336f ./SDK/platform/drivers/src/edma/edma_driver.o
 .debug_loc     0x00009d71      0x7b9 ./SDK/platform/drivers/src/edma/edma_hw_access.o
 .debug_loc     0x0000a52a       0x50 ./SDK/platform/drivers/src/edma/edma_irq.o
 .debug_loc     0x0000a57a     0x3aac ./SDK/platform/drivers/src/flexcan/flexcan_driver.o
 .debug_loc     0x0000e026     0x1d02 ./SDK/platform/drivers/src/flexcan/flexcan_hw_access.o
 .debug_loc     0x0000fd28      0x678 ./SDK/platform/drivers/src/interrupt/interrupt_manager.o
 .debug_loc     0x000103a0      0xe14 ./SDK/platform/drivers/src/pdb/pdb_driver.o
 .debug_loc     0x000111b4      0x7c7 ./SDK/platform/drivers/src/pins/pins_driver.o
 .debug_loc     0x0001197b      0x639 ./SDK/platform/drivers/src/pins/pins_port_hw_access.o
 .debug_loc     0x00011fb4     0x1654 ./SDK/platform/pal/src/adc/adc_pal.o
 .debug_loc     0x00013608      0x353 ./SDK/rtos/osif/osif_baremetal.o
 .debug_loc     0x0001395b       0xec ./src/FlexCan.o
 .debug_loc     0x00013a47      0x52f ./src/uds.o

.debug_ranges   0x00000000     0x1250
 .debug_ranges  0x00000000       0x20 ./SDK/platform/devices/S32K144/startup/system_S32K144.o
 .debug_ranges  0x00000020       0x10 ./SDK/platform/devices/startup.o
 .debug_ranges  0x00000030      0x180 ./SDK/platform/drivers/src/adc/adc_driver.o
 .debug_ranges  0x000001b0      0x3c8 ./SDK/platform/drivers/src/clock/S32K1xx/clock_S32K1xx.o
 .debug_ranges  0x00000578      0x190 ./SDK/platform/drivers/src/edma/edma_driver.o
 .debug_ranges  0x00000708       0x90 ./SDK/platform/drivers/src/edma/edma_hw_access.o
 .debug_ranges  0x00000798       0x90 ./SDK/platform/drivers/src/edma/edma_irq.o
 .debug_ranges  0x00000828      0x300 ./SDK/platform/drivers/src/flexcan/flexcan_driver.o
 .debug_ranges  0x00000b28      0x148 ./SDK/platform/drivers/src/flexcan/flexcan_hw_access.o
 .debug_ranges  0x00000c70       0x70 ./SDK/platform/drivers/src/flexcan/flexcan_irq.o
 .debug_ranges  0x00000ce0       0x98 ./SDK/platform/drivers/src/interrupt/interrupt_manager.o
 .debug_ranges  0x00000d78       0xc8 ./SDK/platform/drivers/src/pdb/pdb_driver.o
 .debug_ranges  0x00000e40       0xd0 ./SDK/platform/drivers/src/pins/pins_driver.o
 .debug_ranges  0x00000f10       0x48 ./SDK/platform/drivers/src/pins/pins_port_hw_access.o
 .debug_ranges  0x00000f58       0x18 ./SDK/platform/pal/src/adc/adc_irq.o
 .debug_ranges  0x00000f70      0x158 ./SDK/platform/pal/src/adc/adc_pal.o
 .debug_ranges  0x000010c8       0x98 ./SDK/rtos/osif/osif_baremetal.o
 .debug_ranges  0x00001160       0x20 ./src/FlexCan.o
 .debug_ranges  0x00001180       0x28 ./src/main.o
 .debug_ranges  0x000011a8       0xa8 ./src/uds.o

.debug_macro    0x00000000    0x212fd
 .debug_macro   0x00000000       0xb6 ./SDK/platform/devices/S32K144/startup/system_S32K144.o
 .debug_macro   0x000000b6      0x8d4 ./SDK/platform/devices/S32K144/startup/system_S32K144.o
 .debug_macro   0x0000098a       0x10 ./SDK/platform/devices/S32K144/startup/system_S32K144.o
 .debug_macro   0x0000099a       0x79 ./SDK/platform/devices/S32K144/startup/system_S32K144.o
 .debug_macro   0x00000a13       0x19 ./SDK/platform/devices/S32K144/startup/system_S32K144.o
 .debug_macro   0x00000a2c       0x22 ./SDK/platform/devices/S32K144/startup/system_S32K144.o
 .debug_macro   0x00000a4e       0x56 ./SDK/platform/devices/S32K144/startup/system_S32K144.o
 .debug_macro   0x00000aa4       0x51 ./SDK/platform/devices/S32K144/startup/system_S32K144.o
 .debug_macro   0x00000af5       0xef ./SDK/platform/devices/S32K144/startup/system_S32K144.o
 .debug_macro   0x00000be4       0x6a ./SDK/platform/devices/S32K144/startup/system_S32K144.o
 .debug_macro   0x00000c4e      0x1df ./SDK/platform/devices/S32K144/startup/system_S32K144.o
 .debug_macro   0x00000e2d     0xed1d ./SDK/platform/devices/S32K144/startup/system_S32K144.o
 .debug_macro   0x0000fb4a      0xbbd ./SDK/platform/devices/S32K144/startup/system_S32K144.o
 .debug_macro   0x00010707       0x22 ./SDK/platform/devices/S32K144/startup/system_S32K144.o
 .debug_macro   0x00010729       0x28 ./SDK/platform/devices/S32K144/startup/system_S32K144.o
 .debug_macro   0x00010751       0xb6 ./SDK/platform/devices/startup.o
 .debug_macro   0x00010807     0xed32 ./SDK/platform/devices/startup.o
 .debug_macro   0x0001f539       0x40 ./SDK/platform/devices/startup.o
 .debug_macro   0x0001f579       0xea ./SDK/platform/drivers/src/adc/adc_driver.o
 .debug_macro   0x0001f663      0x16d ./SDK/platform/drivers/src/adc/adc_driver.o
 .debug_macro   0x0001f7d0       0x10 ./SDK/platform/drivers/src/adc/adc_driver.o
 .debug_macro   0x0001f7e0       0x8a ./SDK/platform/drivers/src/adc/adc_driver.o
 .debug_macro   0x0001f86a      0x2b0 ./SDK/platform/drivers/src/clock/S32K1xx/clock_S32K1xx.o
 .debug_macro   0x0001fb1a       0x16 ./SDK/platform/drivers/src/clock/S32K1xx/clock_S32K1xx.o
 .debug_macro   0x0001fb30       0xf7 ./SDK/platform/drivers/src/edma/edma_driver.o
 .debug_macro   0x0001fc27       0x16 ./SDK/platform/drivers/src/edma/edma_driver.o
 .debug_macro   0x0001fc3d       0xcc ./SDK/platform/drivers/src/edma/edma_hw_access.o
 .debug_macro   0x0001fd09       0xd0 ./SDK/platform/drivers/src/edma/edma_irq.o
 .debug_macro   0x0001fdd9      0x19a ./SDK/platform/drivers/src/flexcan/flexcan_driver.o
 .debug_macro   0x0001ff73       0x4c ./SDK/platform/drivers/src/flexcan/flexcan_driver.o
 .debug_macro   0x0001ffbf       0x18 ./SDK/platform/drivers/src/flexcan/flexcan_driver.o
 .debug_macro   0x0001ffd7       0x5c ./SDK/platform/drivers/src/flexcan/flexcan_driver.o
 .debug_macro   0x00020033       0x35 ./SDK/platform/drivers/src/flexcan/flexcan_driver.o
 .debug_macro   0x00020068       0x34 ./SDK/platform/drivers/src/flexcan/flexcan_driver.o
 .debug_macro   0x0002009c       0x16 ./SDK/platform/drivers/src/flexcan/flexcan_driver.o
 .debug_macro   0x000200b2       0x57 ./SDK/platform/drivers/src/flexcan/flexcan_driver.o
 .debug_macro   0x00020109       0x10 ./SDK/platform/drivers/src/flexcan/flexcan_driver.o
 .debug_macro   0x00020119      0x184 ./SDK/platform/drivers/src/flexcan/flexcan_driver.o
 .debug_macro   0x0002029d      0x170 ./SDK/platform/drivers/src/flexcan/flexcan_hw_access.o
 .debug_macro   0x0002040d       0xb7 ./SDK/platform/drivers/src/flexcan/flexcan_irq.o
 .debug_macro   0x000204c4       0xca ./SDK/platform/drivers/src/interrupt/interrupt_manager.o
 .debug_macro   0x0002058e       0xee ./SDK/platform/drivers/src/pdb/pdb_driver.o
 .debug_macro   0x0002067c       0xde ./SDK/platform/drivers/src/pins/pins_driver.o
 .debug_macro   0x0002075a       0xde ./SDK/platform/drivers/src/pins/pins_port_hw_access.o
 .debug_macro   0x00020838      0x119 ./SDK/platform/pal/src/adc/adc_irq.o
 .debug_macro   0x00020951       0x16 ./SDK/platform/pal/src/adc/adc_irq.o
 .debug_macro   0x00020967      0x165 ./SDK/platform/pal/src/adc/adc_pal.o
 .debug_macro   0x00020acc       0xfb ./SDK/rtos/osif/osif_baremetal.o
 .debug_macro   0x00020bc7       0xd9 ./board/clock_config.o
 .debug_macro   0x00020ca0       0x16 ./board/clock_config.o
 .debug_macro   0x00020cb6       0xd9 ./board/pin_mux.o
 .debug_macro   0x00020d8f       0x6a ./board/pin_mux.o
 .debug_macro   0x00020df9      0x1e4 ./src/FlexCan.o
 .debug_macro   0x00020fdd       0x28 ./src/FlexCan.o
 .debug_macro   0x00021005      0x201 ./src/main.o
 .debug_macro   0x00021206       0x5e ./src/main.o
 .debug_macro   0x00021264       0x99 ./src/uds.o

.comment        0x00000000       0x7e
 .comment       0x00000000       0x7e ./SDK/platform/devices/S32K144/startup/system_S32K144.o
                                 0x7f (size before relaxing)
 .comment       0x0000007e       0x7f ./SDK/platform/devices/startup.o
 .comment       0x0000007e       0x7f ./SDK/platform/drivers/src/adc/adc_driver.o
 .comment       0x0000007e       0x7f ./SDK/platform/drivers/src/clock/S32K1xx/clock_S32K1xx.o
 .comment       0x0000007e       0x7f ./SDK/platform/drivers/src/edma/edma_driver.o
 .comment       0x0000007e       0x7f ./SDK/platform/drivers/src/edma/edma_hw_access.o
 .comment       0x0000007e       0x7f ./SDK/platform/drivers/src/edma/edma_irq.o
 .comment       0x0000007e       0x7f ./SDK/platform/drivers/src/flexcan/flexcan_driver.o
 .comment       0x0000007e       0x7f ./SDK/platform/drivers/src/flexcan/flexcan_hw_access.o
 .comment       0x0000007e       0x7f ./SDK/platform/drivers/src/flexcan/flexcan_irq.o
 .comment       0x0000007e       0x7f ./SDK/platform/drivers/src/interrupt/interrupt_manager.o
 .comment       0x0000007e       0x7f ./SDK/platform/drivers/src/pdb/pdb_driver.o
 .comment       0x0000007e       0x7f ./SDK/platform/drivers/src/pins/pins_driver.o
 .comment       0x0000007e       0x7f ./SDK/platform/drivers/src/pins/pins_port_hw_access.o
 .comment       0x0000007e       0x7f ./SDK/platform/pal/src/adc/adc_irq.o
 .comment       0x0000007e       0x7f ./SDK/platform/pal/src/adc/adc_pal.o
 .comment       0x0000007e       0x7f ./SDK/rtos/osif/osif_baremetal.o
 .comment       0x0000007e       0x7f ./board/clock_config.o
 .comment       0x0000007e       0x7f ./board/pin_mux.o
 .comment       0x0000007e       0x7f ./src/FlexCan.o
 .comment       0x0000007e       0x7f ./src/main.o
 .comment       0x0000007e       0x7f ./src/uds.o

.debug_frame    0x00000000     0x2044
 .debug_frame   0x00000000       0x40 ./SDK/platform/devices/S32K144/startup/system_S32K144.o
 .debug_frame   0x00000040       0x2c ./SDK/platform/devices/startup.o
 .debug_frame   0x0000006c      0x258 ./SDK/platform/drivers/src/adc/adc_driver.o
 .debug_frame   0x000002c4      0x3a4 ./SDK/platform/drivers/src/clock/S32K1xx/clock_S32K1xx.o
 .debug_frame   0x00000668      0x3a0 ./SDK/platform/drivers/src/edma/edma_driver.o
 .debug_frame   0x00000a08      0x140 ./SDK/platform/drivers/src/edma/edma_hw_access.o
 .debug_frame   0x00000b48      0x1ac ./SDK/platform/drivers/src/edma/edma_irq.o
 .debug_frame   0x00000cf4      0x5a8 ./SDK/platform/drivers/src/flexcan/flexcan_driver.o
 .debug_frame   0x0000129c      0x29c ./SDK/platform/drivers/src/flexcan/flexcan_hw_access.o
 .debug_frame   0x00001538      0x148 ./SDK/platform/drivers/src/flexcan/flexcan_irq.o
 .debug_frame   0x00001680       0xd8 ./SDK/platform/drivers/src/interrupt/interrupt_manager.o
 .debug_frame   0x00001758      0x1e0 ./SDK/platform/drivers/src/pdb/pdb_driver.o
 .debug_frame   0x00001938      0x1e4 ./SDK/platform/drivers/src/pins/pins_driver.o
 .debug_frame   0x00001b1c       0xa0 ./SDK/platform/drivers/src/pins/pins_port_hw_access.o
 .debug_frame   0x00001bbc       0x40 ./SDK/platform/pal/src/adc/adc_irq.o
 .debug_frame   0x00001bfc      0x1a8 ./SDK/platform/pal/src/adc/adc_pal.o
 .debug_frame   0x00001da4       0xf4 ./SDK/rtos/osif/osif_baremetal.o
 .debug_frame   0x00001e98       0x5c ./src/FlexCan.o
 .debug_frame   0x00001ef4       0x60 ./src/main.o
 .debug_frame   0x00001f54       0xf0 ./src/uds.o
