Archive member included to satisfy reference by file (symbol)

C:/NXP/S32DS.3.5/S32DS/build_tools/gcc_b1620/gcc-6.3-arm32-eabi/arm-none-eabi/newlib/lib/thumb/v7e-m/fpv4-sp/hard\libc_nano.a(lib_a-exit.o)
                              C:/NXP/S32DS.3.5/S32DS/build_tools/gcc_b1620/gcc-6.3-arm32-eabi/arm-none-eabi/newlib/lib/thumb/v7e-m/fpv4-sp/hard/crt0.o (exit)
C:/NXP/S32DS.3.5/S32DS/build_tools/gcc_b1620/gcc-6.3-arm32-eabi/arm-none-eabi/newlib/lib/thumb/v7e-m/fpv4-sp/hard\libc_nano.a(lib_a-impure.o)
                              C:/NXP/S32DS.3.5/S32DS/build_tools/gcc_b1620/gcc-6.3-arm32-eabi/arm-none-eabi/newlib/lib/thumb/v7e-m/fpv4-sp/hard\libc_nano.a(lib_a-exit.o) (_global_impure_ptr)
C:/NXP/S32DS.3.5/S32DS/build_tools/gcc_b1620/gcc-6.3-arm32-eabi/arm-none-eabi/newlib/lib/thumb/v7e-m/fpv4-sp/hard\libc_nano.a(lib_a-init.o)
                              C:/NXP/S32DS.3.5/S32DS/build_tools/gcc_b1620/gcc-6.3-arm32-eabi/arm-none-eabi/newlib/lib/thumb/v7e-m/fpv4-sp/hard/crt0.o (__libc_init_array)
C:/NXP/S32DS.3.5/S32DS/build_tools/gcc_b1620/gcc-6.3-arm32-eabi/arm-none-eabi/newlib/lib/thumb/v7e-m/fpv4-sp/hard\libc_nano.a(lib_a-memset.o)
                              C:/NXP/S32DS.3.5/S32DS/build_tools/gcc_b1620/gcc-6.3-arm32-eabi/arm-none-eabi/newlib/lib/thumb/v7e-m/fpv4-sp/hard/crt0.o (memset)
C:/NXP/S32DS.3.5/S32DS/build_tools/gcc_b1620/gcc-6.3-arm32-eabi/arm-none-eabi/newlib/lib/thumb/v7e-m/fpv4-sp/hard\libnosys.a(_exit.o)
                              C:/NXP/S32DS.3.5/S32DS/build_tools/gcc_b1620/gcc-6.3-arm32-eabi/arm-none-eabi/newlib/lib/thumb/v7e-m/fpv4-sp/hard\libc_nano.a(lib_a-exit.o) (_exit)

Discarded input sections

 .text          0x00000000        0x0 c:/nxp/s32ds.3.5/s32ds/build_tools/gcc_b1620/gcc-6.3-arm32-eabi/bin/../lib/gcc/arm-none-eabi/6.3.1/thumb/v7e-m/fpv4-sp/hard/crti.o
 .data          0x00000000        0x0 c:/nxp/s32ds.3.5/s32ds/build_tools/gcc_b1620/gcc-6.3-arm32-eabi/bin/../lib/gcc/arm-none-eabi/6.3.1/thumb/v7e-m/fpv4-sp/hard/crti.o
 .bss           0x00000000        0x0 c:/nxp/s32ds.3.5/s32ds/build_tools/gcc_b1620/gcc-6.3-arm32-eabi/bin/../lib/gcc/arm-none-eabi/6.3.1/thumb/v7e-m/fpv4-sp/hard/crti.o
 .data          0x00000000        0x4 c:/nxp/s32ds.3.5/s32ds/build_tools/gcc_b1620/gcc-6.3-arm32-eabi/bin/../lib/gcc/arm-none-eabi/6.3.1/thumb/v7e-m/fpv4-sp/hard/crtbegin.o
 .data          0x00000000        0x0 C:/NXP/S32DS.3.5/S32DS/build_tools/gcc_b1620/gcc-6.3-arm32-eabi/arm-none-eabi/newlib/lib/thumb/v7e-m/fpv4-sp/hard/crt0.o
 .bss           0x00000000        0x0 C:/NXP/S32DS.3.5/S32DS/build_tools/gcc_b1620/gcc-6.3-arm32-eabi/arm-none-eabi/newlib/lib/thumb/v7e-m/fpv4-sp/hard/crt0.o
 .ARM.extab     0x00000000        0x0 C:/NXP/S32DS.3.5/S32DS/build_tools/gcc_b1620/gcc-6.3-arm32-eabi/arm-none-eabi/newlib/lib/thumb/v7e-m/fpv4-sp/hard/crt0.o
 .group         0x00000000        0xc ./SDK/platform/devices/S32K144/startup/system_S32K144.o
 .group         0x00000000        0xc ./SDK/platform/devices/S32K144/startup/system_S32K144.o
 .group         0x00000000        0xc ./SDK/platform/devices/S32K144/startup/system_S32K144.o
 .group         0x00000000        0xc ./SDK/platform/devices/S32K144/startup/system_S32K144.o
 .group         0x00000000        0xc ./SDK/platform/devices/S32K144/startup/system_S32K144.o
 .group         0x00000000        0xc ./SDK/platform/devices/S32K144/startup/system_S32K144.o
 .group         0x00000000        0xc ./SDK/platform/devices/S32K144/startup/system_S32K144.o
 .group         0x00000000        0xc ./SDK/platform/devices/S32K144/startup/system_S32K144.o
 .group         0x00000000        0xc ./SDK/platform/devices/S32K144/startup/system_S32K144.o
 .group         0x00000000        0xc ./SDK/platform/devices/S32K144/startup/system_S32K144.o
 .group         0x00000000        0xc ./SDK/platform/devices/S32K144/startup/system_S32K144.o
 .group         0x00000000        0xc ./SDK/platform/devices/S32K144/startup/system_S32K144.o
 .group         0x00000000        0xc ./SDK/platform/devices/S32K144/startup/system_S32K144.o
 .group         0x00000000        0xc ./SDK/platform/devices/S32K144/startup/system_S32K144.o
 .text          0x00000000        0x0 ./SDK/platform/devices/S32K144/startup/system_S32K144.o
 .data          0x00000000        0x0 ./SDK/platform/devices/S32K144/startup/system_S32K144.o
 .bss           0x00000000        0x0 ./SDK/platform/devices/S32K144/startup/system_S32K144.o
 .text.SystemInit
                0x00000000       0x3c ./SDK/platform/devices/S32K144/startup/system_S32K144.o
 .text.SystemCoreClockUpdate
                0x00000000       0x80 ./SDK/platform/devices/S32K144/startup/system_S32K144.o
 .text.SystemSoftwareReset
                0x00000000       0x18 ./SDK/platform/devices/S32K144/startup/system_S32K144.o
 .data.SystemCoreClock
                0x00000000        0x4 ./SDK/platform/devices/S32K144/startup/system_S32K144.o
 .debug_info    0x00000000      0x525 ./SDK/platform/devices/S32K144/startup/system_S32K144.o
[...]
Memory Configuration

Name             Origin             Length             Attributes
*default*        0x00000000         0xffffffff

Linker script and memory map

LOAD c:/nxp/s32ds.3.5/s32ds/build_tools/gcc_b1620/gcc-6.3-arm32-eabi/bin/../lib/gcc/arm-none-eabi/6.3.1/thumb/v7e-m/fpv4-sp/hard/crti.o
LOAD c:/nxp/s32ds.3.5/s32ds/build_tools/gcc_b1620/gcc-6.3-arm32-eabi/bin/../lib/gcc/arm-none-eabi/6.3.1/thumb/v7e-m/fpv4-sp/hard/crtbegin.o
LOAD C:/NXP/S32DS.3.5/S32DS/build_tools/gcc_b1620/gcc-6.3-arm32-eabi/arm-none-eabi/newlib/lib/thumb/v7e-m/fpv4-sp/hard/crt0.o
LOAD ./SDK/platform/devices/S32K144/startup/system_S32K144.o
LOAD ./SDK/platform/devices/startup.o
LOAD ./SDK/platform/drivers/src/clock/S32K1xx/clock_S32K1xx.o
LOAD ./SDK/platform/drivers/src/edma/edma_driver.o
LOAD ./SDK/platform/drivers/src/edma/edma_hw_access.o
LOAD ./SDK/platform/drivers/src/edma/edma_irq.o
LOAD ./SDK/platform/drivers/src/flexcan/flexcan_driver.o
LOAD ./SDK/platform/drivers/src/flexcan/flexcan_hw_access.o
LOAD ./SDK/platform/drivers/src/flexcan/flexcan_irq.o
LOAD ./SDK/platform/drivers/src/interrupt/interrupt_manager.o
LOAD ./SDK/platform/drivers/src/pins/pins_driver.o
LOAD ./SDK/platform/drivers/src/pins/pins_port_hw_access.o
LOAD ./SDK/platform/pal/src/can/can_pal.o
LOAD ./SDK/rtos/osif/osif_baremetal.o
LOAD ./board/clock_config.o
LOAD ./board/peripherals_can_pal1.o
LOAD ./board/peripherals_osif1.o
LOAD ./board/pin_mux.o
LOAD ./src/Send_Can.o
LOAD ./src/main.o
LOAD ./src/test.o
START GROUP
LOAD c:/nxp/s32ds.3.5/s32ds/build_tools/gcc_b1620/gcc-6.3-arm32-eabi/bin/../lib/gcc/arm-none-eabi/6.3.1/thumb/v7e-m/fpv4-sp/hard\libgcc.a
LOAD C:/NXP/S32DS.3.5/S32DS/build_tools/gcc_b1620/gcc-6.3-arm32-eabi/arm-none-eabi/newlib/lib/thumb/v7e-m/fpv4-sp/hard\libc_nano.a
END GROUP
START GROUP
LOAD c:/nxp/s32ds.3.5/s32ds/build_tools/gcc_b1620/gcc-6.3-arm32-eabi/bin/../lib/gcc/arm-none-eabi/6.3.1/thumb/v7e-m/fpv4-sp/hard\libgcc.a
LOAD C:/NXP/S32DS.3.5/S32DS/build_tools/gcc_b1620/gcc-6.3-arm32-eabi/arm-none-eabi/newlib/lib/thumb/v7e-m/fpv4-sp/hard\libc_nano.a
LOAD C:/NXP/S32DS.3.5/S32DS/build_tools/gcc_b1620/gcc-6.3-arm32-eabi/arm-none-eabi/newlib/lib/thumb/v7e-m/fpv4-sp/hard\libnosys.a
END GROUP
START GROUP
LOAD c:/nxp/s32ds.3.5/s32ds/build_tools/gcc_b1620/gcc-6.3-arm32-eabi/bin/../lib/gcc/arm-none-eabi/6.3.1/thumb/v7e-m/fpv4-sp/hard\libgcc.a
LOAD C:/NXP/S32DS.3.5/S32DS/build_tools/gcc_b1620/gcc-6.3-arm32-eabi/arm-none-eabi/newlib/lib/thumb/v7e-m/fpv4-sp/hard\libc_nano.a
LOAD C:/NXP/S32DS.3.5/S32DS/build_tools/gcc_b1620/gcc-6.3-arm32-eabi/arm-none-eabi/newlib/lib/thumb/v7e-m/fpv4-sp/hard\libnosys.a
END GROUP
LOAD c:/nxp/s32ds.3.5/s32ds/build_tools/gcc_b1620/gcc-6.3-arm32-eabi/bin/../lib/gcc/arm-none-eabi/6.3.1/thumb/v7e-m/fpv4-sp/hard/crtend.o
LOAD c:/nxp/s32ds.3.5/s32ds/build_tools/gcc_b1620/gcc-6.3-arm32-eabi/bin/../lib/gcc/arm-none-eabi/6.3.1/thumb/v7e-m/fpv4-sp/hard/crtn.o
                [!provide]                PROVIDE (__executable_start = SEGMENT_START ("text-segment", 0x8000))
                0x00008000                . = SEGMENT_START ("text-segment", 0x8000)

.interp
 *(.interp)

.note.gnu.build-id
 *(.note.gnu.build-id)

.hash
 *(.hash)

.gnu.hash
 *(.gnu.hash)

.dynsym
 *(.dynsym)

.dynstr
 *(.dynstr)

.gnu.version
 *(.gnu.version)

.gnu.version_d
 *(.gnu.version_d)

.gnu.version_r
 *(.gnu.version_r)

.rel.init
 *(.rel.init)

.rela.init
 *(.rela.init)

.rel.text
 *(.rel.text .rel.text.* .rel.gnu.linkonce.t.*)

.rela.text
 *(.rela.text .rela.text.* .rela.gnu.linkonce.t.*)

.rel.fini
 *(.rel.fini)

.rela.fini
 *(.rela.fini)

.rel.rodata
 *(.rel.rodata .rel.rodata.* .rel.gnu.linkonce.r.*)

.rela.rodata
 *(.rela.rodata .rela.rodata.* .rela.gnu.linkonce.r.*)

.rel.data.rel.ro
 *(.rel.data.rel.ro .rel.data.rel.ro.* .rel.gnu.linkonce.d.rel.ro.*)

.rela.data.rel.ro
 *(.rela.data.rel.ro .rela.data.rel.ro.* .rela.gnu.linkonce.d.rel.ro.*)

.rel.data
 *(.rel.data .rel.data.* .rel.gnu.linkonce.d.*)

.rela.data
 *(.rela.data .rela.data.* .rela.gnu.linkonce.d.*)

.rel.tdata
 *(.rel.tdata .rel.tdata.* .rel.gnu.linkonce.td.*)

.rela.tdata
 *(.rela.tdata .rela.tdata.* .rela.gnu.linkonce.td.*)

.rel.tbss
 *(.rel.tbss .rel.tbss.* .rel.gnu.linkonce.tb.*)

.rela.tbss
 *(.rela.tbss .rela.tbss.* .rela.gnu.linkonce.tb.*)

.rel.ctors
 *(.rel.ctors)

.rela.ctors
 *(.rela.ctors)

.rel.dtors
 *(.rel.dtors)

.rela.dtors
 *(.rela.dtors)

.rel.got
 *(.rel.got)

.rela.got
 *(.rela.got)

.rel.bss
 *(.rel.bss .rel.bss.* .rel.gnu.linkonce.b.*)

.rela.bss
 *(.rela.bss .rela.bss.* .rela.gnu.linkonce.b.*)

.rel.iplt       0x00008000        0x0
                [!provide]                PROVIDE (__rel_iplt_start = .)
 *(.rel.iplt)
 .rel.iplt      0x00008000        0x0 c:/nxp/s32ds.3.5/s32ds/build_tools/gcc_b1620/gcc-6.3-arm32-eabi/bin/../lib/gcc/arm-none-eabi/6.3.1/thumb/v7e-m/fpv4-sp/hard/crtbegin.o
                [!provide]                PROVIDE (__rel_iplt_end = .)

.rela.iplt      0x00008000        0x0
                [!provide]                PROVIDE (__rela_iplt_start = .)
 *(.rela.iplt)
                [!provide]                PROVIDE (__rela_iplt_end = .)

.rel.plt
 *(.rel.plt)

.rela.plt
 *(.rela.plt)

.init           0x00008000        0xc
 *(SORT_NONE(.init))
 .init          0x00008000        0x4 c:/nxp/s32ds.3.5/s32ds/build_tools/gcc_b1620/gcc-6.3-arm32-eabi/bin/../lib/gcc/arm-none-eabi/6.3.1/thumb/v7e-m/fpv4-sp/hard/crti.o
                0x00008000                _init
 .init          0x00008004        0x8 c:/nxp/s32ds.3.5/s32ds/build_tools/gcc_b1620/gcc-6.3-arm32-eabi/bin/../lib/gcc/arm-none-eabi/6.3.1/thumb/v7e-m/fpv4-sp/hard/crtn.o

.plt
 *(.plt)

.iplt           0x0000800c        0x0
 *(.iplt)
 .iplt          0x0000800c        0x0 c:/nxp/s32ds.3.5/s32ds/build_tools/gcc_b1620/gcc-6.3-arm32-eabi/bin/../lib/gcc/arm-none-eabi/6.3.1/thumb/v7e-m/fpv4-sp/hard/crtbegin.o

.text           0x0000800c     0x2106
 *(.text.unlikely .text.*_unlikely .text.unlikely.*)
 *(.text.exit .text.exit.*)
 .text.exit     0x0000800c       0x28 C:/NXP/S32DS.3.5/S32DS/build_tools/gcc_b1620/gcc-6.3-arm32-eabi/arm-none-eabi/newlib/lib/thumb/v7e-m/fpv4-sp/hard\libc_nano.a(lib_a-exit.o)
                0x0000800c                exit
 *(.text.startup .text.startup.*)
 *(.text.hot .text.hot.*)
 *(.text .stub .text.* .gnu.linkonce.t.*)
 .text          0x00008034       0xa4 c:/nxp/s32ds.3.5/s32ds/build_tools/gcc_b1620/gcc-6.3-arm32-eabi/bin/../lib/gcc/arm-none-eabi/6.3.1/thumb/v7e-m/fpv4-sp/hard/crtbegin.o
 .text          0x000080d8       0x7c C:/NXP/S32DS.3.5/S32DS/build_tools/gcc_b1620/gcc-6.3-arm32-eabi/arm-none-eabi/newlib/lib/thumb/v7e-m/fpv4-sp/hard/crt0.o
                0x000080d8                _stack_init
                0x000080e0                _start
                0x000080e0                _mainCRTStartup
 .text.CLOCK_SYS_GetCurrentRunMode
                0x00008154       0x24 ./SDK/platform/drivers/src/clock/S32K1xx/clock_S32K1xx.o
 .text.CLOCK_SYS_GetSysOscFreq
                0x00008178       0x1c ./SDK/platform/drivers/src/clock/S32K1xx/clock_S32K1xx.o
 .text.CLOCK_SYS_ConfigureSOSC
                0x00008194      0x12c ./SDK/platform/drivers/src/clock/S32K1xx/clock_S32K1xx.o
 .text.CLOCK_SYS_GetSircFreq
                0x000082c0       0x2c ./SDK/platform/drivers/src/clock/S32K1xx/clock_S32K1xx.o
 .text.CLOCK_SYS_ConfigureSIRC
                0x000082ec       0xc4 ./SDK/platform/drivers/src/clock/S32K1xx/clock_S32K1xx.o
 .text.CLOCK_SYS_GetFircFreq
                0x000083b0       0x20 ./SDK/platform/drivers/src/clock/S32K1xx/clock_S32K1xx.o
 .text.CLOCK_SYS_ConfigureFIRC
                0x000083d0       0xb4 ./SDK/platform/drivers/src/clock/S32K1xx/clock_S32K1xx.o
 .text.CLOCK_SYS_GetSysPllFreq
                0x00008484       0x44 ./SDK/platform/drivers/src/clock/S32K1xx/clock_S32K1xx.o
 .text.CLOCK_SYS_ConfigureSPLL
                0x000084c8      0x12c ./SDK/platform/drivers/src/clock/S32K1xx/clock_S32K1xx.o
 .text.CLOCK_SYS_SetSystemClockConfig
                0x000085f4      0x204 ./SDK/platform/drivers/src/clock/S32K1xx/clock_S32K1xx.o
 .text.CLOCK_SYS_TransitionSystemClock
                0x000087f8       0x54 ./SDK/platform/drivers/src/clock/S32K1xx/clock_S32K1xx.o
 .text.CLOCK_DRV_Init
                0x0000884c      0x610 ./SDK/platform/drivers/src/clock/S32K1xx/clock_S32K1xx.o
                0x0000884c                CLOCK_DRV_Init
 .text.FLEXCAN_SetTimeSegments
                0x00008e5c       0x4c ./SDK/platform/drivers/src/flexcan/flexcan_driver.o
 .text.FLEXCAN_SetExtendedTimeSegments
                0x00008ea8       0x50 ./SDK/platform/drivers/src/flexcan/flexcan_driver.o
 .text.FLEXCAN_SetFDTimeSegments
                0x00008ef8       0x5c ./SDK/platform/drivers/src/flexcan/flexcan_driver.o
 .text.FLEXCAN_StartSendData
                0x00008f54       0xb8 ./SDK/platform/drivers/src/flexcan/flexcan_driver.o
 .text.FLEXCAN_DRV_Init
                0x0000900c      0x294 ./SDK/platform/drivers/src/flexcan/flexcan_driver.o
                0x0000900c                FLEXCAN_DRV_Init
 .text.FLEXCAN_DRV_ConfigTxMb
                0x000092a0       0x68 ./SDK/platform/drivers/src/flexcan/flexcan_driver.o
                0x000092a0                FLEXCAN_DRV_ConfigTxMb
 .text.FLEXCAN_DRV_Send
                0x00009308       0x60 ./SDK/platform/drivers/src/flexcan/flexcan_driver.o
                0x00009308                FLEXCAN_DRV_Send
 .text.FLEXCAN_DRV_ConfigRxFifo
                0x00009368       0x40 ./SDK/platform/drivers/src/flexcan/flexcan_driver.o
                0x00009368                FLEXCAN_DRV_ConfigRxFifo
 .text.FLEXCAN_ComputePayloadSize
                0x000093a8       0x36 ./SDK/platform/drivers/src/flexcan/flexcan_hw_access.o
 *fill*         0x000093de        0x2 
 .text.FLEXCAN_GetMaxMbNum
                0x000093e0       0x2c ./SDK/platform/drivers/src/flexcan/flexcan_hw_access.o
                0x000093e0                FLEXCAN_GetMaxMbNum
 .text.FLEXCAN_Enable
                0x0000940c       0x2a ./SDK/platform/drivers/src/flexcan/flexcan_hw_access.o
                0x0000940c                FLEXCAN_Enable
 .text.FLEXCAN_Disable
                0x00009436       0x18 ./SDK/platform/drivers/src/flexcan/flexcan_hw_access.o
                0x00009436                FLEXCAN_Disable
 *fill*         0x0000944e        0x2 
 .text.FLEXCAN_Init
                0x00009450       0x68 ./SDK/platform/drivers/src/flexcan/flexcan_hw_access.o
                0x00009450                FLEXCAN_Init
 .text.FLEXCAN_EnableRxFifo
                0x000094b8       0x54 ./SDK/platform/drivers/src/flexcan/flexcan_hw_access.o
                0x000094b8                FLEXCAN_EnableRxFifo
 .text.FLEXCAN_SetRxFifoFilter
                0x0000950c      0x1dc ./SDK/platform/drivers/src/flexcan/flexcan_hw_access.o
                0x0000950c                FLEXCAN_SetRxFifoFilter
 .text.FLEXCAN_SetMsgBuffIntCmd
                0x000096e8       0x24 ./SDK/platform/drivers/src/flexcan/flexcan_hw_access.o
                0x000096e8                FLEXCAN_SetMsgBuffIntCmd
 .text.FLEXCAN_ExitFreezeMode
                0x0000970c       0x1a ./SDK/platform/drivers/src/flexcan/flexcan_hw_access.o
                0x0000970c                FLEXCAN_ExitFreezeMode
 .text.FLEXCAN_EnterFreezeMode
                0x00009726       0x9e ./SDK/platform/drivers/src/flexcan/flexcan_hw_access.o
                0x00009726                FLEXCAN_EnterFreezeMode
 .text.FLEXCAN_SetOperationMode
                0x000097c4       0x5e ./SDK/platform/drivers/src/flexcan/flexcan_hw_access.o
                0x000097c4                FLEXCAN_SetOperationMode
 .text.FLEXCAN_IsOutOfRangeMbIdx
                0x00009822       0x2e ./SDK/platform/drivers/src/flexcan/flexcan_hw_access.o
                0x00009822                FLEXCAN_IsOutOfRangeMbIdx
 .text.FLEXCAN_SetPayloadSize
                0x00009850       0x30 ./SDK/platform/drivers/src/flexcan/flexcan_hw_access.o
                0x00009850                FLEXCAN_SetPayloadSize
 .text.FLEXCAN_GetPayloadSize
                0x00009880       0x20 ./SDK/platform/drivers/src/flexcan/flexcan_hw_access.o
                0x00009880                FLEXCAN_GetPayloadSize
 .text.FLEXCAN_GetMsgBuffRegion
                0x000098a0       0x30 ./SDK/platform/drivers/src/flexcan/flexcan_hw_access.o
                0x000098a0                FLEXCAN_GetMsgBuffRegion
 .text.FLEXCAN_SetTxMsgBuff
                0x000098d0      0x1b8 ./SDK/platform/drivers/src/flexcan/flexcan_hw_access.o
                0x000098d0                FLEXCAN_SetTxMsgBuff
 .text.FLEXCAN_SetMaxMsgBuffNum
                0x00009a88       0xaa ./SDK/platform/drivers/src/flexcan/flexcan_hw_access.o
                0x00009a88                FLEXCAN_SetMaxMsgBuffNum
 *fill*         0x00009b32        0x2 
 .text.INT_SYS_EnableIRQ
                0x00009b34       0x28 ./SDK/platform/drivers/src/interrupt/interrupt_manager.o
                0x00009b34                INT_SYS_EnableIRQ
 .text.INT_SYS_EnableIRQGlobal
                0x00009b5c       0x1c ./SDK/platform/drivers/src/interrupt/interrupt_manager.o
                0x00009b5c                INT_SYS_EnableIRQGlobal
 .text.INT_SYS_DisableIRQGlobal
                0x00009b78       0x10 ./SDK/platform/drivers/src/interrupt/interrupt_manager.o
                0x00009b78                INT_SYS_DisableIRQGlobal
 .text.PINS_DRV_Init
                0x00009b88       0x20 ./SDK/platform/drivers/src/pins/pins_driver.o
                0x00009b88                PINS_DRV_Init
 .text.PINS_DRV_SetPinsDirection
                0x00009ba8        0x4 ./SDK/platform/drivers/src/pins/pins_driver.o
                0x00009ba8                PINS_DRV_SetPinsDirection
 .text.PINS_DRV_ClearPins
                0x00009bac        0x4 ./SDK/platform/drivers/src/pins/pins_driver.o
                0x00009bac                PINS_DRV_ClearPins
 .text.PINS_DRV_TogglePins
                0x00009bb0        0x4 ./SDK/platform/drivers/src/pins/pins_driver.o
                0x00009bb0                PINS_DRV_TogglePins
 .text.PINS_GetAdcInterleaveVal
                0x00009bb4       0x70 ./SDK/platform/drivers/src/pins/pins_port_hw_access.o
 .text.PINS_Init
                0x00009c24      0x138 ./SDK/platform/drivers/src/pins/pins_port_hw_access.o
                0x00009c24                PINS_Init
 .text.CAN_FindFlexCANState
                0x00009d5c       0x14 ./SDK/platform/pal/src/can/can_pal.o
 .text.CAN_Init
                0x00009d70       0xfc ./SDK/platform/pal/src/can/can_pal.o
                0x00009d70                CAN_Init
 .text.CAN_ConfigTxBuff
                0x00009e6c       0xa8 ./SDK/platform/pal/src/can/can_pal.o
                0x00009e6c                CAN_ConfigTxBuff
 .text.CAN_Send
                0x00009f14       0xac ./SDK/platform/pal/src/can/can_pal.o
                0x00009f14                CAN_Send
 .text.OSIF_SemaCreate
                0x00009fc0       0x1a ./SDK/rtos/osif/osif_baremetal.o
                0x00009fc0                OSIF_SemaCreate
 .text.OSIF_SemaDestroy
                0x00009fda        0xa ./SDK/rtos/osif/osif_baremetal.o
                0x00009fda                OSIF_SemaDestroy
 .text.BoardInit
                0x00009fe4       0x1c ./src/main.o
                0x00009fe4                BoardInit
 .text.GPIOInit
                0x0000a000       0x20 ./src/main.o
                0x0000a000                GPIOInit
 .text.main     0x0000a020       0x98 ./src/main.o
                0x0000a020                main
 .text.__libc_init_array
                0x0000a0b8       0x48 C:/NXP/S32DS.3.5/S32DS/build_tools/gcc_b1620/gcc-6.3-arm32-eabi/arm-none-eabi/newlib/lib/thumb/v7e-m/fpv4-sp/hard\libc_nano.a(lib_a-init.o)
                0x0000a0b8                __libc_init_array
 .text.memset   0x0000a100       0x10 C:/NXP/S32DS.3.5/S32DS/build_tools/gcc_b1620/gcc-6.3-arm32-eabi/arm-none-eabi/newlib/lib/thumb/v7e-m/fpv4-sp/hard\libc_nano.a(lib_a-memset.o)
                0x0000a100                memset
 .text._exit    0x0000a110        0x2 C:/NXP/S32DS.3.5/S32DS/build_tools/gcc_b1620/gcc-6.3-arm32-eabi/arm-none-eabi/newlib/lib/thumb/v7e-m/fpv4-sp/hard\libnosys.a(_exit.o)
                0x0000a110                _exit
 *(.gnu.warning)
 *(.glue_7t)
 .glue_7t       0x0000a112        0x0 linker stubs
 *(.glue_7)
 .glue_7        0x0000a112        0x0 linker stubs
 *(.vfp11_veneer)
 .vfp11_veneer  0x0000a112        0x0 linker stubs
 *(.v4_bx)
 .v4_bx         0x0000a112        0x0 linker stubs

.fini           0x0000a114        0xc
 *(SORT_NONE(.fini))
 .fini          0x0000a114        0x4 c:/nxp/s32ds.3.5/s32ds/build_tools/gcc_b1620/gcc-6.3-arm32-eabi/bin/../lib/gcc/arm-none-eabi/6.3.1/thumb/v7e-m/fpv4-sp/hard/crti.o
                0x0000a114                _fini
 .fini          0x0000a118        0x8 c:/nxp/s32ds.3.5/s32ds/build_tools/gcc_b1620/gcc-6.3-arm32-eabi/bin/../lib/gcc/arm-none-eabi/6.3.1/thumb/v7e-m/fpv4-sp/hard/crtn.o
                [!provide]                PROVIDE (__etext = .)
                [!provide]                PROVIDE (_etext = .)
                [!provide]                PROVIDE (etext = .)

.rodata         0x0000a120      0x210
 *(.rodata .rodata.* .gnu.linkonce.r.*)
 .rodata.clockNameMappings
                0x0000a120       0x9e ./SDK/platform/drivers/src/clock/S32K1xx/clock_S32K1xx.o
                0x0000a120                clockNameMappings
 *fill*         0x0000a1be        0x2 
 .rodata.maxSysClksInHSRUN.7631
                0x0000a1c0       0x54 ./SDK/platform/drivers/src/clock/S32K1xx/clock_S32K1xx.o
 .rodata.maxSysClksInRUN.7630
                0x0000a214       0x54 ./SDK/platform/drivers/src/clock/S32K1xx/clock_S32K1xx.o
 .rodata.maxSysClksInVLPR.7629
                0x0000a268       0x54 ./SDK/platform/drivers/src/clock/S32K1xx/clock_S32K1xx.o
 .rodata.fdInstances.7260
                0x0000a2bc        0x3 ./SDK/platform/drivers/src/flexcan/flexcan_driver.o
 *fill*         0x0000a2bf        0x1 
 .rodata.g_flexcanBase
                0x0000a2c0        0xc ./SDK/platform/drivers/src/flexcan/flexcan_driver.o
 .rodata.g_flexcanBusOffIrqId
                0x0000a2cc        0x3 ./SDK/platform/drivers/src/flexcan/flexcan_driver.o
 *fill*         0x0000a2cf        0x1 
 .rodata.g_flexcanErrorIrqId
                0x0000a2d0        0x3 ./SDK/platform/drivers/src/flexcan/flexcan_driver.o
 *fill*         0x0000a2d3        0x1 
 .rodata.g_flexcanOredMessageBufferIrqId
                0x0000a2d4        0x6 ./SDK/platform/drivers/src/flexcan/flexcan_driver.o
 *fill*         0x0000a2da        0x2 
 .rodata.g_flexcanWakeUpIrqId
                0x0000a2dc        0x3 ./SDK/platform/drivers/src/flexcan/flexcan_driver.o
 *fill*         0x0000a2df        0x1 
 .rodata.payload_code.7358
                0x0000a2e0       0x41 ./SDK/platform/drivers/src/flexcan/flexcan_hw_access.o
 *fill*         0x0000a321        0x3 
 .rodata        0x0000a324        0x5 ./src/main.o
 *fill*         0x0000a329        0x3 
 .rodata._global_impure_ptr
                0x0000a32c        0x4 C:/NXP/S32DS.3.5/S32DS/build_tools/gcc_b1620/gcc-6.3-arm32-eabi/arm-none-eabi/newlib/lib/thumb/v7e-m/fpv4-sp/hard\libc_nano.a(lib_a-impure.o)
                0x0000a32c                _global_impure_ptr

.rodata1
 *(.rodata1)

.ARM.extab
 *(.ARM.extab* .gnu.linkonce.armextab.*)
                [!provide]                PROVIDE (__exidx_start = .)

.ARM.exidx      0x0000a330        0x8
 *(.ARM.exidx* .gnu.linkonce.armexidx.*)
 .ARM.exidx     0x0000a330        0x8 C:/NXP/S32DS.3.5/S32DS/build_tools/gcc_b1620/gcc-6.3-arm32-eabi/arm-none-eabi/newlib/lib/thumb/v7e-m/fpv4-sp/hard/crt0.o
                                 0x10 (size before relaxing)
                [!provide]                PROVIDE (__exidx_end = .)

.eh_frame_hdr
 *(.eh_frame_hdr)
 *(.eh_frame_entry .eh_frame_entry.*)

.eh_frame       0x0000a338        0x4
 *(.eh_frame)
 .eh_frame      0x0000a338        0x0 c:/nxp/s32ds.3.5/s32ds/build_tools/gcc_b1620/gcc-6.3-arm32-eabi/bin/../lib/gcc/arm-none-eabi/6.3.1/thumb/v7e-m/fpv4-sp/hard/crtbegin.o
 .eh_frame      0x0000a338        0x4 c:/nxp/s32ds.3.5/s32ds/build_tools/gcc_b1620/gcc-6.3-arm32-eabi/bin/../lib/gcc/arm-none-eabi/6.3.1/thumb/v7e-m/fpv4-sp/hard/crtend.o
 *(.eh_frame.*)

.gcc_except_table
 *(.gcc_except_table .gcc_except_table.*)

.gnu_extab
 *(.gnu_extab*)

.exception_ranges
 *(.exception_ranges*)
                0x0001a33c                . = (ALIGN (CONSTANT (MAXPAGESIZE)) + (. & (CONSTANT (MAXPAGESIZE) - 0x1)))

.eh_frame
 *(.eh_frame)
 *(.eh_frame.*)

.gnu_extab
 *(.gnu_extab)

.gcc_except_table
 *(.gcc_except_table .gcc_except_table.*)

.exception_ranges
 *(.exception_ranges*)

.tdata          0x0001a33c        0x0
                [!provide]                PROVIDE (__tdata_start = .)
 *(.tdata .tdata.* .gnu.linkonce.td.*)

.tbss
 *(.tbss .tbss.* .gnu.linkonce.tb.*)
 *(.tcommon)

.preinit_array  0x0001a33c        0x0
                0x0001a33c                PROVIDE (__preinit_array_start = .)
 *(.preinit_array)
                0x0001a33c                PROVIDE (__preinit_array_end = .)

.init_array     0x0001a33c        0x4
                0x0001a33c                PROVIDE (__init_array_start = .)
 *(SORT_BY_INIT_PRIORITY(.init_array.*) SORT_BY_INIT_PRIORITY(.ctors.*))
 *(.init_array EXCLUDE_FILE(*crtend?.o *crtend.o *crtbegin?.o *crtbegin.o) .ctors)
 .init_array    0x0001a33c        0x4 c:/nxp/s32ds.3.5/s32ds/build_tools/gcc_b1620/gcc-6.3-arm32-eabi/bin/../lib/gcc/arm-none-eabi/6.3.1/thumb/v7e-m/fpv4-sp/hard/crtbegin.o
                0x0001a340                PROVIDE (__init_array_end = .)

.fini_array     0x0001a340        0x4
                [!provide]                PROVIDE (__fini_array_start = .)
 *(SORT_BY_INIT_PRIORITY(.fini_array.*) SORT_BY_INIT_PRIORITY(.dtors.*))
 *(.fini_array EXCLUDE_FILE(*crtend?.o *crtend.o *crtbegin?.o *crtbegin.o) .dtors)
 .fini_array    0x0001a340        0x4 c:/nxp/s32ds.3.5/s32ds/build_tools/gcc_b1620/gcc-6.3-arm32-eabi/bin/../lib/gcc/arm-none-eabi/6.3.1/thumb/v7e-m/fpv4-sp/hard/crtbegin.o
                [!provide]                PROVIDE (__fini_array_end = .)

.ctors
 *crtbegin.o(.ctors)
 *crtbegin?.o(.ctors)
 *(EXCLUDE_FILE(*crtend?.o *crtend.o) .ctors)
 *(SORT_BY_NAME(.ctors.*))
 *(.ctors)

.dtors
 *crtbegin.o(.dtors)
 *crtbegin?.o(.dtors)
 *(EXCLUDE_FILE(*crtend?.o *crtend.o) .dtors)
 *(SORT_BY_NAME(.dtors.*))
 *(.dtors)

.jcr            0x0001a344        0x4
 *(.jcr)
 .jcr           0x0001a344        0x0 c:/nxp/s32ds.3.5/s32ds/build_tools/gcc_b1620/gcc-6.3-arm32-eabi/bin/../lib/gcc/arm-none-eabi/6.3.1/thumb/v7e-m/fpv4-sp/hard/crtbegin.o
 .jcr           0x0001a344        0x4 c:/nxp/s32ds.3.5/s32ds/build_tools/gcc_b1620/gcc-6.3-arm32-eabi/bin/../lib/gcc/arm-none-eabi/6.3.1/thumb/v7e-m/fpv4-sp/hard/crtend.o

.data.rel.ro
 *(.data.rel.ro.local* .gnu.linkonce.d.rel.ro.local.*)
 *(.data.rel.ro .data.rel.ro.* .gnu.linkonce.d.rel.ro.*)

.dynamic
 *(.dynamic)

.got            0x0001a348        0x0
 *(.got.plt)
 *(.igot.plt)
 .igot.plt      0x0001a348        0x0 c:/nxp/s32ds.3.5/s32ds/build_tools/gcc_b1620/gcc-6.3-arm32-eabi/bin/../lib/gcc/arm-none-eabi/6.3.1/thumb/v7e-m/fpv4-sp/hard/crtbegin.o
 *(.got)
 *(.igot)

.data           0x0001a348      0x31c
                0x0001a348                __data_start = .
 *(.data .data.* .gnu.linkonce.d.*)
 .data.peripheralClockConfig.7378
                0x0001a348       0xa0 ./SDK/platform/drivers/src/clock/S32K1xx/clock_S32K1xx.o
 .data.clockMan1_InitConfig0
                0x0001a3e8       0x88 ./board/clock_config.o
                0x0001a3e8                clockMan1_InitConfig0
 .data.peripheralClockConfig0
                0x0001a470       0xa0 ./board/clock_config.o
                0x0001a470                peripheralClockConfig0
 .data.can_pal1_Config0
                0x0001a510       0x34 ./board/peripherals_can_pal1.o
                0x0001a510                can_pal1_Config0
 .data.g_pin_mux_InitConfigArr0
                0x0001a544       0xc0 ./board/pin_mux.o
                0x0001a544                g_pin_mux_InitConfigArr0
 .data.impure_data
                0x0001a604       0x60 C:/NXP/S32DS.3.5/S32DS/build_tools/gcc_b1620/gcc-6.3-arm32-eabi/arm-none-eabi/newlib/lib/thumb/v7e-m/fpv4-sp/hard\libc_nano.a(lib_a-impure.o)

.tm_clone_table
                0x0001a664        0x0
 .tm_clone_table
                0x0001a664        0x0 c:/nxp/s32ds.3.5/s32ds/build_tools/gcc_b1620/gcc-6.3-arm32-eabi/bin/../lib/gcc/arm-none-eabi/6.3.1/thumb/v7e-m/fpv4-sp/hard/crtbegin.o
 .tm_clone_table
                0x0001a664        0x0 c:/nxp/s32ds.3.5/s32ds/build_tools/gcc_b1620/gcc-6.3-arm32-eabi/bin/../lib/gcc/arm-none-eabi/6.3.1/thumb/v7e-m/fpv4-sp/hard/crtend.o

.data1
 *(.data1)
                0x0001a664                _edata = .
                [!provide]                PROVIDE (edata = .)
                0x0001a664                . = .
                0x0001a664                __bss_start = .
                0x0001a664                __bss_start__ = .

.bss            0x0001a664      0x1ec
 *(.dynbss)
 *(.bss .bss.* .gnu.linkonce.b.*)
 .bss           0x0001a664       0x1c c:/nxp/s32ds.3.5/s32ds/build_tools/gcc_b1620/gcc-6.3-arm32-eabi/bin/../lib/gcc/arm-none-eabi/6.3.1/thumb/v7e-m/fpv4-sp/hard/crtbegin.o
 .bss.g_RtcClkInFreq
                0x0001a680        0x4 ./SDK/platform/drivers/src/clock/S32K1xx/clock_S32K1xx.o
                0x0001a680                g_RtcClkInFreq
 .bss.g_TClkFreq
                0x0001a684        0xc ./SDK/platform/drivers/src/clock/S32K1xx/clock_S32K1xx.o
                0x0001a684                g_TClkFreq
 .bss.g_xtal0ClkFreq
                0x0001a690        0x4 ./SDK/platform/drivers/src/clock/S32K1xx/clock_S32K1xx.o
                0x0001a690                g_xtal0ClkFreq
 .bss.g_flexcanStatePtr
                0x0001a694        0xc ./SDK/platform/drivers/src/flexcan/flexcan_driver.o
 .bss.g_interruptDisableCount
                0x0001a6a0        0x4 ./SDK/platform/drivers/src/interrupt/interrupt_manager.o
 .bss.s_flexcanRxFifoState
                0x0001a6a4        0x2 ./SDK/platform/pal/src/can/can_pal.o
 *fill*         0x0001a6a6        0x2 
 .bss.s_flexcanState
                0x0001a6a8      0x114 ./SDK/platform/pal/src/can/can_pal.o
 .bss.s_flexcanStateInstanceMapping
                0x0001a7bc        0x4 ./SDK/platform/pal/src/can/can_pal.o
 .bss.s_flexcanStateIsAllocated
                0x0001a7c0        0x1 ./SDK/platform/pal/src/can/can_pal.o
 *fill*         0x0001a7c1        0x3 
 .bss.s_hwObjConfigs
                0x0001a7c4       0x80 ./SDK/platform/pal/src/can/can_pal.o
 .bss.can_pal1_instance
                0x0001a844        0x8 ./board/peripherals_can_pal1.o
                0x0001a844                can_pal1_instance
 .bss.ledRequested
                0x0001a84c        0x1 ./src/main.o
                0x0001a84c                ledRequested
 *(COMMON)
                0x0001a850                . = ALIGN ((. != 0x0)?0x4:0x1)
 *fill*         0x0001a84d        0x3 
                0x0001a850                _bss_end__ = .
                0x0001a850                __bss_end__ = .
                0x0001a850                . = ALIGN (0x4)
                0x0001a850                . = SEGMENT_START ("ldata-segment", .)
                0x0001a850                . = ALIGN (0x4)
                0x0001a850                __end__ = .
                0x0001a850                _end = .
                [!provide]                PROVIDE (end = .)

.stack          0x00080000        0x0
                0x00080000                _stack = .
 *(.stack)

.stab
 *(.stab)

.stabstr
 *(.stabstr)

.stab.excl
 *(.stab.excl)

.stab.exclstr
 *(.stab.exclstr)

.stab.index
 *(.stab.index)

.stab.indexstr
 *(.stab.indexstr)

.comment        0x00000000       0x7e
 *(.comment)
 .comment       0x00000000       0x7e c:/nxp/s32ds.3.5/s32ds/build_tools/gcc_b1620/gcc-6.3-arm32-eabi/bin/../lib/gcc/arm-none-eabi/6.3.1/thumb/v7e-m/fpv4-sp/hard/crtbegin.o
                                 0x7f (size before relaxing)
 .comment       0x0000007e       0x7f ./SDK/platform/drivers/src/clock/S32K1xx/clock_S32K1xx.o
 .comment       0x0000007e       0x7f ./SDK/platform/drivers/src/flexcan/flexcan_driver.o
 .comment       0x0000007e       0x7f ./SDK/platform/drivers/src/flexcan/flexcan_hw_access.o
 .comment       0x0000007e       0x7f ./SDK/platform/drivers/src/interrupt/interrupt_manager.o
 .comment       0x0000007e       0x7f ./SDK/platform/drivers/src/pins/pins_driver.o
 .comment       0x0000007e       0x7f ./SDK/platform/drivers/src/pins/pins_port_hw_access.o
 .comment       0x0000007e       0x7f ./SDK/platform/pal/src/can/can_pal.o
 .comment       0x0000007e       0x7f ./SDK/rtos/osif/osif_baremetal.o
 .comment       0x0000007e       0x7f ./board/clock_config.o
 .comment       0x0000007e       0x7f ./board/peripherals_can_pal1.o
 .comment       0x0000007e       0x7f ./board/pin_mux.o
 .comment       0x0000007e       0x7f ./src/main.o
 .comment       0x0000007e       0x7f c:/nxp/s32ds.3.5/s32ds/build_tools/gcc_b1620/gcc-6.3-arm32-eabi/bin/../lib/gcc/arm-none-eabi/6.3.1/thumb/v7e-m/fpv4-sp/hard/crtend.o

.gnu.build.attributes
 *(.gnu.build.attributes .gnu.build.attributes.*)

.debug
 *(.debug)

.line
 *(.line)

.debug_srcinfo
 *(.debug_srcinfo)

.debug_sfnames
 *(.debug_sfnames)

.debug_aranges  0x00000000      0x6d8
 *(.debug_aranges)
 .debug_aranges
                0x00000000      0x128 ./SDK/platform/drivers/src/clock/S32K1xx/clock_S32K1xx.o
 .debug_aranges
                0x00000128      0x198 ./SDK/platform/drivers/src/flexcan/flexcan_driver.o
 .debug_aranges
                0x000002c0       0xf8 ./SDK/platform/drivers/src/flexcan/flexcan_hw_access.o
 .debug_aranges
                0x000003b8       0x70 ./SDK/platform/drivers/src/interrupt/interrupt_manager.o
 .debug_aranges
                0x00000428       0xe0 ./SDK/platform/drivers/src/pins/pins_driver.o
 .debug_aranges
                0x00000508       0x40 ./SDK/platform/drivers/src/pins/pins_port_hw_access.o
 .debug_aranges
                0x00000548       0xa8 ./SDK/platform/pal/src/can/can_pal.o
 .debug_aranges
                0x000005f0       0x70 ./SDK/rtos/osif/osif_baremetal.o
 .debug_aranges
                0x00000660       0x18 ./board/clock_config.o
 .debug_aranges
                0x00000678       0x18 ./board/peripherals_can_pal1.o
 .debug_aranges
                0x00000690       0x18 ./board/pin_mux.o
 .debug_aranges
                0x000006a8       0x30 ./src/main.o

.debug_pubnames
 *(.debug_pubnames)

.debug_info     0x00000000    0x167a1
 *(.debug_info .gnu.linkonce.wi.*)
 .debug_info    0x00000000     0x622a ./SDK/platform/drivers/src/clock/S32K1xx/clock_S32K1xx.o
 .debug_info    0x0000622a     0x5b85 ./SDK/platform/drivers/src/flexcan/flexcan_driver.o
 .debug_info    0x0000bdaf     0x202c ./SDK/platform/drivers/src/flexcan/flexcan_hw_access.o
 .debug_info    0x0000dddb      0xc9d ./SDK/platform/drivers/src/interrupt/interrupt_manager.o
 .debug_info    0x0000ea78     0x14bb ./SDK/platform/drivers/src/pins/pins_driver.o
 .debug_info    0x0000ff33      0x9a9 ./SDK/platform/drivers/src/pins/pins_port_hw_access.o
 .debug_info    0x000108dc     0x2096 ./SDK/platform/pal/src/can/can_pal.o
 .debug_info    0x00012972      0xbd2 ./SDK/rtos/osif/osif_baremetal.o
 .debug_info    0x00013544     0x12b9 ./board/clock_config.o
 .debug_info    0x000147fd      0x24a ./board/peripherals_can_pal1.o
 .debug_info    0x00014a47      0x409 ./board/pin_mux.o
 .debug_info    0x00014e50     0x1951 ./src/main.o

.debug_abbrev   0x00000000     0x1e14
 *(.debug_abbrev)
 .debug_abbrev  0x00000000      0x40b ./SDK/platform/drivers/src/clock/S32K1xx/clock_S32K1xx.o
 .debug_abbrev  0x0000040b      0x45d ./SDK/platform/drivers/src/flexcan/flexcan_driver.o
 .debug_abbrev  0x00000868      0x3a7 ./SDK/platform/drivers/src/flexcan/flexcan_hw_access.o
 .debug_abbrev  0x00000c0f      0x27a ./SDK/platform/drivers/src/interrupt/interrupt_manager.o
 .debug_abbrev  0x00000e89      0x2f8 ./SDK/platform/drivers/src/pins/pins_driver.o
 .debug_abbrev  0x00001181      0x234 ./SDK/platform/drivers/src/pins/pins_port_hw_access.o
 .debug_abbrev  0x000013b5      0x319 ./SDK/platform/pal/src/can/can_pal.o
 .debug_abbrev  0x000016ce      0x2e1 ./SDK/rtos/osif/osif_baremetal.o
 .debug_abbrev  0x000019af      0x125 ./board/clock_config.o
 .debug_abbrev  0x00001ad4       0x8f ./board/peripherals_can_pal1.o
 .debug_abbrev  0x00001b63       0xcd ./board/pin_mux.o
 .debug_abbrev  0x00001c30      0x1e4 ./src/main.o

.debug_line     0x00000000     0x5f05
 *(.debug_line .debug_line.* .debug_line_end)
 .debug_line    0x00000000     0x1442 ./SDK/platform/drivers/src/clock/S32K1xx/clock_S32K1xx.o
 .debug_line    0x00001442     0x1201 ./SDK/platform/drivers/src/flexcan/flexcan_driver.o
 .debug_line    0x00002643      0x9f3 ./SDK/platform/drivers/src/flexcan/flexcan_hw_access.o
 .debug_line    0x00003036      0x4b4 ./SDK/platform/drivers/src/interrupt/interrupt_manager.o
 .debug_line    0x000034ea      0x5fb ./SDK/platform/drivers/src/pins/pins_driver.o
 .debug_line    0x00003ae5      0x4ba ./SDK/platform/drivers/src/pins/pins_port_hw_access.o
 .debug_line    0x00003f9f      0xa3f ./SDK/platform/pal/src/can/can_pal.o
 .debug_line    0x000049de      0x52f ./SDK/rtos/osif/osif_baremetal.o
 .debug_line    0x00004f0d      0x362 ./board/clock_config.o
 .debug_line    0x0000526f      0x43c ./board/peripherals_can_pal1.o
 .debug_line    0x000056ab      0x326 ./board/pin_mux.o
 .debug_line    0x000059d1      0x534 ./src/main.o

.debug_frame    0x00000000     0x1384
 *(.debug_frame)
 .debug_frame   0x00000000      0x3a4 ./SDK/platform/drivers/src/clock/S32K1xx/clock_S32K1xx.o
 .debug_frame   0x000003a4      0x5a8 ./SDK/platform/drivers/src/flexcan/flexcan_driver.o
 .debug_frame   0x0000094c      0x29c ./SDK/platform/drivers/src/flexcan/flexcan_hw_access.o
 .debug_frame   0x00000be8       0xd8 ./SDK/platform/drivers/src/interrupt/interrupt_manager.o
 .debug_frame   0x00000cc0      0x1e4 ./SDK/platform/drivers/src/pins/pins_driver.o
 .debug_frame   0x00000ea4       0xa0 ./SDK/platform/drivers/src/pins/pins_port_hw_access.o
 .debug_frame   0x00000f44      0x260 ./SDK/platform/pal/src/can/can_pal.o
 .debug_frame   0x000011a4       0xf4 ./SDK/rtos/osif/osif_baremetal.o
 .debug_frame   0x00001298       0x58 ./src/main.o
 .debug_frame   0x000012f0       0x28 C:/NXP/S32DS.3.5/S32DS/build_tools/gcc_b1620/gcc-6.3-arm32-eabi/arm-none-eabi/newlib/lib/thumb/v7e-m/fpv4-sp/hard\libc_nano.a(lib_a-exit.o)
 .debug_frame   0x00001318       0x2c C:/NXP/S32DS.3.5/S32DS/build_tools/gcc_b1620/gcc-6.3-arm32-eabi/arm-none-eabi/newlib/lib/thumb/v7e-m/fpv4-sp/hard\libc_nano.a(lib_a-init.o)
 .debug_frame   0x00001344       0x20 C:/NXP/S32DS.3.5/S32DS/build_tools/gcc_b1620/gcc-6.3-arm32-eabi/arm-none-eabi/newlib/lib/thumb/v7e-m/fpv4-sp/hard\libc_nano.a(lib_a-memset.o)
 .debug_frame   0x00001364       0x20 C:/NXP/S32DS.3.5/S32DS/build_tools/gcc_b1620/gcc-6.3-arm32-eabi/arm-none-eabi/newlib/lib/thumb/v7e-m/fpv4-sp/hard\libnosys.a(_exit.o)

.debug_str      0x00000000    0x71662
 *(.debug_str)
 .debug_str     0x00000000    0x6c77c ./SDK/platform/drivers/src/clock/S32K1xx/clock_S32K1xx.o
                              0x6cc73 (size before relaxing)
 .debug_str     0x0006c77c     0x308f ./SDK/platform/drivers/src/flexcan/flexcan_driver.o
                              0x6ca18 (size before relaxing)
 .debug_str     0x0006f80b      0x510 ./SDK/platform/drivers/src/flexcan/flexcan_hw_access.o
                              0x6aea5 (size before relaxing)
 .debug_str     0x0006fd1b      0x457 ./SDK/platform/drivers/src/interrupt/interrupt_manager.o
                              0x692e8 (size before relaxing)
 .debug_str     0x00070172      0x99e ./SDK/platform/drivers/src/pins/pins_driver.o
                              0x69cbb (size before relaxing)
 .debug_str     0x00070b10      0x19d ./SDK/platform/drivers/src/pins/pins_port_hw_access.o
                              0x691a3 (size before relaxing)
 .debug_str     0x00070cad      0x452 ./SDK/platform/pal/src/can/can_pal.o
                              0x6a442 (size before relaxing)
 .debug_str     0x000710ff      0x1bd ./SDK/rtos/osif/osif_baremetal.o
                              0x69b2a (size before relaxing)
 .debug_str     0x000712bc       0xda ./board/clock_config.o
                              0x6aa89 (size before relaxing)
 .debug_str     0x00071396       0x4f ./board/peripherals_can_pal1.o
                              0x68d92 (size before relaxing)
 .debug_str     0x000713e5      0x14b ./board/pin_mux.o
                              0x68f4e (size before relaxing)
 .debug_str     0x00071530      0x132 ./src/main.o
                              0x6b344 (size before relaxing)

.debug_loc      0x00000000     0xd2fd
 *(.debug_loc)
 .debug_loc     0x00000000     0x4dac ./SDK/platform/drivers/src/clock/S32K1xx/clock_S32K1xx.o
 .debug_loc     0x00004dac     0x3aac ./SDK/platform/drivers/src/flexcan/flexcan_driver.o
 .debug_loc     0x00008858     0x1d02 ./SDK/platform/drivers/src/flexcan/flexcan_hw_access.o
 .debug_loc     0x0000a55a      0x678 ./SDK/platform/drivers/src/interrupt/interrupt_manager.o
 .debug_loc     0x0000abd2      0x7c7 ./SDK/platform/drivers/src/pins/pins_driver.o
 .debug_loc     0x0000b399      0x639 ./SDK/platform/drivers/src/pins/pins_port_hw_access.o
 .debug_loc     0x0000b9d2     0x15d8 ./SDK/platform/pal/src/can/can_pal.o
 .debug_loc     0x0000cfaa      0x353 ./SDK/rtos/osif/osif_baremetal.o

.debug_macinfo
 *(.debug_macinfo)

.debug_weaknames
 *(.debug_weaknames)

.debug_funcnames
 *(.debug_funcnames)

.debug_typenames
 *(.debug_typenames)

.debug_varnames
 *(.debug_varnames)

.debug_pubtypes
 *(.debug_pubtypes)

.debug_ranges   0x00000000      0xb58
 *(.debug_ranges)
 .debug_ranges  0x00000000      0x3c8 ./SDK/platform/drivers/src/clock/S32K1xx/clock_S32K1xx.o
 .debug_ranges  0x000003c8      0x300 ./SDK/platform/drivers/src/flexcan/flexcan_driver.o
 .debug_ranges  0x000006c8      0x148 ./SDK/platform/drivers/src/flexcan/flexcan_hw_access.o
 .debug_ranges  0x00000810       0x98 ./SDK/platform/drivers/src/interrupt/interrupt_manager.o
 .debug_ranges  0x000008a8       0xd0 ./SDK/platform/drivers/src/pins/pins_driver.o
 .debug_ranges  0x00000978       0x48 ./SDK/platform/drivers/src/pins/pins_port_hw_access.o
 .debug_ranges  0x000009c0       0xe0 ./SDK/platform/pal/src/can/can_pal.o
 .debug_ranges  0x00000aa0       0x98 ./SDK/rtos/osif/osif_baremetal.o
 .debug_ranges  0x00000b38       0x20 ./src/main.o

.debug_macro    0x00000000     0x147a
 *(.debug_macro)
 .debug_macro   0x00000000      0x2b0 ./SDK/platform/drivers/src/clock/S32K1xx/clock_S32K1xx.o
 .debug_macro   0x000002b0      0x16d ./SDK/platform/drivers/src/clock/S32K1xx/clock_S32K1xx.o
 .debug_macro   0x0000041d       0x16 ./SDK/platform/drivers/src/clock/S32K1xx/clock_S32K1xx.o
 .debug_macro   0x00000433       0x8a ./SDK/platform/drivers/src/clock/S32K1xx/clock_S32K1xx.o
 .debug_macro   0x000004bd      0x19a ./SDK/platform/drivers/src/flexcan/flexcan_driver.o
 .debug_macro   0x00000657       0x4c ./SDK/platform/drivers/src/flexcan/flexcan_driver.o
 .debug_macro   0x000006a3       0x18 ./SDK/platform/drivers/src/flexcan/flexcan_driver.o
 .debug_macro   0x000006bb       0x5c ./SDK/platform/drivers/src/flexcan/flexcan_driver.o
 .debug_macro   0x00000717       0x35 ./SDK/platform/drivers/src/flexcan/flexcan_driver.o
 .debug_macro   0x0000074c       0x34 ./SDK/platform/drivers/src/flexcan/flexcan_driver.o
 .debug_macro   0x00000780       0x16 ./SDK/platform/drivers/src/flexcan/flexcan_driver.o
 .debug_macro   0x00000796       0x57 ./SDK/platform/drivers/src/flexcan/flexcan_driver.o
 .debug_macro   0x000007ed       0x10 ./SDK/platform/drivers/src/flexcan/flexcan_driver.o
 .debug_macro   0x000007fd      0x184 ./SDK/platform/drivers/src/flexcan/flexcan_driver.o
 .debug_macro   0x00000981      0x170 ./SDK/platform/drivers/src/flexcan/flexcan_hw_access.o
 .debug_macro   0x00000af1       0xca ./SDK/platform/drivers/src/interrupt/interrupt_manager.o
 .debug_macro   0x00000bbb       0xde ./SDK/platform/drivers/src/pins/pins_driver.o
 .debug_macro   0x00000c99       0xde ./SDK/platform/drivers/src/pins/pins_port_hw_access.o
 .debug_macro   0x00000d77      0x100 ./SDK/platform/pal/src/can/can_pal.o
 .debug_macro   0x00000e77       0x16 ./SDK/platform/pal/src/can/can_pal.o
 .debug_macro   0x00000e8d       0xfb ./SDK/rtos/osif/osif_baremetal.o
 .debug_macro   0x00000f88       0xd9 ./board/clock_config.o
 .debug_macro   0x00001061       0x16 ./board/clock_config.o
 .debug_macro   0x00001077      0x10a ./board/peripherals_can_pal1.o
 .debug_macro   0x00001181       0xd9 ./board/pin_mux.o
 .debug_macro   0x0000125a       0x6a ./board/pin_mux.o
 .debug_macro   0x000012c4      0x1b6 ./src/main.o

.debug_addr
 *(.debug_addr)

.ARM.attributes
                0x00000000       0x30
 *(.ARM.attributes)
 .ARM.attributes
                0x00000000       0x22 c:/nxp/s32ds.3.5/s32ds/build_tools/gcc_b1620/gcc-6.3-arm32-eabi/bin/../lib/gcc/arm-none-eabi/6.3.1/thumb/v7e-m/fpv4-sp/hard/crti.o
 .ARM.attributes
                0x00000022       0x34 c:/nxp/s32ds.3.5/s32ds/build_tools/gcc_b1620/gcc-6.3-arm32-eabi/bin/../lib/gcc/arm-none-eabi/6.3.1/thumb/v7e-m/fpv4-sp/hard/crtbegin.o
 .ARM.attributes
                0x00000056       0x20 C:/NXP/S32DS.3.5/S32DS/build_tools/gcc_b1620/gcc-6.3-arm32-eabi/arm-none-eabi/newlib/lib/thumb/v7e-m/fpv4-sp/hard/crt0.o
 .ARM.attributes
                0x00000076       0x39 ./SDK/platform/devices/S32K144/startup/system_S32K144.o
 .ARM.attributes
                0x000000af       0x39 ./SDK/platform/devices/startup.o
 .ARM.attributes
                0x000000e8       0x39 ./SDK/platform/drivers/src/clock/S32K1xx/clock_S32K1xx.o
 .ARM.attributes
                0x00000121       0x39 ./SDK/platform/drivers/src/edma/edma_driver.o
 .ARM.attributes
                0x0000015a       0x39 ./SDK/platform/drivers/src/edma/edma_hw_access.o
 .ARM.attributes
                0x00000193       0x39 ./SDK/platform/drivers/src/edma/edma_irq.o
 .ARM.attributes
                0x000001cc       0x39 ./SDK/platform/drivers/src/flexcan/flexcan_driver.o
 .ARM.attributes
                0x00000205       0x39 ./SDK/platform/drivers/src/flexcan/flexcan_hw_access.o
 .ARM.attributes
                0x0000023e       0x39 ./SDK/platform/drivers/src/flexcan/flexcan_irq.o
 .ARM.attributes
                0x00000277       0x39 ./SDK/platform/drivers/src/interrupt/interrupt_manager.o
 .ARM.attributes
                0x000002b0       0x39 ./SDK/platform/drivers/src/pins/pins_driver.o
 .ARM.attributes
                0x000002e9       0x39 ./SDK/platform/drivers/src/pins/pins_port_hw_access.o
 .ARM.attributes
                0x00000322       0x39 ./SDK/platform/pal/src/can/can_pal.o
 .ARM.attributes
                0x0000035b       0x39 ./SDK/rtos/osif/osif_baremetal.o
 .ARM.attributes
                0x00000394       0x39 ./board/clock_config.o
 .ARM.attributes
                0x000003cd       0x39 ./board/peripherals_can_pal1.o
 .ARM.attributes
                0x00000406       0x39 ./board/peripherals_osif1.o
 .ARM.attributes
                0x0000043f       0x39 ./board/pin_mux.o
 .ARM.attributes
                0x00000478       0x39 ./src/Send_Can.o
 .ARM.attributes
                0x000004b1       0x39 ./src/main.o
 .ARM.attributes
                0x000004ea       0x39 ./src/test.o
 .ARM.attributes
                0x00000523       0x34 C:/NXP/S32DS.3.5/S32DS/build_tools/gcc_b1620/gcc-6.3-arm32-eabi/arm-none-eabi/newlib/lib/thumb/v7e-m/fpv4-sp/hard\libc_nano.a(lib_a-exit.o)
 .ARM.attributes
                0x00000557       0x34 C:/NXP/S32DS.3.5/S32DS/build_tools/gcc_b1620/gcc-6.3-arm32-eabi/arm-none-eabi/newlib/lib/thumb/v7e-m/fpv4-sp/hard\libc_nano.a(lib_a-impure.o)
 .ARM.attributes
                0x0000058b       0x34 C:/NXP/S32DS.3.5/S32DS/build_tools/gcc_b1620/gcc-6.3-arm32-eabi/arm-none-eabi/newlib/lib/thumb/v7e-m/fpv4-sp/hard\libc_nano.a(lib_a-init.o)
 .ARM.attributes
                0x000005bf       0x34 C:/NXP/S32DS.3.5/S32DS/build_tools/gcc_b1620/gcc-6.3-arm32-eabi/arm-none-eabi/newlib/lib/thumb/v7e-m/fpv4-sp/hard\libc_nano.a(lib_a-memset.o)
 .ARM.attributes
                0x000005f3       0x34 C:/NXP/S32DS.3.5/S32DS/build_tools/gcc_b1620/gcc-6.3-arm32-eabi/arm-none-eabi/newlib/lib/thumb/v7e-m/fpv4-sp/hard\libnosys.a(_exit.o)
 .ARM.attributes
                0x00000627       0x34 c:/nxp/s32ds.3.5/s32ds/build_tools/gcc_b1620/gcc-6.3-arm32-eabi/bin/../lib/gcc/arm-none-eabi/6.3.1/thumb/v7e-m/fpv4-sp/hard/crtend.o
 .ARM.attributes
                0x0000065b       0x22 c:/nxp/s32ds.3.5/s32ds/build_tools/gcc_b1620/gcc-6.3-arm32-eabi/bin/../lib/gcc/arm-none-eabi/6.3.1/thumb/v7e-m/fpv4-sp/hard/crtn.o
 *(.gnu.attributes)

.note.gnu.arm.ident
 *(.note.gnu.arm.ident)

/DISCARD/
 *(.note.GNU-stack)
 *(.gnu_debuglink)
 *(.gnu.lto_*)
OUTPUT(can_pal_s32k144.elf elf32-littlearm)
